D/ConnectivityService( 1873): notifyType IP_CHANGED for NetworkAgentInfo [MOBILE (HSPA+) - 170]
D/ConnectivityService( 1873): rematching NetworkAgentInfo [MOBILE (HSPA+) - 170]
 | 
2015-10-09 18:37:54:068 | Backend.Receiver | Trace | D/ConnectivityService( 1873): Network NetworkAgentInfo [MOBILE (HSPA+) - 170] was already satisfying request 1. No change.
D/ConnectivityService( 1873): notifyType AVAILABLE for NetworkAgentInfo [MOBILE (HSPA+) - 170]
D/ConnectivityService( 1873): notifyType CAP_CHANGED for NetworkAgentInfo [MOBILE (HSPA+) - 170]
D/ConnectivityService( 1873): Setting tx/rx TCP buffers to 58254,349525,1048576,58254,349525,1048576
D/ConnectivityService( 1873): notifyType IP_CHANGED for NetworkAgentInfo [MOBILE (UMTS) - 170]
D/ConnectivityService( 1873): notifyType IP_CHANGED for NetworkAgentInfo [MOBILE (UMTS) - 170]
D/ConnectivityService( 1873): rematching NetworkAgentInfo [MOBILE (UMTS) - 170]
D/ConnectivityService( 1873): Network NetworkAgentInfo [MOBILE (UMTS) - 170] was already satisfying request 1. No change.
D/ConnectivityService( 1873): notifyType AVAILABLE for NetworkAgentInfo [MOBILE (UMTS) - 170]
 | 
2015-10-09 18:37:54:068 | Backend.Receiver | Trace | D/ConnectivityService( 1873): notifyType CAP_CHANGED for NetworkAgentInfo [MOBILE (UMTS) - 170]
D/ConnectivityService( 1873): Setting tx/rx TCP buffers to 122334,734003,2202010,32040,192239,576717
D/ConnectivityService( 1873): notifyType IP_CHANGED for NetworkAgentInfo [MOBILE (HSPA+) - 170]
D/ConnectivityService( 1873): notifyType IP_CHANGED for NetworkAgentInfo [MOBILE (HSPA+) - 170]
D/ConnectivityService( 1873): rematching NetworkAgentInfo [MOBILE (HSPA+) - 170]
D/ConnectivityService( 1873): Network NetworkAgentInfo [MOBILE (HSPA+) - 170] was already satisfying request 1. No change.
D/ConnectivityService( 1873): notifyType AVAILABLE for NetworkAgentInfo [MOBILE (HSPA+) - 170]
D/ConnectivityService( 1873): notifyType CAP_CHANGED for NetworkAgentInfo [MOBILE (HSPA+) - 170]
D/ConnectivityService( 1873): Setting tx/rx TCP buffers to 58254,349525,1048576,58254,349525,1048576
 | 
2015-10-09 18:37:54:068 | Backend.Receiver | Trace | D/ConnectivityService( 1873): notifyType IP_CHANGED for NetworkAgentInfo [MOBILE (UMTS) - 170]
D/ConnectivityService( 1873): notifyType IP_CHANGED for NetworkAgentInfo [MOBILE (UMTS) - 170]
D/ConnectivityService( 1873): rematching NetworkAgentInfo [MOBILE (UMTS) - 170]
D/ConnectivityService( 1873): Network NetworkAgentInfo [MOBILE (UMTS) - 170] was already satisfying request 1. No change.
D/ConnectivityService( 1873): notifyType AVAILABLE for NetworkAgentInfo [MOBILE (UMTS) - 170]
D/ConnectivityService( 1873): notifyType CAP_CHANGED for NetworkAgentInfo [MOBILE (UMTS) - 170]
D/ConnectivityService( 1873): Setting tx/rx TCP buffers to 122334,734003,2202010,32040,192239,576717
D/ConnectivityService( 1873): notifyType IP_CHANGED for NetworkAgentInfo [MOBILE (HSPA+) - 170]
 | 
2015-10-09 18:37:54:068 | Backend.Receiver | Trace | D/ConnectivityService( 1873): notifyType IP_CHANGED for NetworkAgentInfo [MOBILE (HSPA+) - 170]
D/ConnectivityService( 1873): rematching NetworkAgentInfo [MOBILE (HSPA+) - 170]
D/ConnectivityService( 1873): Network NetworkAgentInfo [MOBILE (HSPA+) - 170] was already satisfying request 1. No change.
D/ConnectivityService( 1873): notifyType AVAILABLE for NetworkAgentInfo [MOBILE (HSPA+) - 170]
D/ConnectivityService( 1873): notifyType CAP_CHANGED for NetworkAgentInfo [MOBILE (HSPA+) - 170]
D/ConnectivityService( 1873): Setting tx/rx TCP buffers to 58254,349525,1048576,58254,349525,1048576
D/ConnectivityService( 1873): notifyType IP_CHANGED for NetworkAgentInfo [MOBILE (UMTS) - 170]
D/ConnectivityService( 1873): notifyType IP_CHANGED for NetworkAgentInfo [MOBILE (UMTS) - 170]
D/ConnectivityService( 1873): rematching NetworkAgentInfo [MOBILE (UMTS) - 170]
D/ConnectivityService( 1873): Network NetworkAgentInfo [MOBILE (UMTS) - 170] was already satisfying request 1. No change.
D/ConnectivityService( 1873): | 
2015-10-09 18:37:54:068 | Backend.Receiver | Trace |  notifyType AVAILABLE for NetworkAgentInfo [MOBILE (UMTS) - 170]
 | 
2015-10-09 18:37:54:068 | Backend.Receiver | Trace | D/ConnectivityService( 1873): notifyType CAP_CHANGED for NetworkAgentInfo [MOBILE (UMTS) - 170]
D/ConnectivityService( 1873): Setting tx/rx TCP buffers to 122334,734003,2202010,32040,192239,576717
D/ConnectivityService( 1873): notifyType IP_CHANGED for NetworkAgentInfo [MOBILE (HSPA+) - 170]
D/ConnectivityService( 1873): notifyType IP_CHANGED for NetworkAgentInfo [MOBILE (HSPA+) - 170]
D/ConnectivityService( 1873): rematching NetworkAgentInfo [MOBILE (HSPA+) - 170]
D/ConnectivityService( 1873): Network NetworkAgentInfo [MOBILE (HSPA+) - 170] was already satisfying request 1. No change.
D/ConnectivityService( 1873): notifyType AVAILABLE for NetworkAgentInfo [MOBILE (HSPA+) - 170]
D/ConnectivityService( 1873): notifyType CAP_CHANGED for NetworkAgentInfo [MOBILE (HSPA+) - 170]
 | 
2015-10-09 18:37:54:068 | Backend.Receiver | Trace | D/ConnectivityService( 1873): Setting tx/rx TCP buffers to 58254,349525,1048576,58254,349525,1048576
D/ConnectivityService( 1873): notifyType IP_CHANGED for NetworkAgentInfo [MOBILE (UMTS) - 170]
D/ConnectivityService( 1873): notifyType IP_CHANGED for NetworkAgentInfo [MOBILE (UMTS) - 170]
W/ProcessCpuTracker( 1873): Skipping unknown process pid 5023
D/ConnectivityService( 1873): rematching NetworkAgentInfo [MOBILE (UMTS) - 170]
D/ConnectivityService( 1873): Network NetworkAgentInfo [MOBILE (UMTS) - 170] was already satisfying request 1. No change.
D/ConnectivityService( 1873): notifyType AVAILABLE for NetworkAgentInfo [MOBILE (UMTS) - 170]
D/ConnectivityService( 1873): notifyType CAP_CHANGED for NetworkAgentInfo [MOBILE (UMTS) - 170]
D/ConnectivityService( 1873): Setting tx/rx TCP buffers to 122334,734003,2202010,32040,192239,576717
 | 
2015-10-09 18:37:54:068 | Backend.Receiver | Trace | D/ConnectivityService( 1873): notifyType IP_CHANGED for NetworkAgentInfo [MOBILE (HSPA+) - 170]
D/ConnectivityService( 1873): notifyType IP_CHANGED for NetworkAgentInfo [MOBILE (HSPA+) - 170]
D/ConnectivityService( 1873): rematching NetworkAgentInfo [MOBILE (HSPA+) - 170]
D/ConnectivityService( 1873): Network NetworkAgentInfo [MOBILE (HSPA+) - 170] was already satisfying request 1. No change.
D/ConnectivityService( 1873): notifyType AVAILABLE for NetworkAgentInfo [MOBILE (HSPA+) - 170]
D/ConnectivityService( 1873): notifyType CAP_CHANGED for NetworkAgentInfo [MOBILE (HSPA+) - 170]
D/ConnectivityService( 1873): Setting tx/rx TCP buffers to 58254,349525,1048576,58254,349525,1048576
D/ConnectivityService( 1873): notifyType IP_CHANGED for NetworkAgentInfo [MOBILE (UMTS) - 170]
 | 
2015-10-09 18:37:54:083 | Backend.Receiver | Trace | D/ConnectivityService( 1873): notifyType IP_CHANGED for NetworkAgentInfo [MOBILE (UMTS) - 170]
D/ConnectivityService( 1873): rematching NetworkAgentInfo [MOBILE (UMTS) - 170]
D/ConnectivityService( 1873): Network NetworkAgentInfo [MOBILE (UMTS) - 170] was already satisfying request 1. No change.
D/ConnectivityService( 1873): notifyType AVAILABLE for NetworkAgentInfo [MOBILE (UMTS) - 170]
D/ConnectivityService( 1873): notifyType CAP_CHANGED for NetworkAgentInfo [MOBILE (UMTS) - 170]
D/ConnectivityService( 1873): Setting tx/rx TCP buffers to 122334,734003,2202010,32040,192239,576717
D/ConnectivityService( 1873): notifyType IP_CHANGED for NetworkAgentInfo [MOBILE (HSPA+) - 170]
D/ConnectivityService( 1873): notifyType IP_CHANGED for NetworkAgentInfo [MOBILE (HSPA+) - 170]
D/ConnectivityService( 1873): rematching NetworkAgentInfo [MOBILE (HSPA+) - 170]
D/ConnectivityService( 1873): Network NetworkAgentInfo [MOBILE (HSPA+) - 170] was already satisfying request 1. No change.
D/ConnectivityService( 1873):  | 
2015-10-09 18:37:54:083 | Backend.Receiver | Trace | notifyType AVAILABLE for NetworkAgentInfo [MOBILE (HSPA+) - 170]
D/ConnectivityService( 1873): notifyType CAP_CHANGED for NetworkAgentInfo [MOBILE (HSPA+) - 170]
D/ConnectivityService( 1873): Setting tx/rx TCP buffers to 58254,349525,1048576,58254,349525,1048576
D/ConnectivityService( 1873): notifyType IP_CHANGED for NetworkAgentInfo [MOBILE (UMTS) - 170]
D/ConnectivityService( 1873): notifyType IP_CHANGED for NetworkAgentInfo [MOBILE (UMTS) - 170]
D/ConnectivityService( 1873): rematching NetworkAgentInfo [MOBILE (UMTS) - 170]
D/ConnectivityService( 1873): Network NetworkAgentInfo [MOBILE (UMTS) - 170] was already satisfying request 1. No change.
D/ConnectivityService( 1873): notifyType AVAILABLE for NetworkAgentInfo [MOBILE (UMTS) - 170]
D/ConnectivityService( 1873): notifyType CAP_CHANGED for NetworkAgentInfo [MOBILE (UMTS) - 170]
D/ConnectivityService( 1873): Setting tx/rx TCP buffers to 122334,734003,2202010,32040,192239,576717
D/ConnectivityService( 1873): notifyType IP_CHANGED for NetworkAgent | 
2015-10-09 18:37:54:083 | Backend.Receiver | Trace | Info [MOBILE (HSPA+) - 170]
D/ConnectivityService( 1873): notifyType IP_CHANGED for NetworkAgentInfo [MOBILE (HSPA+) - 170]
 | 
2015-10-09 18:37:54:083 | Backend.Receiver | Trace | D/ConnectivityService( 1873): rematching NetworkAgentInfo [MOBILE (HSPA+) - 170]
D/ConnectivityService( 1873): Network NetworkAgentInfo [MOBILE (HSPA+) - 170] was already satisfying request 1. No change.
D/ConnectivityService( 1873): notifyType AVAILABLE for NetworkAgentInfo [MOBILE (HSPA+) - 170]
D/ConnectivityService( 1873): notifyType CAP_CHANGED for NetworkAgentInfo [MOBILE (HSPA+) - 170]
D/ConnectivityService( 1873): Setting tx/rx TCP buffers to 58254,349525,1048576,58254,349525,1048576
D/ConnectivityService( 1873): notifyType IP_CHANGED for NetworkAgentInfo [MOBILE (UMTS) - 170]
D/ConnectivityService( 1873): notifyType IP_CHANGED for NetworkAgentInfo [MOBILE (UMTS) - 170]
D/ConnectivityService( 1873): rematching NetworkAgentInfo [MOBILE (UMTS) - 170]
D/ConnectivityService( 1873): Network NetworkAgentInfo [MOBILE (UMTS) - 170] was already satisfying request 1. No change.
 | 
2015-10-09 18:37:54:083 | Backend.Receiver | Trace | D/ConnectivityService( 1873): notifyType AVAILABLE for NetworkAgentInfo [MOBILE (UMTS) - 170]
D/ConnectivityService( 1873): notifyType CAP_CHANGED for NetworkAgentInfo [MOBILE (UMTS) - 170]
D/ConnectivityService( 1873): Setting tx/rx TCP buffers to 122334,734003,2202010,32040,192239,576717
D/ConnectivityService( 1873): notifyType IP_CHANGED for NetworkAgentInfo [MOBILE (HSPA+) - 170]
D/ConnectivityService( 1873): notifyType IP_CHANGED for NetworkAgentInfo [MOBILE (HSPA+) - 170]
D/ConnectivityService( 1873): rematching NetworkAgentInfo [MOBILE (HSPA+) - 170]
D/ConnectivityService( 1873): Network NetworkAgentInfo [MOBILE (HSPA+) - 170] was already satisfying request 1. No change. | 
2015-10-09 18:37:54:083 | Backend.Receiver | Trace | 
D/ConnectivityService( 1873): notifyType AVAILABLE for NetworkAgentInfo [MOBILE (HSPA+) - 170]
D/ConnectivityService( 1873): notifyType CAP_CHANGED for NetworkAgentInfo [MOBILE (HSPA+) - 170]
 | 
2015-10-09 18:37:54:083 | Backend.Receiver | Trace | D/ConnectivityService( 1873): Setting tx/rx TCP buffers to 58254,349525,1048576,58254,349525,1048576
D/ConnectivityService( 1873): notifyType IP_CHANGED for NetworkAgentInfo [MOBILE (UMTS) - 170]
D/ConnectivityService( 1873): notifyType IP_CHANGED for NetworkAgentInfo [MOBILE (UMTS) - 170]
I/ProcessStatsService( 1873): Prepared write state in 34ms
D/ConnectivityService( 1873): rematching NetworkAgentInfo [MOBILE (UMTS) - 170]
D/ConnectivityService( 1873): Network NetworkAgentInfo [MOBILE (UMTS) - 170] was already satisfying request 1. No change.
D/ConnectivityService( 1873): notifyType AVAILABLE for NetworkAgentInfo [MOBILE (UMTS) - 170]
D/ConnectivityService( 1873): notifyType CAP_CHANGED for NetworkAgentInfo [MOBILE (UMTS) - 170]
D/ConnectivityService( 1873): Setting tx/rx TCP buffers to 122334,734003,2202010,32040,192239,576717
D/ConnectivityService( 1873): notifyType IP_CHANGED for NetworkAgentInfo [MOBILE (HSPA+) - 170]
 | 
2015-10-09 18:37:54:083 | Backend.Receiver | Trace | D/ConnectivityService( 1873): notifyType IP_CHANGED for NetworkAgentInfo [MOBILE (HSPA+) - 170]
D/VoldCmdListener(  190): cryptfs getpwtype
D/VoldCmdListener(  190): cryptfs getpwtype
D/ConnectivityService( 1873): rematching NetworkAgentInfo [MOBILE (HSPA+) - 170]
D/ConnectivityService( 1873): Network NetworkAgentInfo [MOBILE (HSPA+) - 170] was already satisfying request 1. No change.
D/ConnectivityService( 1873): notifyType AVAILABLE for NetworkAgentInfo [MOBILE (HSPA+) - 170]
D/ConnectivityService( 1873): notifyType CAP_CHANGED for NetworkAgentInfo [MOBILE (HSPA+) - 170]
D/ConnectivityService( 1873): Setting tx/rx TCP buffers to 58254,349525,1048576,58254,349525,1048576
D/ConnectivityService( 1873): notifyType IP_CHANGED for NetworkAgentInfo [MOBILE (UMTS) - 170]
D/ConnectivityService( 1873): notifyType IP_CHANGED for NetworkAgentInfo [MOBILE (UMTS) - 170]
D/ConnectivityService( 1873): rematching NetworkAgentInfo [MOBILE (UMTS) - 170]
 | 
2015-10-09 18:37:54:083 | Backend.Receiver | Trace | D/ConnectivityService( 1873): Network NetworkAgentInfo [MOBILE (UMTS) - 170] was already satisfying request 1. No change.
D/ConnectivityService( 1873): notifyType AVAILABLE for NetworkAgentInfo [MOBILE (UMTS) - 170]
D/ConnectivityService( 1873): notifyType CAP_CHANGED for NetworkAgentInfo [MOBILE (UMTS) - 170]
D/ConnectivityService( 1873): Setting tx/rx TCP buffers to 122334,734003,2202010,32040,192239,576717
D/ConnectivityService( 1873): notifyType IP_CHANGED for NetworkAgentInfo [MOBILE (HSPA+) - 170]
D/ConnectivityService( 1873): notifyType IP_CHANGED for NetworkAgentInfo [MOBILE (HSPA+) - 170]
D/ConnectivityService( 1873): rematching NetworkAgentInfo [MOBILE (HSPA+) - 170]
D/ConnectivityService( 1873): Network NetworkAgentInfo [MOBILE (HSPA+) - 170] was already satisfying request 1. No change.
D/ConnectivityService( 1873): notifyType AVAILABLE for NetworkAgentInfo [MOBILE (HSPA+) - 170]
D/ConnectivityService( 1873): notifyType CAP_CHANGED for NetworkAgentInfo [MOBILE (HSPA+) - 170]
D/Connectivit | 
2015-10-09 18:37:54:083 | Backend.Converter.LogcatToLogConverter | Error | Could not read logcat data | System.ArgumentOutOfRangeException: Length cannot be less than zero.
Parameter name: length
   at System.String.Substring(Int32 startIndex, Int32 length)
   at Backend.Converter.LogcatToLogConverter.Convert(String text) in c:\Users\Daniel\Documents\GitHub\Loginator\Backend\Converter\LogcatToLogConverter.cs:line 70
2015-10-09 18:37:54:099 | Backend.Receiver | Trace | yService( 1873): Setting tx/rx TCP buffers to 58254,349525,1048576,58254,349525,1048576
 | 
2015-10-09 18:37:54:099 | Backend.Converter.LogcatToLogConverter | Error | Could not read logcat data | System.ArgumentOutOfRangeException: Length cannot be less than zero.
Parameter name: length
   at System.String.Substring(Int32 startIndex, Int32 length)
   at Backend.Converter.LogcatToLogConverter.Convert(String text) in c:\Users\Daniel\Documents\GitHub\Loginator\Backend\Converter\LogcatToLogConverter.cs:line 70
2015-10-09 18:37:54:099 | Backend.Receiver | Trace | D/ConnectivityService( 1873): notifyType IP_CHANGED for NetworkAgentInfo [MOBILE (UMTS) - 170]
D/ConnectivityService( 1873): notifyType IP_CHANGED for NetworkAgentInfo [MOBILE (UMTS) - 170]
I/PowerManagerService( 1873): Going to sleep due to power button (uid 1000)...
I/PowerManagerService( 1873): Sleeping (uid 1000)...
D/VoldCmdListener(  190): cryptfs getpwtype
D/VoldCmdListener(  190): cryptfs getpwtype
I/DisplayManagerService( 1873): Display device changed: DisplayDeviceInfo{"Integrierter Bildschirm": uniqueId="local:0", 1080 x 1920, 60.0 fps, supportedRefreshRates [60.0], density 480, 472.965 x 473.475 dpi, appVsyncOff 0, presDeadline 17666667, touch INTERNAL, rotation 0, type BUILT_IN, state OFF, FLAG_DEFAULT_DISPLAY, FLAG_ROTATES_WITH_CONTENT, FLAG_SECURE, FLAG_SUPPORTS_PROTECTED_BUFFERS}
V/ActivityManager( 1873): Display changed displayId=0
D/VoldCmdListener(  190): cryptfs getpwtype
D/VoldCmdListener(  190): cryptfs getpwtype
 | 
2015-10-09 18:37:54:099 | Backend.Receiver | Trace | W/ResourcesManager( 3687): Asset path '/system/framework/com.android.media.remotedisplay.jar' does not exist or contains no resources.
W/ResourcesManager( 3687): Asset path '/system/framework/com.android.location.provider.jar' does not exist or contains no resources.
D/VoldCmdListener(  190): cryptfs getpwtype
D/VoldCmdListener(  190): cryptfs getpwtype
D/VoldCmdListener(  190): cryptfs getpwtype
D/VoldCmdListener(  190): cryptfs getpwtype
D/VoldCmdListener(  190): cryptfs getpwtype
D/VoldCmdListener(  190): cryptfs getpwtype
D/VoldCmdListener(  190): cryptfs getpwtype
D/VoldCmdListener(  190): cryptfs getpwtype
D/VoldCmdListener(  190): cryptfs getpwtype
 | 
2015-10-09 18:37:54:099 | Backend.Receiver | Trace | D/VoldCmdListener(  190): cryptfs getpwtype
D/VoldCmdListener(  190): cryptfs getpwtype
D/VoldCmdListener(  190): cryptfs getpwtype
D/VoldCmdListener(  190): cryptfs getpwtype
D/WifiService( 1873): acquireWifiLockLocked: WifiLock{NlpWifiLock type=2 binder=android.os.BinderProxy@2be80781}
D/WifiService( 1873): releaseWifiLockLocked: WifiLock{NlpWifiLock type=2 binder=android.os.BinderProxy@2be80781}
I/PowerManagerService( 1873): Waking up from sleep (uid 1000)...
I/DisplayPowerController( 1873): Blocking screen on until initial contents have been drawn.
D/WifiService( 1873): acquireWifiLockLocked: WifiLock{NlpWifiLock type=2 binder=android.os.BinderProxy@2be80781}
D/VoldCmdListener(  190): cryptfs getpwtype
 | 
2015-10-09 18:37:54:099 | Backend.Receiver | Trace | D/VoldCmdListener(  190): cryptfs getpwtype
D/VoldCmdListener(  190): cryptfs getpwtype
D/VoldCmdListener(  190): cryptfs getpwtype
D/VoldCmdListener(  190): cryptfs getpwtype
D/VoldCmdListener(  190): cryptfs getpwtype
D/VoldCmdListener(  190): cryptfs getpwtype
I/DisplayPowerController( 1873): Unblocked screen on after 180 ms
I/DisplayManagerService( 1873): Display device changed: DisplayDeviceInfo{"Integrierter Bildschirm": uniqueId="local:0", 1080 x 1920, 60.0 fps, supportedRefreshRates [60.0], density 480, 472.965 x 473.475 dpi, appVsyncOff 0, presDeadline 17666667, touch INTERNAL, rotation 0, type BUILT_IN, state ON, FLAG_DEFAULT_DISPLAY, FLAG_ROTATES_WITH_CONTENT, FLAG_SECURE, FLAG_SUPPORTS_PROTECTED_BUFFERS}
V/ActivityManager( 1873): Display changed displayId=0
D/VoldCmdListener(  190): cryptfs getpwtype
 | 
2015-10-09 18:37:54:099 | Backend.Receiver | Trace | D/VoldCmdListener(  190): cryptfs getpwtype
D/VoldCmdListener(  190): cryptfs getpwtype
D/VoldCmdListener(  190): cryptfs getpwtype
D/ConnectivityService( 1873): rematching NetworkAgentInfo [MOBILE (UMTS) - 170]
D/ConnectivityService( 1873): Network NetworkAgentInfo [MOBILE (UMTS) - 170] was already satisfying request 1. No change.
D/ConnectivityService( 1873): notifyType AVAILABLE for NetworkAgentInfo [MOBILE (UMTS) - 170]
D/ConnectivityService( 1873): notifyType CAP_CHANGED for NetworkAgentInfo [MOBILE (UMTS) - 170]
D/ConnectivityService( 1873): Setting tx/rx TCP buffers to 122334,734003,2202010,32040,192239,576717
D/ConnectivityService( 1873): notifyType IP_CHANGED for NetworkAgentInfo [MOBILE (HSPA+) - 170]
D/ConnectivityService( 1873): notifyType IP_CHANGED for NetworkAgentInfo [MOBILE (HSPA+) - 170]
D/ConnectivityService( 1873): rematching NetworkAgentInfo [MOBILE (HSPA+) - 170]
 | 
2015-10-09 18:37:54:114 | Backend.Receiver | Trace | D/ConnectivityService( 1873): Network NetworkAgentInfo [MOBILE (HSPA+) - 170] was already satisfying request 1. No change.
D/ConnectivityService( 1873): notifyType AVAILABLE for NetworkAgentInfo [MOBILE (HSPA+) - 170]
D/ConnectivityService( 1873): notifyType CAP_CHANGED for NetworkAgentInfo [MOBILE (HSPA+) - 170]
D/ConnectivityService( 1873): Setting tx/rx TCP buffers to 58254,349525,1048576,58254,349525,1048576
D/ConnectivityService( 1873): notifyType IP_CHANGED for NetworkAgentInfo [MOBILE (UMTS) - 170]
D/ConnectivityService( 1873): notifyType IP_CHANGED for NetworkAgentInfo [MOBILE (UMTS) - 170]
D/WifiService( 1873): releaseWifiLockLocked: WifiLock{NlpWifiLock type=2 binder=android.os.BinderProxy@2be80781}
D/VoldCmdListener(  190): cryptfs getpwtype
D/VoldCmdListener(  190): cryptfs getpwtype
 | 
2015-10-09 18:37:54:114 | Backend.Receiver | Trace | D/VoldCmdListener(  190): cryptfs getpwtype
D/VoldCmdListener(  190): cryptfs getpwtype
D/VoldCmdListener(  190): cryptfs getpwtype
D/VoldCmdListener(  190): cryptfs getpwtype
D/VoldCmdListener(  190): cryptfs getpwtype
D/VoldCmdListener(  190): cryptfs getpwtype
D/VoldCmdListener(  190): cryptfs getpwtype
D/VoldCmdListener(  190): cryptfs getpwtype
D/VoldCmdListener(  190): cryptfs getpwtype
 | 
2015-10-09 18:37:54:114 | Backend.Receiver | Trace | W/InputMethodManagerService( 1873): Window already focused, ignoring focus gain of: com.android.internal.view.IInputMethodClient$Stub$Proxy@c310430 attribute=android.view.inputmethod.EditorInfo@d4598a9, token = android.os.BinderProxy@139b22e5
D/VoldCmdListener(  190): cryptfs getpwtype
D/VoldCmdListener(  190): cryptfs getpwtype
D/VoldCmdListener(  190): cryptfs getpwtype
D/VoldCmdListener(  190): cryptfs getpwtype
D/ConnectivityService( 1873): rematching NetworkAgentInfo [MOBILE (UMTS) - 170]
D/ConnectivityService( 1873): Network NetworkAgentInfo [MOBILE (UMTS) - 170] was already satisfying request 1. No change.
D/ConnectivityService( 1873): notifyType AVAILABLE for NetworkAgentInfo [MOBILE (UMTS) - 170]
 | 
2015-10-09 18:37:54:114 | Backend.Receiver | Trace | D/ConnectivityService( 1873): notifyType CAP_CHANGED for NetworkAgentInfo [MOBILE (UMTS) - 170]
D/ConnectivityService( 1873): Setting tx/rx TCP buffers to 122334,734003,2202010,32040,192239,576717
D/ConnectivityService( 1873): notifyType IP_CHANGED for NetworkAgentInfo [MOBILE (HSPA+) - 170]
D/ConnectivityService( 1873): notifyType IP_CHANGED for NetworkAgentInfo [MOBILE (HSPA+) - 170]
D/VoldCmdListener(  190): cryptfs getpwtype
D/VoldCmdListener(  190): cryptfs getpwtype
D/QMI_FW  ( 1873): QCCI: QMI_CCI_TX: cntl_flag - 00, txn_id - 0152, msg_id - 0039, msg_len - 0021
D/QMI_FW  ( 1873): QCCI: QMUXD: xport_send[2 -> 16]: 40 bytes on conn_id=9
D/QMI_FW  ( 1873): QCCI: QMUXD: xport_rx[2 <- 16]: 14 bytes on conn_id: 9
 | 
2015-10-09 18:37:54:114 | Backend.Receiver | Trace | D/QMI_FW  ( 1873): QCCI: QMI_CCI_RX: cntl_flag - 02, txn_id - 0152, msg_id - 0039, msg_len - 0007
D/QMI_FW  ( 1873): QCCI: QMUXD: xport_rx[2 <- 16]: 14 bytes on conn_id: 9
D/QMI_FW  ( 1873): QCCI: QMI_CCI_RX: cntl_flag - 04, txn_id - 0000, msg_id - 0039, msg_len - 0007
D/VoldCmdListener(  190): cryptfs getpwtype
D/VoldCmdListener(  190): cryptfs getpwtype
D/VoldCmdListener(  190): cryptfs getpwtype
D/ConnectivityService( 1873): rematching NetworkAgentInfo [MOBILE (HSPA+) - 170]
D/ConnectivityService( 1873): Network NetworkAgentInfo [MOBILE (HSPA+) - 170] was already satisfying request 1. No change.
D/ConnectivityService( 1873): notifyType AVAILABLE for NetworkAgentInfo [MOBILE (HSPA+) - 170]
 | 
2015-10-09 18:37:54:114 | Backend.Receiver | Trace | D/ConnectivityService( 1873): notifyType CAP_CHANGED for NetworkAgentInfo [MOBILE (HSPA+) - 170]
D/ConnectivityService( 1873): Setting tx/rx TCP buffers to 58254,349525,1048576,58254,349525,1048576
D/ConnectivityService( 1873): notifyType IP_CHANGED for NetworkAgentInfo [MOBILE (UMTS) - 170]
D/ConnectivityService( 1873): notifyType IP_CHANGED for NetworkAgentInfo [MOBILE (UMTS) - 170]
D/VoldCmdListener(  190): cryptfs getpwtype
D/VoldCmdListener(  190): cryptfs getpwtype
D/VoldCmdListener(  190): cryptfs getpwtype
I/ActivityManager( 1873): START u0 {act=android.intent.action.MAIN cat=[android.intent.category.HOME] flg=0x10200000 cmp=com.cyanogenmod.trebuchet/com.android.launcher3.Launcher} from uid 1000 on display 0
D/VoldCmdListener(  190): cryptfs getpwtype
D/VoldCmdListener(  190): cryptfs getpwtype
D/VoldCmdListener(  190): cryptfs getpwtype
D/VoldCmdListener(  190): cryptfs getpwtype
D/VoldCmdListener(  190): cryptfs getpwtype
 | 
2015-10-09 18:37:54:114 | Backend.Receiver | Trace | D/VoldCmdListener(  190): cryptfs getpwtype
D/VoldCmdListener(  190): cryptfs getpwtype
D/VoldCmdListener(  190): cryptfs getpwtype
D/VoldCmdListener(  190): cryptfs getpwtype
D/VoldCmdListener(  190): cryptfs getpwtype
D/VoldCmdListener(  190): cryptfs getpwtype
D/VoldCmdListener(  190): cryptfs getpwtype
D/VoldCmdListener(  190): cryptfs getpwtype
D/VoldCmdListener(  190): cryptfs getpwtype
 | 
2015-10-09 18:37:54:114 | Backend.Receiver | Trace | D/VoldCmdListener(  190): cryptfs getpwtype
D/VoldCmdListener(  190): cryptfs getpwtype
D/VoldCmdListener(  190): cryptfs getpwtype
D/VoldCmdListener(  190): cryptfs getpwtype
D/VoldCmdListener(  190): cryptfs getpwtype
D/VoldCmdListener(  190): cryptfs getpwtype
D/VoldCmdListener(  190): cryptfs getpwtype
D/VoldCmdListener(  190): cryptfs getpwtype
 | 
2015-10-09 18:37:54:114 | Backend.Receiver | Trace | D/VoldCmdListener(  190): cryptfs getpwtype
D/VoldCmdListener(  190): cryptfs getpwtype
D/VoldCmdListener(  190): cryptfs getpwtype
D/VoldCmdListener(  190): cryptfs getpwtype
D/VoldCmdListener(  190): cryptfs getpwtype
D/VoldCmdListener(  190): cryptfs getpwtype
D/VoldCmdListener(  190): cryptfs getpwtype
D/VoldCmdListener(  190): cryptfs getpwtype
D/VoldCmdListener(  190): cryptfs getpwtype
 | 
2015-10-09 18:37:54:114 | Backend.Receiver | Trace | D/VoldCmdListener(  190): cryptfs getpwtype
W/BackupManagerService( 1873): dataChanged but no participant pkg='com.android.providers.settings' uid=10016
D/ZenLog  ( 1873): set_zen_mode: off,setting
D/ZenLog  ( 1873): update_zen_mode: no_interruptions -> off
 | 
2015-10-09 18:37:54:114 | Backend.Receiver | Trace | D/ZenLog  ( 1873): set_ringer_mode_internal: ZenModeHelper,i:silent->normal,e:silent->normal
D/ZenLog  ( 1873): unsubscribe: condition://android/countdown/1444383990529,ok
D/ZenLog  ( 1873): exit_condition: null,null,zenOff
D/ZenLog  ( 1873): config: ZenModeConfig[allowCalls=false,allowMessages=false,allowFrom=anyone,allowEvents=true,sleepMode=null,sleepStart=22.0,sleepEnd=7.0,sleepNone=false,conditionComponents=null,conditionIds=null,exitCondition=null,exitConditionComponent=null]
D/NotificationService( 1873): handleSavePolicyFile
D/VoldCmdListener(  190): cryptfs getpwtype
D/VoldCmdListener(  190): cryptfs getpwtype
 | 
2015-10-09 18:37:54:114 | Backend.Receiver | Trace | D/VoldCmdListener(  190): cryptfs getpwtype
D/ConnectivityService( 1873): rematching NetworkAgentInfo [MOBILE (UMTS) - 170]
D/ConnectivityService( 1873): Network NetworkAgentInfo [MOBILE (UMTS) - 170] was already satisfying request 1. No change.
D/ConnectivityService( 1873): notifyType AVAILABLE for NetworkAgentInfo [MOBILE (UMTS) - 170]
D/ConnectivityService( 1873): notifyType CAP_CHANGED for NetworkAgentInfo [MOBILE (UMTS) - 170]
D/ConnectivityService( 1873): Setting tx/rx TCP buffers to 122334,734003,2202010,32040,192239,576717
 | 
2015-10-09 18:37:54:114 | Backend.Receiver | Trace | D/ConnectivityService( 1873): notifyType IP_CHANGED for NetworkAgentInfo [MOBILE (HSPA+) - 170]
D/ConnectivityService( 1873): notifyType IP_CHANGED for NetworkAgentInfo [MOBILE (HSPA+) - 170]
D/VoldCmdListener(  190): cryptfs getpwtype
D/VoldCmdListener(  190): cryptfs getpwtype
D/VoldCmdListener(  190): cryptfs getpwtype
I/ActivityManager( 1873): START u0 {act=android.intent.action.VIEW dat=content://com.android.calendar/time/1444341600000 flg=0x10000000 cmp=com.android.calendar/.AllInOneActivity bnds=[564,498][1044,645]} from uid 10034 on display 0
D/VoldCmdListener(  190): cryptfs getpwtype
V/WindowManager( 1873): addAppToken: AppWindowToken{6f62d42 token=Token{7d5178d ActivityRecord{b0d6024 u0 com.android.calendar/.AllInOneActivity t1041}}} to stack=1 task=1041 at 0
V/WindowManager( 1873): Adding window Window{1440229a u0 Starting com.android.calendar} at 6 of 10 (after Window{3fcdd1ba u0 com.android.browser/com.android.browser.BrowserActivity})
 | 
2015-10-09 18:37:54:114 | Backend.Receiver | Trace | D/VoldCmdListener(  190): cryptfs getpwtype
I/ActivityManager( 1873): Start proc 6811:com.android.calendar/u0a34 for activity com.android.calendar/.AllInOneActivity
D/VoldCmdListener(  190): cryptfs getpwtype
D/VoldCmdListener(  190): cryptfs getpwtype
D/VoldCmdListener(  190): cryptfs getpwtype
D/VoldCmdListener(  190): cryptfs getpwtype
D/VoldCmdListener(  190): cryptfs getpwtype
D/VoldCmdListener(  190): cryptfs getpwtype
 | 
2015-10-09 18:37:54:114 | Backend.Receiver | Trace | I/ActivityManager( 1873): Start proc 6844:com.android.providers.calendar/u0a4 for content provider com.android.providers.calendar/.CalendarProvider2
W/ResourcesManager( 6844): Asset path '/system/framework/android.test.runner.jar' does not exist or contains no resources.
V/WindowManager( 1873): Adding window Window{11cdefb5 u0 com.android.calendar/com.android.calendar.AllInOneActivity} at 6 of 11 (before Window{1440229a u0 Starting com.android.calendar})
D/VoldCmdListener(  190): cryptfs getpwtype
D/VoldCmdListener(  190): cryptfs getpwtype
D/VoldCmdListener(  190): cryptfs getpwtype
D/VoldCmdListener(  190): cryptfs getpwtype
 | 
2015-10-09 18:37:54:114 | Backend.Receiver | Trace | D/VoldCmdListener(  190): cryptfs getpwtype
D/VoldCmdListener(  190): cryptfs getpwtype
D/VoldCmdListener(  190): cryptfs getpwtype | 
2015-10-09 18:37:54:130 | Backend.Receiver | Trace | 
D/VoldCmdListener(  190): cryptfs getpwtype
 | 
2015-10-09 18:37:54:130 | Backend.Receiver | Trace | D/VoldCmdListener(  190): cryptfs getpwtype
D/VoldCmdListener(  190): cryptfs getpwtype
D/ConnectivityService( 1873): rematching NetworkAgentInfo [MOBILE (HSPA+) - 170]
D/ConnectivityService( 1873): Network NetworkAgentInfo [MOBILE (HSPA+) - 170] was already satisfying request 1. No change.
D/ConnectivityService( 1873): notifyType AVAILABLE for NetworkAgentInfo [MOBILE (HSPA+) - 170]
D/ConnectivityService( 1873): notifyType CAP_CHANGED for NetworkAgentInfo [MOBILE (HSPA+) - 170]
D/ConnectivityService( 1873): Setting tx/rx TCP buffers to 58254,349525,1048576,58254,349525,1048576
 | 
2015-10-09 18:37:54:130 | Backend.Receiver | Trace | D/ConnectivityService( 1873): notifyType IP_CHANGED for NetworkAgentInfo [MOBILE (UMTS) - 170]
D/ConnectivityService( 1873): notifyType IP_CHANGED for NetworkAgentInfo [MOBILE (UMTS) - 170]
D/VoldCmdListener(  190): cryptfs getpwtype
I/ActivityManager( 1873): START u0 {act=android.intent.action.VIEW cmp=com.android.calendar/.event.EditEventActivity (has extras)} from uid 10034 on display 0
D/VoldCmdListener(  190): cryptfs getpwtype
V/WindowManager( 1873): addAppToken: AppWindowToken{def18f token=Token{3e8238ee ActivityRecord{18189669 u0 com.android.calendar/.event.EditEventActivity t1041}}} to stack=1 task=1041 at 1
D/VoldCmdListener(  190): cryptfs getpwtype
V/WindowManager( 1873): Adding window Window{71b3025 u0 com.android.calendar/com.android.calendar.event.EditEventActivity} at 7 of 11 (after Window{11cdefb5 u0 com.android.calendar/com.android.calendar.AllInOneActivity})
D/VoldCmdListener(  190): cryptfs getpwtype
 | 
2015-10-09 18:37:54:130 | Backend.Receiver | Trace | D/VoldCmdListener(  190): cryptfs getpwtype
D/VoldCmdListener(  190): cryptfs getpwtype
D/VoldCmdListener(  190): cryptfs getpwtype
D/VoldCmdListener(  190): cryptfs getpwtype
D/VoldCmdListener(  190): cryptfs getpwtype
D/VoldCmdListener(  190): cryptfs getpwtype
D/VoldCmdListener(  190): cryptfs getpwtype
D/VoldCmdListener(  190): cryptfs getpwtype
D/VoldCmdListener(  190): cryptfs getpwtype
D/VoldCmdListener(  190): cryptfs getpwtype
 | 
2015-10-09 18:37:54:130 | Backend.Receiver | Trace | D/VoldCmdListener(  190): cryptfs getpwtype
I/ValidateNoPeople( 1873): skipping global notification
D/VoldCmdListener(  190): cryptfs getpwtype
D/VoldCmdListener(  190): cryptfs getpwtype
D/VoldCmdListener(  190): cryptfs getpwtype
D/VoldCmdListener(  190): cryptfs getpwtype
D/VoldCmdListener(  190): cryptfs getpwtype
D/VoldCmdListener(  190): cryptfs getpwtype
D/VoldCmdListener(  190): cryptfs getpwtype
 | 
2015-10-09 18:37:54:130 | Backend.Receiver | Trace | D/VoldCmdListener(  190): cryptfs getpwtype
D/VoldCmdListener(  190): cryptfs getpwtype
D/VoldCmdListener(  190): cryptfs getpwtype
I/ActivityManager( 1873): START u0 {act=android.intent.action.VIEW dat=content://com.android.calendar/events/-1 flg=0x4000000 cmp=com.android.calendar/.AllInOneActivity (has extras)} from uid 10034 on display 0
D/VoldCmdListener(  190): cryptfs getpwtype
W/ActivityManager( 1873): Duplicate finish request for ActivityRecord{18189669 u0 com.android.calendar/.event.EditEventActivity t1041 f}
D/VoldCmdListener(  190): cryptfs getpwtype
D/VoldCmdListener(  190): cryptfs getpwtype
D/VoldCmdListener(  190): cryptfs getpwtype
 | 
2015-10-09 18:37:54:130 | Backend.Receiver | Trace | D/VoldCmdListener(  190): cryptfs getpwtype
D/VoldCmdListener(  190): cryptfs getpwtype
D/VoldCmdListener(  190): cryptfs getpwtype
D/VoldCmdListener(  190): cryptfs getpwtype
D/VoldCmdListener(  190): cryptfs getpwtype
D/VoldCmdListener(  190): cryptfs getpwtype
D/VoldCmdListener(  190): cryptfs getpwtype
D/VoldCmdListener(  190): cryptfs getpwtype
D/VoldCmdListener(  190): cryptfs getpwtype
D/VoldCmdListener(  190): cryptfs getpwtype
 | 
2015-10-09 18:37:54:130 | Backend.Receiver | Trace | D/VoldCmdListener(  190): cryptfs getpwtype
D/VoldCmdListener(  190): cryptfs getpwtype
D/VoldCmdListener(  190): cryptfs getpwtype
D/VoldCmdListener(  190): cryptfs getpwtype
D/VoldCmdListener(  190): cryptfs getpwtype
D/VoldCmdListener(  190): cryptfs getpwtype
D/VoldCmdListener(  190): cryptfs getpwtype
I/ActivityManager( 1873): START u0 {act=android.intent.action.VIEW dat=content://com.android.calendar/events/267 flg=0x20020000 cmp=com.android.calendar/.EventInfoActivity (has extras)} from uid 10034 on display 0
D/VoldCmdListener(  190): cryptfs getpwtype
 | 
2015-10-09 18:37:54:130 | Backend.Receiver | Trace | V/WindowManager( 1873): addAppToken: AppWindowToken{156a6fbd token=Token{199d3b14 ActivityRecord{362f5167 u0 com.android.calendar/.EventInfoActivity t1041}}} to stack=1 task=1041 at 1
D/VoldCmdListener(  190): cryptfs getpwtype
V/WindowManager( 1873): Adding window Window{22a697f1 u0 com.android.calendar/com.android.calendar.EventInfoActivity} at 7 of 12 (after Window{11cdefb5 u0 com.android.calendar/com.android.calendar.AllInOneActivity})
D/VoldCmdListener(  190): cryptfs getpwtype
D/VoldCmdListener(  190): cryptfs getpwtype
D/VoldCmdListener(  190): cryptfs getpwtype
D/VoldCmdListener(  190): cryptfs getpwtype
D/VoldCmdListener(  190): cryptfs getpwtype
D/VoldCmdListener(  190): cryptfs getpwtype
 | 
2015-10-09 18:37:54:130 | Backend.Receiver | Trace | I/ActivityManager( 1873): Killing 3577:com.google.android.gms.unstable/u0a22 (adj 15): empty #17
D/VoldCmdListener(  190): cryptfs getpwtype
D/VoldCmdListener(  190): cryptfs getpwtype
D/VoldCmdListener(  190): cryptfs getpwtype
D/VoldCmdListener(  190): cryptfs getpwtype
D/VoldCmdListener(  190): cryptfs getpwtype
D/VoldCmdListener(  190): cryptfs getpwtype
D/ConnectivityService( 1873): rematching NetworkAgentInfo [MOBILE (UMTS) - 170]
D/ConnectivityService( 1873): Network NetworkAgentInfo [MOBILE (UMTS) - 170] was already satisfying request 1. No change.
D/ConnectivityService( 1873): notifyType AVAILABLE for NetworkAgentInfo [MOBILE (UMTS) - 170]
D/ConnectivityService( 1873): notifyType CAP_CHANGED for NetworkAgentInfo [MOBILE (UMTS) - 170]
D/ConnectivityService( 1873): Setting tx/rx TCP buffers to 122334,734003,2202010,32040,192239,576717
 | 
2015-10-09 18:37:54:130 | Backend.Receiver | Trace | D/ConnectivityService( 1873): notifyType IP_CHANGED for NetworkAgentInfo [MOBILE (HSPA+) - 170]
D/ConnectivityService( 1873): notifyType IP_CHANGED for NetworkAgentInfo [MOBILE (HSPA+) - 170]
I/ActivityManager( 1873): Start proc 7136:com.android.deskclock/u0a38 for broadcast com.android.deskclock/com.android.alarmclock.DigitalAppWidgetProvider
I/ActivityManager( 1873): Killing 3985:com.google.android.partnersetup/u0a25 (adj 15): empty #17
D/VoldCmdListener(  190): cryptfs getpwtype
D/VoldCmdListener(  190): cryptfs getpwtype
D/VoldCmdListener(  190): cryptfs getpwtype
D/VoldCmdListener(  190): cryptfs getpwtype
 | 
2015-10-09 18:37:54:130 | Backend.Receiver | Trace | D/VoldCmdListener(  190): cryptfs getpwtype
D/VoldCmdListener(  190): cryptfs getpwtype
D/VoldCmdListener(  190): cryptfs getpwtype
D/VoldCmdListener(  190): cryptfs getpwtype
D/VoldCmdListener(  190): cryptfs getpwtype
D/VoldCmdListener(  190): cryptfs getpwtype
D/VoldCmdListener(  190): cryptfs getpwtype
D/VoldCmdListener(  190): cryptfs getpwtype
 | 
2015-10-09 18:37:54:130 | Backend.Receiver | Trace | D/VoldCmdListener(  190): cryptfs getpwtype
D/ConnectivityService( 1873): rematching NetworkAgentInfo [MOBILE (HSPA+) - 170]
D/ConnectivityService( 1873): Network NetworkAgentInfo [MOBILE (HSPA+) - 170] was already satisfying request 1. No change.
D/ConnectivityService( 1873): notifyType AVAILABLE for NetworkAgentInfo [MOBILE (HSPA+) - 170]
D/ConnectivityService( 1873): notifyType CAP_CHANGED for NetworkAgentInfo [MOBILE (HSPA+) - 170]
D/ConnectivityService( 1873): Setting tx/rx TCP buffers to 58254,349525,1048576,58254,349525,1048576
D/ConnectivityService( 1873): notifyType IP_CHANGED for NetworkAgentInfo [MOBILE (UMTS) - 170]
D/ConnectivityService( 1873): notifyType IP_CHANGED for NetworkAgentInfo [MOBILE (UMTS) - 170]
 | 
2015-10-09 18:37:54:130 | Backend.Receiver | Trace | I/Telecom ( 1873): InCallController: addCall after binding: [706599139, RINGING, com.android.phone/com.android.services.telephony.TelephonyConnectionService, *************, 0, childs(0), has_parent(false), [[Capabilities: CAPABILITY_SUPPORT_HOLD CAPABILITY_MERGE_CONFERENCE CAPABILITY_MUTE]], true, ComponentInfo{com.android.phone/com.android.services.telephony.TelephonyConnectionService}, [356a192b7913b04c54574d18c28d46e6395428ab], UserHandle{0} 0]
I/Telecom ( 1873): InCallController: Calling onAudioStateChanged, audioState: null -> [AudioState isMuted: false, route; EARPIECE, supportedRouteMask: EARPIECE, SPEAKER]
I/Telecom ( 1873): InCallController: onCanAddCallChanged : true
I/Telecom ( 1873): InCallController: onConnected to ComponentInfo{com.google.android.gms/com.google.android.gms.car.InCallServiceImpl}
I/Telecom ( 1873): InCallController: Adding 1 calls to InCallService after onConnected: ComponentInfo{com.google.android.gms/com.google.android.gms.car.InCallServiceImpl}
I/Telecom ( 1873): InCallCo | 
2015-10-09 18:37:54:145 | Backend.Receiver | Trace | I/ValidateNoPeople( 1873): Executing: validation for: 0|com.android.dialer|1|null|10008
I/ValidateNoPeople( 1873): final affinity: 0.5
I/ValidateNoPeople( 1873): Validating: 0|com.android.dialer|1|null|10008
I/ValidateNoPeople( 1873): final affinity: 0.5
I/Telecom ( 1873): AsyncRingtonePlayer: Repeat ringtone.
I/ValidateNoPeople( 1873): Validating: 0|com.android.dialer|1|null|10008
I/ValidateNoPeople( 1873): Executing: validation for: 0|com.android.dialer|1|null|10008
I/ValidateNoPeople( 1873): final affinity: 0.5
I/ValidateNoPeople( 1873): Validating: 0|com.android.dialer|1|null|10008
 | 
2015-10-09 18:37:54:145 | Backend.Receiver | Trace | D/VoldCmdListener(  190): cryptfs getpwtype
V/WindowManager( 1873): Adding window Window{3474a17d u0 com.android.dialer/com.android.incallui.InCallActivity} at 7 of 11 (after Window{11cdefb5 u0 com.android.calendar/com.android.calendar.AllInOneActivity})
D/VoldCmdListener(  190): cryptfs getpwtype
D/QMI_FW  ( 1622): QCCI: QMI_CCI_TX: cntl_flag - 00, txn_id - 01ad, msg_id - 0029, msg_len - 0023
D/QMI_FW  ( 1622): QCCI: QMUXD: xport_send[1 -> 20]: 42 bytes on conn_id=9
D/VoldCmdListener(  190): cryptfs getpwtype
D/VoldCmdListener(  190): cryptfs getpwtype
D/VoldCmdListener(  190): cryptfs getpwtype
 | 
2015-10-09 18:37:54:145 | Backend.Receiver | Trace | D/QMI_FW  ( 1622): QCCI: QMUXD: xport_rx[1 <- 20]: 28 bytes on conn_id: 9
D/QMI_FW  ( 1622): QCCI: QMI_CCI_RX: cntl_flag - 02, txn_id - 01af, msg_id - 0033, msg_len - 0015
D/QMI_FW  ( 1622): QCCI: QMI_CCI_TX: cntl_flag - 00, txn_id - 01b0, msg_id - 0034, msg_len - 000e
D/QMI_FW  ( 1622): QCCI: QMUXD: xport_send[1 -> 20]: 21 bytes on conn_id=9
D/QMI_FW  ( 1622): QCCI: QMUXD: xport_rx[1 <- 20]: 28 bytes on conn_id: 9
D/QMI_FW  ( 1622): QCCI: QMI_CCI_RX: cntl_flag - 02, txn_id - 01b0, msg_id - 0034, msg_len - 0015
D/QMI_FW  ( 1622): QCCI: QMI_CCI_TX: cntl_flag - 00, txn_id - 01b1, msg_id - 0055, msg_len - 0012
D/QMI_FW  ( 1622): QCCI: QMUXD: xport_send[1 -> 20]: 25 bytes on conn_id=9
D/QMI_FW  ( 1622): QCCI: QMUXD: xport_rx[1 <- 20]: 28 bytes on conn_id: 9
D/QMI_FW  ( 1622): QCCI: QMI_CCI_RX: cntl_flag - 02, txn_id - 01b1, msg_id - 0055, msg_len - 0015
 | 
2015-10-09 18:37:54:145 | Backend.Receiver | Trace | D/QMI_FW  ( 1622): QCCI: QMI_CCI_TX: cntl_flag - 00, txn_id - 01b2, msg_id - 0057, msg_len - 000e
D/QMI_FW  ( 1622): QCCI: QMUXD: xport_send[1 -> 20]: 21 bytes on conn_id=9
D/QMI_FW  ( 1622): QCCI: QMUXD: xport_rx[1 <- 20]: 28 bytes on conn_id: 9
D/QMI_FW  ( 1622): QCCI: QMI_CCI_RX: cntl_flag - 02, txn_id - 01b2, msg_id - 0057, msg_len - 0015
D/QMI_FW  ( 1622): QCCI: QMI_CCI_TX: cntl_flag - 00, txn_id - 01b3, msg_id - 0036, msg_len - 0012
D/QMI_FW  ( 1622): QCCI: QMUXD: xport_send[1 -> 20]: 25 bytes on conn_id=9
D/QMI_FW  ( 1622): QCCI: QMUXD: xport_rx[1 <- 20]: 28 bytes on conn_id: 9
D/QMI_FW  ( 1622): QCCI: QMI_CCI_RX: cntl_flag - 02, txn_id - 01b3, msg_id - 0036, msg_len - 0015
 | 
2015-10-09 18:37:54:145 | Backend.Receiver | Trace | D/QMI_FW  ( 1622): QCCI: QMI_CCI_TX: cntl_flag - 00, txn_id - 01b4, msg_id - 003e, msg_len - 0016 | 
2015-10-09 18:37:54:145 | Backend.Receiver | Trace | 
D/QMI_FW  ( 1622): QCCI: QMUXD: xport_send[1 -> 20]: 29 bytes on conn_id=9
 | 
2015-10-09 18:37:54:145 | Backend.Receiver | Trace | D/QMI_FW  ( 1622): QCCI: QMUXD: xport_rx[1 <- 20]: 28 bytes on conn_id: 9
D/QMI_FW  ( 1622): QCCI: QMI_CCI_RX: cntl_flag - 02, txn_id - 01b4, msg_id - 003e, msg_len - 0015
I/Telecom ( 1873): AsyncRingtonePlayer: Stop ringtone.
I/Telecom ( 1873): CallsManager: updateLchStatus subInConversation: 1
I/ValidateNoPeople( 1873): Validating: 0|com.android.dialer|1|null|10008
I/ValidateNoPeople( 1873): final affinity: 0.5
I/ValidateNoPeople( 1873): Validating: 0|com.android.dialer|1|null|10008
I/ValidateNoPeople( 1873): final affinity: 0.5
 | 
2015-10-09 18:37:54:145 | Backend.Receiver | Trace | I/Telecom ( 1873): ProximitySensorManager: Proximity wake lock already released
I/Telecom ( 1873): CallsManager: setCallState RINGING -> ACTIVE, call: [706599139, RINGING, com.android.phone/com.android.services.telephony.TelephonyConnectionService, *************, 0, childs(0), has_parent(false), [[Capabilities: CAPABILITY_SUPPORT_HOLD CAPABILITY_MERGE_CONFERENCE CAPABILITY_MUTE]], true, ComponentInfo{com.android.phone/com.android.services.telephony.TelephonyConnectionService}, [356a192b7913b04c54574d18c28d46e6395428ab], UserHandle{0} 0]
I/Telecom ( 1873): InCallWakeLockController: Releasing full wake lock
I/Telecom ( 1873): CallAudioManager: updateAudioStreamAndMode, mIsRinging: false, mIsTonePlaying: false
I/Telecom ( 1873): CallAudioManager: requestAudioFocusAndSetMode, stream: 0 -> 0, mode: 2
I/Telecom ( 1873): PhoneStateBroadcaster: Broadcasted state change: 2
I/Telecom ( 1873): CallsManager:  entered manageMSimInCallTones 
D/QMI_FW  ( 1622): QCCI: QMI_CCI_TX: cntl_flag - 00, txn_id - 01b5, msg_id  | 
2015-10-09 18:37:54:145 | Backend.Receiver | Trace | - 0036, msg_len - 0012
D/QMI_FW  ( 1622): QCCI: QMUXD: xport_send[1 -> 20]: 25 bytes on conn_id=9
I/Telecom ( 1873): ProximitySensorManager: Acquiring proximity wake lock
 | 
2015-10-09 18:37:54:145 | Backend.Receiver | Trace | D/QMI_FW  ( 1622): QCCI: QMUXD: xport_rx[1 <- 20]: 28 bytes on conn_id: 9
D/QMI_FW  ( 1622): QCCI: QMI_CCI_RX: cntl_flag - 02, txn_id - 01b5, msg_id - 0036, msg_len - 0015
D/VoldCmdListener(  190): cryptfs getpwtype
D/VoldCmdListener(  190): cryptfs getpwtype
I/Telecom ( 1873): ProximitySensorManager: Proximity wake lock already acquired
D/VoldCmdListener(  190): cryptfs getpwtype
D/VoldCmdListener(  190): cryptfs getpwtype
D/VoldCmdListener(  190): cryptfs getpwtype
D/VoldCmdListener(  190): cryptfs getpwtype
D/ConnectivityService( 1873): rematching NetworkAgentInfo [MOBILE (HSPA+) - 170]
 | 
2015-10-09 18:37:54:145 | Backend.Receiver | Trace | D/ConnectivityService( 1873): Network NetworkAgentInfo [MOBILE (HSPA+) - 170] was already satisfying request 1. No change.
D/ConnectivityService( 1873): notifyType AVAILABLE for NetworkAgentInfo [MOBILE (HSPA+) - 170]
D/ConnectivityService( 1873): notifyType CAP_CHANGED for NetworkAgentInfo [MOBILE (HSPA+) - 170]
D/ConnectivityService( 1873): Setting tx/rx TCP buffers to 58254,349525,1048576,58254,349525,1048576
D/ConnectivityService( 1873): notifyType IP_CHANGED for NetworkAgentInfo [MOBILE (UMTS) - 170]
D/ConnectivityService( 1873): notifyType IP_CHANGED for NetworkAgentInfo [MOBILE (UMTS) - 170]
I/DisplayManagerService( 1873): Display device changed: DisplayDeviceInfo{"Integrierter Bildschirm": uniqueId="local:0", 1080 x 1920, 60.0 fps, supportedRefreshRates [60.0], density 480, 472.965 x 473.475 dpi, appVsyncOff 0, presDeadline 17666667, touch INTERNAL, rotation 0, type BUILT_IN, state OFF, FLAG_DEFAULT_DISPLAY, FLAG_ROTATES_WITH_CONTENT, FLAG_SECURE, FLAG_SUPPORTS_PROTECTED_BUFFERS}
V/ActivityMana | 
2015-10-09 18:37:54:169 | Backend.Converter.LogcatToLogConverter | Error | Could not read logcat data | System.ArgumentOutOfRangeException: Length cannot be less than zero.
Parameter name: length
   at System.String.Substring(Int32 startIndex, Int32 length)
   at Backend.Converter.LogcatToLogConverter.Convert(String text) in c:\Users\Daniel\Documents\GitHub\Loginator\Backend\Converter\LogcatToLogConverter.cs:line 70
2015-10-09 18:37:54:169 | Backend.Receiver | Trace | ger( 1873): Display changed displayId=0
D/VoldCmdListener(  190): cryptfs getpwtype
D/VoldCmdListener(  190): cryptfs getpwtype
 | 
2015-10-09 18:37:54:169 | Backend.Receiver | Trace | D/TaskPersister( 1873): removeObsoleteFile: deleting file=1033_task.xml
D/TaskPersister( 1873): removeObsoleteFile: deleting file=1033_task_thumbnail.png
I/DisplayPowerController( 1873): Blocking screen on until initial contents have been drawn.
D/VoldCmdListener(  190): cryptfs getpwtype
D/VoldCmdListener(  190): cryptfs getpwtype
D/VoldCmdListener(  190): cryptfs getpwtype
D/VoldCmdListener(  190): cryptfs getpwtype
D/VoldCmdListener(  190): cryptfs getpwtype
I/DisplayManagerService( 1873): Display device changed: DisplayDeviceInfo{"Integrierter Bildschirm": uniqueId="local:0", 1080 x 1920, 60.0 fps, supportedRefreshRates [60.0], density 480, 472.965 x 473.475 dpi, appVsyncOff 0, presDeadline 17666667, touch INTERNAL, rotation 0, type BUILT_IN, state ON, FLAG_DEFAULT_DISPLAY, FLAG_ROTATES_WITH_CONTENT, FLAG_SECURE, FLAG_SUPPORTS_PROTECTED_BUFFERS}
I/DisplayPowerController( 1873): Unblocked screen on after 234 ms
V/ActivityManager( 1873): Display changed displayId=0
 | 
2015-10-09 18:37:54:169 | Backend.Receiver | Trace | D/VoldCmdListener(  190): cryptfs getpwtype
D/VoldCmdListener(  190): cryptfs getpwtype
I/DisplayManagerService( 1873): Display device changed: DisplayDeviceInfo{"Integrierter Bildschirm": uniqueId="local:0", 1080 x 1920, 60.0 fps, supportedRefreshRates [60.0], density 480, 472.965 x 473.475 dpi, appVsyncOff 0, presDeadline 17666667, touch INTERNAL, rotation 0, type BUILT_IN, state OFF, FLAG_DEFAULT_DISPLAY, FLAG_ROTATES_WITH_CONTENT, FLAG_SECURE, FLAG_SUPPORTS_PROTECTED_BUFFERS}
V/ActivityManager( 1873): Display changed displayId=0
D/VoldCmdListener(  190): cryptfs getpwtype
D/VoldCmdListener(  190): cryptfs getpwtype
I/DisplayPowerController( 1873): Blocking screen on until initial contents have been drawn.
D/VoldCmdListener(  190): cryptfs getpwtype
D/VoldCmdListener(  190): cryptfs getpwtype
D/VoldCmdListener(  190): cryptfs getpwtype
 | 
2015-10-09 18:37:54:169 | Backend.Receiver | Trace | D/VoldCmdListener(  190): cryptfs getpwtype
I/DisplayManagerService( 1873): Display device changed: DisplayDeviceInfo{"Integrierter Bildschirm": uniqueId="local:0", 1080 x 1920, 60.0 fps, supportedRefreshRates [60.0], density 480, 472.965 x 473.475 dpi, appVsyncOff 0, presDeadline 17666667, touch INTERNAL, rotation 0, type BUILT_IN, state ON, FLAG_DEFAULT_DISPLAY, FLAG_ROTATES_WITH_CONTENT, FLAG_SECURE, FLAG_SUPPORTS_PROTECTED_BUFFERS}
V/ActivityManager( 1873): Display changed displayId=0
D/VoldCmdListener(  190): cryptfs getpwtype
D/VoldCmdListener(  190): cryptfs getpwtype
D/VoldCmdListener(  190): cryptfs getpwtype
D/VoldCmdListener(  190): cryptfs getpwtype
I/DisplayPowerController( 1873): Unblocked screen on after 295 ms
D/VoldCmdListener(  190): cryptfs getpwtype
D/VoldCmdListener(  190): cryptfs getpwtype
D/VoldCmdListener(  190): cryptfs getpwtype
W/InputMethodManagerService( 1873): Window already focused, ignoring focus gain of: com.android.internal.view.IInputMethodClient$Stub$Proxy@26a4b | 
2015-10-09 18:37:54:169 | Backend.Receiver | Trace | e17 attribute=null, token = android.os.BinderProxy@280e1bd4
I/DisplayManagerService( 1873): Display device changed: DisplayDeviceInfo{"Integrierter Bildschirm": uniqueId="local:0", 1080 x 1920, 60.0 fps, supportedRefreshRates [60.0], density 480, 472.965 x 473.475 dpi, appVsyncOff 0, presDeadline 17666667, touch INTERNAL, rotation 0, type BUILT_IN, state OFF, FLAG_DEFAULT_DISPLAY, FLAG_ROTATES_WITH_CONTENT, FLAG_SECURE, FLAG_SUPPORTS_PROTECTED_BUFFERS}
V/ActivityManager( 1873): Display changed displayId=0
 | 
2015-10-09 18:37:54:169 | Backend.Receiver | Trace | D/VoldCmdListener(  190): cryptfs getpwtype
D/VoldCmdListener(  190): cryptfs getpwtype
I/DisplayPowerController( 1873): Blocking screen on until initial contents have been drawn.
D/VoldCmdListener(  190): cryptfs getpwtype
D/VoldCmdListener(  190): cryptfs getpwtype
D/VoldCmdListener(  190): cryptfs getpwtype
D/VoldCmdListener(  190): cryptfs getpwtype
D/VoldCmdListener(  190): cryptfs getpwtype
