D/DHCP    (  192): ip 10.27.166.235 gw 10.27.166.233 prefixLength 29
D/DHCP    (  192): dns1: 194.48.139.254
D/DHCP    (  192): dns2: 194.48.128.199
D/DHCP    (  192): server 10.27.166.233, lease 7200 seconds
D/DHCP    (  192): ===== DHCP message:
D/DHCP    (  192): op = BOOTREQUEST (1), htype = 1, hlen = 6, hops = 0
D/DHCP    (  192): xid = 0xc778210e secs = 0, flags = 0x8000 optlen = 26
D/DHCP    (  192): ciaddr = 0.0.0.0
D/DHCP    (  192): yiaddr = 0.0.0.0
D/DHCP    (  192): siaddr = 0.0.0.0
D/DHCP    (  192): giaddr = 0.0.0.0
D/DHCP    (  192): chaddr = { 00  00  00  00  00  00 }
D/DHCP    (  192): sname = ''
D/DHCP    (  192): file = ''
D/DHCP  | 
2015-10-09 18:37:54:834 | Backend.Converter.LogcatToLogConverter | Error | Could not read logcat data | System.ArgumentOutOfRangeException: Length cannot be less than zero.
Parameter name: length
   at System.String.Substring(Int32 startIndex, Int32 length)
   at Backend.Converter.LogcatToLogConverter.Convert(String text) in c:\Users\Daniel\Documents\GitHub\Loginator\Backend\Converter\LogcatToLogConverter.cs:line 70
2015-10-09 18:37:54:834 | Backend.Receiver | Trace |    (  192): op 53 len 1 { 03 } request
D/DHCP    (  192): op 55 len 4 { 01  03  06  1c } 
D/DHCP    (  192): op 50 len 4 { 0a  1b  a6  eb } 
D/DHCP    (  192): op 54 len 4 { 0a  1b  a6  e9 } 
D/DHCP    (  192): ===== DHCP message:
D/DHCP    (  192): op = BOOTREPLY (2), htype = 1, hlen = 6, hops = 0
D/DHCP    (  192): xid = 0xc778210e secs = 0, flags = 0x8000 optlen = 42
D/DHCP    (  192): ciaddr = 0.0.0.0
D/DHCP    (  192): yiaddr = 10.27.166.235
D/DHCP    (  192): siaddr = 10.27.166.233
D/DHCP    (  192): giaddr = 0.0.0.0
D/DHCP    (  192): chaddr = { 00  00  00  00  00  00 }
D/DHCP    (  192): sname = ''
D/DHCP    (  192): file = ''
D/DHCP    (  192): op 53 len 1 { 05 } ack
D/DHCP    (  192): op 1 len 4 { ff  ff  ff  f8 } 
D/DHCP    (  192): op 3 len 4 { 0a  1b  a6  e9 } 
D/DHCP    (  192): op 6 len 8 { c2  30  8b  fe  c2  30  80  c7 } 
D/DHCP    (  192): op 54 len 4 { 0a  1b  a6  e9 } 
D/DHCP    (  192): op 51 len 4 { 00  00  1c  20 } 
D/DHCP    (  192): --- dhcp ack (5) ---
D/DHCP     | 
2015-10-09 18:37:54:855 | Backend.Converter.LogcatToLogConverter | Error | Could not read logcat data | System.ArgumentOutOfRangeException: Length cannot be less than zero.
Parameter name: length
   at System.String.Substring(Int32 startIndex, Int32 length)
   at Backend.Converter.LogcatToLogConverter.Convert(String text) in c:\Users\Daniel\Documents\GitHub\Loginator\Backend\Converter\LogcatToLogConverter.cs:line 70
2015-10-09 18:37:54:855 | Backend.Receiver | Trace | (  192): ip 10.27.166.235 gw 10.27.166.233 prefixLength 29
D/DHCP    (  192): dns1: 194.48.139.254
 | 
2015-10-09 18:37:54:855 | Backend.Receiver | Trace | D/DHCP    (  192): dns2: 194.48.128.199
D/DHCP    (  192): server 10.27.166.233, lease 7200 seconds
D/DHCP    (  192): configuring rmnet_usb0
E/QC-NETMGR-LIB(  192): Received nl msg, recvmsg returned 56
E/QC-NETMGR-LIB(  192): Processing RTM_NEWADDR
E/QC-NETMGR-LIB(  192): Metainfo:  Family=2 PrefixLen=8 Scope=0x0 Index=23 Flags=[0x80]PERMANENT 
I/QC-NETMGR-LIB(  192): Attribute: PrefixIPv4 addr [10.27.166.235]
I/QC-NETMGR-LIB(  192): Attribute: LocalIPv4 addr [10.27.166.235]
E/QC-NETMGR-LIB(  192): Attribute: Label name rmnet_usb0
I/QC-NETMGR-LIB(  192): Subnet maskIPv4 addr [255.255.255.248]
E/QC-NETMGR-LIB(  192): Received nl msg, recvmsg returned 56
E/QC-NETMGR-LIB(  192): Processing RTM_DELADDR
E/QC-NETMGR-LIB(  192): Metainfo:  Family=2 PrefixLen=8 Scope=0x0 Index=23 Flags=[0x80]PERMANENT 
 | 
2015-10-09 18:37:54:855 | Backend.Receiver | Trace | I/QC-NETMGR-LIB(  192): Attribute: PrefixIPv4 addr [10.27.166.235]
I/QC-NETMGR-LIB(  192): Attribute: LocalIPv4 addr [10.27.166.235]
E/QC-NETMGR-LIB(  192): Attribute: Label name rmnet_usb0
I/QC-NETMGR-LIB(  192): Subnet maskIPv4 addr [255.255.255.248]
E/QC-NETMGR-LIB(  192): Received nl msg, recvmsg returned 56
E/QC-NETMGR-LIB(  192): Processing RTM_NEWADDR
E/QC-NETMGR-LIB(  192): Metainfo:  Family=2 PrefixLen=29 Scope=0x0 Index=23 Flags=[0x80]PERMANENT 
I/QC-NETMGR-LIB(  192): Attribute: PrefixIPv4 addr [10.27.166.235]
I/QC-NETMGR-LIB(  192): Attribute: LocalIPv4 addr [10.27.166.235]
E/QC-NETMGR-LIB(  192): Attribute: Label name rmnet_usb0
I/QC-NETMGR-LIB(  192): Subnet maskIPv4 addr [255.255.255.248]
E/QC-NETMGR-LIB(  192): Get MTU size from system property [ro.ril.set.mtusize]
D/QC-DS-LIB(  192): ds_get_num_bits_set_count: number of bits set in input=4177526783 is 29
 | 
2015-10-09 18:37:54:855 | Backend.Receiver | Trace | E/QC-NETMGR-LIB(  192): Event=[1] link=[8] devname=[rmnet_usb0]
E/QC-NETMGR-LIB(  192): Generated nl msg, sendmsg returned 608
E/QC-NETMGR-LIB( 1620): Received nl msg, recvmsg returned 608
E/QC-NETMGR-LIB( 1620): Processing NETMGR_NL_EVENT
E/QC-NETMGR-LIB( 1620): Attribute: Event 0x1
E/QC-NETMGR-LIB( 1620): Attribute: Link 0x8
I/QC-NETMGR-LIB( 1620): Attribute: IfaceAddressIPv4 addr [10.27.166.235]
I/QC-NETMGR-LIB( 1620): Attribute: IfaceAddressMaskIPv4 addr [29.0.0.0]
I/QC-NETMGR-LIB( 1620): Attribute: GatewayAddressIPv4 addr [10.27.166.233]
I/QC-NETMGR-LIB( 1620): Attribute: DNSPrimaryAddressIPv4 addr [194.48.139.254]
I/QC-NETMGR-LIB( 1620): Attribute: DNSSecondaryAddressIPv4 addr [194.48.128.199]
E/QC-NETMGR-LIB( 1620): Attribute: DeviceName=rmnet_usb0
 | 
2015-10-09 18:37:54:855 | Backend.Receiver | Trace | E/QC-NETMGR-LIB( 1620): Notified client: hdl=0x0xb6ac20c8 event=1 link=8 flow=0x00000000
D/QC-QMI  ( 1620):  Striping off the standard result code 
D/QC-QMI  (  193):  Striping of the standard result code ... | 
2015-10-09 18:37:54:855 | Backend.Receiver | Trace | 
D/QC-QMI  ( 1620): Sending signal ...... to read cmd data 
D/QC-QMI  ( 1620):  Striping off the standard result code 
 | 
2015-10-09 18:37:54:855 | Backend.Receiver | Trace | D/QC-QMI  ( 1620):  Striping off the standard result code 
D/ConnectivityService( 1873): setProvNotificationVisible: E visible=false networkType=0 action=com.android.internal.telephony.PROVISION0
D/ConnectivityService( 1873): setProvNotificationVisibleIntent: E visible=false networkType=0 extraInfo=null
D/ConnectivityService( 1873): registerNetworkAgent NetworkAgentInfo{ ni{[type: MOBILE[UMTS], state: CONNECTED/CONNECTED, reason: connected, extra: bob.at, roaming: false, failover: false, isAvailable: true, isConnectedToProvisioningNetwork: false]}  network{null}  lp{{InterfaceName: rmnet_usb0 LinkAddresses: [10.27.166.235/29,]  Routes: [0.0.0.0/0 -> 10.27.166.233 rmnet_usb0,] DnsAddresses: [194.48.139.254,194.48.128.199,] Domains: null MTU: 1500 TcpBufferSizes: 58254,349525,1048576,58254,349525,1048576}}  nc{[ Transports: CELLULAR Capabilities: SUPL&INTERNET&NOT_RESTRICTED&TRUSTED&NOT_VPN LinkUpBandwidth>=384Kbps LinkDnBandwidth>=384Kbps Specifier: <1>]}  Score{10}  everValidated{false}  lastValidated{fals | 
2015-10-09 18:37:54:855 | Backend.Receiver | Trace | e}  created{false}  explicitlySelected{false} }
D/ConnectivityService( 1873): NetworkAgentInfo [MOBILE (UMTS) - 176] EVENT_NETWORK_INFO_CHANGED, going from null to CONNECTED
D/ConnectivityService( 1873): Adding iface rmnet_usb0 to network 176
D/ConnectivityService( 1873): Setting MTU size: rmnet_usb0, 1500
D/ConnectivityService( 1873): Adding Route [0.0.0.0/0 -> 10.27.166.233 rmnet_usb0] to network 176
D/ConnectivityService( 1873): Setting Dns servers for network 176 to [/194.48.139.254, /194.48.128.199]
D/PhoneInterfaceManager( 2351): [PhoneIntfMgr] getDataEnabled: subId=1 phoneId=0
 | 
2015-10-09 18:37:54:855 | Backend.Receiver | Trace | D/PhoneInterfaceManager( 2351): [PhoneIntfMgr] getDataEnabled: subId=1 retVal=true
D/TelephonyManager( 3293): getDataEnabled: retVal=true
D/ConnectivityService( 1873): notifyType IP_CHANGED for NetworkAgentInfo [MOBILE (UMTS) - 176]
D/ConnectivityService( 1873): notifyType PRECHECK for NetworkAgentInfo [MOBILE (UMTS) - 176]
D/ConnectivityService( 1873): rematching NetworkAgentInfo [MOBILE (UMTS) - 176]
D/ConnectivityService( 1873):    accepting network in place of null
D/NetworkMonitor/NetworkAgentInfo [MOBILE (UMTS) - 176]( 1873): DefaultState{ when=0 what=532481 target=com.android.internal.util.StateMachine$SmHandler }
D/NetworkMonitor/NetworkAgentInfo [MOBILE (UMTS) - 176]( 1873): Connected
D/NetworkMonitor/NetworkAgentInfo [MOBILE (UMTS) - 176]( 1873): EvaluatingState{ when=0 what=532486 arg1=1 target=com.android.internal.util.StateMachine$SmHandler }
D/NetworkMonitor/NetworkAgentInfo [MOBILE (UMTS) - 176]( 1873): Checking http://connectivitycheck.android.com/generate_204 on bob.at
D/Connectivit | 
2015-10-09 18:37:54:871 | Backend.Converter.LogcatToLogConverter | Error | Could not read logcat data | System.ArgumentOutOfRangeException: Length cannot be less than zero.
Parameter name: length
   at System.String.Substring(Int32 startIndex, Int32 length)
   at Backend.Converter.LogcatToLogConverter.Convert(String text) in c:\Users\Daniel\Documents\GitHub\Loginator\Backend\Converter\LogcatToLogConverter.cs:line 70
2015-10-09 18:37:54:871 | Backend.Receiver | Trace | yService( 1873): Switching to new default network: NetworkAgentInfo{ ni{[type: MOBILE[UMTS], state: CONNECTED/CONNECTED, reason: connected, extra: bob.at, roaming: false, failover: false, isAvailable: true, isConnectedToProvisioningNetwork: false]}  network{176}  lp{{InterfaceName: rmnet_usb0 LinkAddresses: [10.27.166.235/29,]  Routes: [0.0.0.0/0 -> 10.27.166.233 rmnet_usb0,] DnsAddresses: [194.48.139.254,194.48.128.199,] Domains: null MTU: 1500 TcpBufferSizes: 58254,349525,1048576,58254,349525,1048576}}  nc{[ Transports: CELLULAR Capabilities: SUPL&INTERNET&NOT_RESTRICTED&TRUSTED&NOT_VPN LinkUpBandwidth>=384Kbps LinkDnBandwidth>=384Kbps Specifier: <1>]}  Score{10}  everValidated{false}  lastValidated{false}  created{true}  explicitlySelected{false} }
D/ConnectivityService( 1873): notifyType AVAILABLE for NetworkAgentInfo [MOBILE (UMTS) - 176]
D/ConnectivityManager.CallbackHandler( 2057): CM callback handler got msg 524290
D/CSLegacyTypeTracker( 1873): Sending connected broadcast for type 0 NetworkAgentInf | 
2015-10-09 18:37:54:871 | Backend.Converter.LogcatToLogConverter | Error | Could not read logcat data | System.ArgumentOutOfRangeException: Length cannot be less than zero.
Parameter name: length
   at System.String.Substring(Int32 startIndex, Int32 length)
   at Backend.Converter.LogcatToLogConverter.Convert(String text) in c:\Users\Daniel\Documents\GitHub\Loginator\Backend\Converter\LogcatToLogConverter.cs:line 70
2015-10-09 18:37:54:881 | Backend.Receiver | Trace | o [MOBILE (UMTS) - 176] isDefaultNetwork=true
 | 
2015-10-09 18:37:54:881 | Backend.Receiver | Trace | D/ConnectivityService( 1873): sendStickyBroadcast: action=android.net.conn.CONNECTIVITY_CHANGE_IMMEDIATE
D/ConnectivityManager.CallbackHandler(22122): CM callback handler got msg 524290
D/ConnectivityService( 1873): sendStickyBroadcast: action=android.net.conn.CONNECTIVITY_CHANGE
D/Tethering( 1873): MasterInitialState.processMessage what=3
D/NetworkMonitor/NetworkAgentInfo [MOBILE (UMTS) - 176]( 1873): Probably not a portal: exception java.net.UnknownHostException: Unable to resolve host "connectivitycheck.android.com": No address associated with hostname
I/UpdateCheckReceiver(10662): Got connectivity change, has connection: true
I/UpdateCheckReceiver(10662): Scheduling future, repeating update checks.
D/NetworkChangeNotifierAutoDetect(10923): Network connectivity changed, type is: 4
D/QC-QMI  ( 1620):  Getting maximum message length
D/QC-QMI  ( 1620):  Setting up transaction 
D/QC-QMI  ( 1620):  Sending message 
D/QC-QMI  ( 1620):  Releasing Transaction 
D/ConnectivityManager(10692): getMobileDat | 
2015-10-09 18:37:54:881 | Backend.Receiver | Trace | aEnabled()+ subId=1
D/PhoneInterfaceManager( 2351): [PhoneIntfMgr] getDataEnabled: subId=1 phoneId=0
D/PhoneInterfaceManager( 2351): [PhoneIntfMgr] getDataEnabled: subId=1 retVal=true
 | 
2015-10-09 18:37:54:881 | Backend.Receiver | Trace | D/ConnectivityManager(10692): getMobileDataEnabled()- subId=1 retVal=true
D/QC-QMI  ( 1620):  Calling cooked async Callback 
D/QC-QMI  ( 1620):  Inside qmi_client_decode_msg_async  Callback 
D/WeatherUpdateService(  354): Service started, but shouldn't update ... stopping
I/iu.Environment(22122): update connectivity state; isNetworkMetered? true*, isRoaming? false, isBackgroundDataAllowed? true*
I/iu.UploadsManager(22122): num queued entries: 0
I/iu.UploadsManager(22122): num updated entries: 0
D/ChimeraCfgMgr(22122): Loading module com.google.android.gms.kids from APK com.google.android.gms
I/iu.SyncManager(22122): NEXT; no task
D/ChimeraCfgMgr(22122): Loading module com.google.android.gms.kids from APK com.google.android.gms
V/GLSActivity( 2669): AuthDelegateWrapperCreated with selected intent: Intent { cmp=com.google.android.gms/.auth.DefaultAuthDelegateService }
V/GLSActivity( 2669): AuthDelegateWrapperCreated with selected intent: Intent { cmp=com.google.android.gms/.auth.DefaultAuthDelegateSe | 
2015-10-09 18:37:54:881 | Backend.Receiver | Trace | rvice }
V/GLSActivity( 2669): AuthDelegateWrapperCreated with selected intent: Intent { cmp=com.google.android.gms/.auth.DefaultAuthDelegateService }
 | 
2015-10-09 18:37:54:881 | Backend.Receiver | Trace | V/GLSActivity( 2669): AuthDelegateWrapperCreated with selected intent: Intent { cmp=com.google.android.gms/.auth.DefaultAuthDelegateService }
E/QC-NETMGR-LIB(  192): Received nl msg, recvmsg returned 64
E/QC-NETMGR-LIB(  192): Processing RTM_NEWADDR
E/QC-NETMGR-LIB(  192): Metainfo:  Family=10 PrefixLen=64 Scope=0xfd Index=23 Flags=[0x80]PERMANENT 
I/QC-NETMGR-LIB(  192): Attribute: PrefixIPv6 addr [fe80:0000:0000:0000:8198:a8f5:d8b5:d9d9]
E/QC-NETMGR-LIB(  192): Attribute: Address Cache Info - prefered=-1 valid=-1 cstamp=0x169bf44 tstamp=0x169bf44
D/ConnectivityService( 1873): NetTransition Wakelock (NetworkAgentInfo [MOBILE (UMTS) - 175] cleared because we found a replacement network
D/ConnectivityService( 1873): reportInetCondition: type=0 ok, revalidate
D/ConnectivityService( 1873): reportBadNetwork(NetworkAgentInfo [MOBILE (UMTS) - 176]) by 10022
D/NetworkMonitor/NetworkAgentInfo [MOBILE (UMTS) - 176]( 1873): EvaluatingState{ when=-1ms what=532488 arg1=10022 target=com.android.internal.util.Stat | 
2015-10-09 18:37:54:881 | Backend.Receiver | Trace | eMachine$SmHandler }
D/ConnectivityService( 1873): reportInetCondition: type=0 ok, revalidate
D/ConnectivityService( 1873): reportBadNetwork(NetworkAgentInfo [MOBILE (UMTS) - 176]) by 10022
 | 
2015-10-09 18:37:54:881 | Backend.Receiver | Trace | D/NetworkMonitor/NetworkAgentInfo [MOBILE (UMTS) - 176]( 1873): EvaluatingState{ when=-1ms what=532488 arg1=10022 target=com.android.internal.util.StateMachine$SmHandler }
D/ConnectivityService( 1873): reportInetCondition: type=0 ok, revalidate
D/ConnectivityService( 1873): reportBadNetwork(NetworkAgentInfo [MOBILE (UMTS) - 176]) by 10022
D/NetworkMonitor/NetworkAgentInfo [MOBILE (UMTS) - 176]( 1873): EvaluatingState{ when=-1ms what=532488 arg1=10022 target=com.android.internal.util.StateMachine$SmHandler }
D/NetworkMonitor/NetworkAgentInfo [MOBILE (UMTS) - 176]( 1873): EvaluatingState{ when=-1ms what=532486 arg1=2 target=com.android.internal.util.StateMachine$SmHandler }
D/NetworkMonitor/NetworkAgentInfo [MOBILE (UMTS) - 176]( 1873): Checking http://connectivitycheck.android.com/generate_204 on bob.at
D/NetworkMonitor/NetworkAgentInfo [MOBILE (UMTS) - 176]( 1873): isCaptivePortal: ret=204 headers={null=[HTTP/1.1 204 No Content], Content-Length=[0], Date=[Fri, 09 Oct 2015 15:51:00 GMT], Server=[GFE/2.0] | 
2015-10-09 18:37:54:881 | Backend.Receiver | Trace | , X-Android-Received-Millis=[1444405846008], X-Android-Response-Source=[NETWORK 204], X-Android-Sent-Millis=[1444405845972]}
D/ConnectivityService( 1873): setProvNotificationVisibleIntent: E visible=false networkType=0 extraInfo=null
D/NetworkMonitor/NetworkAgentInfo [MOBILE (UMTS) - 176]( 1873): Validated
D/ConnectivityService( 1873): Validated NetworkAgentInfo [MOBILE (UMTS) - 176]
 | 
2015-10-09 18:37:54:881 | Backend.Receiver | Trace | D/ConnectivityService( 1873): rematching NetworkAgentInfo [MOBILE (UMTS) - 176]
D/ConnectivityService( 1873): Network NetworkAgentInfo [MOBILE (UMTS) - 176] was already satisfying request 1. No change.
D/ConnectivityService( 1873): notifyType AVAILABLE for NetworkAgentInfo [MOBILE (UMTS) - 176]
D/ConnectivityManager.CallbackHandler( 2057): CM callback handler got msg 524290
D/ConnectivityManager.CallbackHandler(22122): CM callback handler got msg 524290
D/ConnectivityService( 1873): sendStickyBroadcast: action=android.net.conn.INET_CONDITION_ACTION
I/EventLogService(22122): Aggregate from 1444404145132 (log), 1444404145132 (data)
I/PowerManagerService( 1873): Waking up from sleep (uid 1000)...
V/KeyguardServiceDelegate( 1873): onScreenTurnedOn(showListener = com.android.internal.policy.impl.PhoneWindowManager$2@3be7c13)
I/DisplayPowerController( 1873): Blocking screen on until initial contents have been drawn.
D/ScreenOnOffReceiver( 2287): Received intent: Intent { act=android.intent.action.SCREEN_O | 
2015-10-09 18:37:54:881 | Backend.Receiver | Trace | N flg=0x50000010 }.
D/WifiService( 1873): acquireWifiLockLocked: WifiLock{NlpWifiLock type=2 binder=android.os.BinderProxy@3315d48c}
 | 
2015-10-09 18:37:54:881 | Backend.Receiver | Trace | D/QC-QMI  ( 1620):  Getting maximum message length
D/QC-QMI  ( 1620):  Setting up transaction 
D/QC-QMI  ( 1620):  Sending message 
D/QC-QMI  ( 1620):  Releasing Transaction 
D/VoldCmdListener(  190): cryptfs getpwtype
D/VoldCmdListener(  190): cryptfs getpwtype
D/VoldCmdListener(  190): cryptfs getpwtype
V/KeyguardServiceDelegate( 1873): **** SHOWN CALLED ****
D/VoldCmdListener(  190): cryptfs getpwtype
 | 
2015-10-09 18:37:54:881 | Backend.Receiver | Trace | D/QC-QMI  ( 1620):  Calling cooked async Callback 
D/QC-QMI  ( 1620):  Inside qmi_client_decode_msg_async  Callback 
D/VoldCmdListener(  190): cryptfs getpwtype
E/WifiStateMachine( 1873): cancelDelayedScan -> 2591
D/VoldCmdListener(  190): cryptfs getpwtype
D/VoldCmdListener(  190): cryptfs getpwtype
I/DisplayPowerController( 1873): Unblocked screen on after 167 ms
I/DisplayManagerService( 1873): Display device changed: DisplayDeviceInfo{"Integrierter Bildschirm": uniqueId="local:0", 1080 x 1920, 60.0 fps, supportedRefreshRates [60.0], density 480, 472.965 x 473.475 dpi, appVsyncOff 0, presDeadline 17666667, touch INTERNAL, rotation 0, type BUILT_IN, state ON, FLAG_DEFAULT_DISPLAY, FLAG_ROTATES_WITH_CONTENT, FLAG_SECURE, FLAG_SUPPORTS_PROTECTED_BUFFERS}
D/SurfaceFlinger(  191): Set power mode=2, type=0 flinger=0xb88875e0
 | 
2015-10-09 18:37:54:881 | Backend.Receiver | Trace | D/qdhwcomposer(  191): hwc_blank: Unblanking display: 0
V/ActivityManager( 1873): Display changed displayId=0
D/VoldCmdListener(  190): cryptfs getpwtype
D/VoldCmdListener(  190): cryptfs getpwtype
D/QC-QMI  ( 1620):  Getting maximum message length
D/QC-QMI  ( 1620):  Setting up transaction 
D/QC-QMI  ( 1620):  Sending message 
D/QC-QMI  ( 1620):  Releasing Transaction 
D/qdhwcomposer(  191): hwc_blank: Done unblanking display: 0
D/SurfaceControl( 1873): Excessive delay in setPowerMode(): 206ms
D/VoldCmdListener(  190): cryptfs getpwtype
 | 
2015-10-09 18:37:54:881 | Backend.Receiver | Trace | D/QC-QMI  ( 1620):  Striping off the standard result code 
D/QC-QMI  ( 1620):  Calling cooked async Callback 
D/QC-QMI  ( 1620):  Inside qmi_client_decode_msg_async  Callback 
D/VoldCmdListener(  190): cryptfs getpwtype
D/QC-QMI  ( 1620):  Striping off the standard result code 
D/VoldCmdListener(  190): cryptfs getpwtype
D/VoldCmdListener(  190): cryptfs getpwtype
D/VoldCmdListener(  190): cryptfs getpwtype
D/VoldCmdListener(  190): cryptfs getpwtype
D/AlarmManagerService( 1873): Kernel timezone updated to -120 minutes west of GMT
 | 
2015-10-09 18:37:54:896 | Backend.Receiver | Trace | D/ConnectivityService( 1873): rematching NetworkAgentInfo [MOBILE (UMTS) - 176]
D/ConnectivityService( 1873): Network NetworkAgentInfo [MOBILE (UMTS) - 176] was already satisfying request 1. No change.
D/ConnectivityService( 1873): notifyType AVAILABLE for NetworkAgentInfo [MOBILE (UMTS) - 176]
D/ConnectivityManager.CallbackHandler(22122): CM callback handler got msg 524290
D/ConnectivityManager.CallbackHandler( 2057): CM callback handler got msg 524290
D/KeyguardUpdateMonitor( 2057): ACTION_SERVICE_STATE_CHANGED on sub: 1 mServiceState: 0 0 voice home data home bob bob 23201 bob bob 23201  UMTS HSPAP CSS not supported -1 -1 RoamInd=-1 DefRoamInd=-1 EmergOnly=false
D/ConnectivityService( 1873): notifyType CAP_CHANGED for NetworkAgentInfo [MOBILE (UMTS) - 176]
D/ConnectivityManager.CallbackHandler(22122): CM callback handler got msg 524294
D/ConnectivityService( 1873): Setting tx/rx TCP buffers to 122334,734003,2202010,32040,192239,576717
 | 
2015-10-09 18:37:54:896 | Backend.Receiver | Trace | D/ConnectivityManager.CallbackHandler( 2057): CM callback handler got msg 524294
D/CellBroadcastReceiver( 4128): onReceive Intent { act=android.intent.action.SERVICE_STATE flg=0x10 cmp=com.android.cellbroadcastreceiver/.CellBroadcastReceiver (has extras) }
D/CellBroadcastReceiver( 4128): Intent ACTION_SERVICE_STATE_CHANGED
D/CellBroadcastReceiver( 4128): Service state changed! 0 Full: 0 0 voice home data home bob bob 23201 bob bob 23201  UMTS HSPAP CSS not supported -1 -1 RoamInd=-1 DefRoamInd=-1 EmergOnly=false Current state=-1
D/PhoneInterfaceManager( 2351): [PhoneIntfMgr] getDataEnabled: subId=1 phoneId=0
D/PhoneInterfaceManager( 2351): [PhoneIntfMgr] getDataEnabled: subId=1 retVal=true
D/TelephonyManager( 3293): getDataEnabled: retVal=true
D/CellBroadcastConfigService( 4128): enabling emergency cell broadcast channels
D/ConnectivityService( 1873): notifyType IP_CHANGED for NetworkAgentInfo [MOBILE (HSPA+) - 176]
D/ConnectivityManager.CallbackHandler( 2057): CM callback handler got msg 524295
D/C | 
2015-10-09 18:37:54:896 | Backend.Converter.LogcatToLogConverter | Error | Could not read logcat data | System.ArgumentOutOfRangeException: Length cannot be less than zero.
Parameter name: length
   at System.String.Substring(Int32 startIndex, Int32 length)
   at Backend.Converter.LogcatToLogConverter.Convert(String text) in c:\Users\Daniel\Documents\GitHub\Loginator\Backend\Converter\LogcatToLogConverter.cs:line 70
2015-10-09 18:37:54:896 | Backend.Receiver | Trace | onnectivityManager.CallbackHandler(22122): CM callback handler got msg 524295
D/ConnectivityService( 1873): notifyType IP_CHANGED for NetworkAgentInfo [MOBILE (HSPA+) - 176]
D/ConnectivityManager.CallbackHandler( 2057): CM callback handler got msg 524295
 | 
2015-10-09 18:37:54:896 | Backend.Receiver | Trace | D/ConnectivityManager.CallbackHandler(22122): CM callback handler got msg 524295
D/QC-QMI  ( 1620):  Getting maximum message length
D/QC-QMI  ( 1620): Encoding buffer 
D/QC-QMI  ( 1620):  Setting up transaction 
D/QC-QMI  ( 1620):  Sending message 
D/QC-QMI  ( 1620):  Releasing Transaction 
D/QC-QMI  ( 1620):  Calling cooked async Callback 
D/QC-QMI  ( 1620):  Inside qmi_client_decode_msg_async  Callback 
D/QC-QMI  ( 1620):  Getting maximum message length
D/QC-QMI  ( 1620):  Setting up transaction 
 | 
2015-10-09 18:37:54:896 | Backend.Receiver | Trace | D/QC-QMI  ( 1620):  Sending message 
D/QC-QMI  ( 1620):  Releasing Transaction 
D/QC-QMI  ( 1620):  Calling cooked async Callback 
D/QC-QMI  ( 1620):  Inside qmi_client_decode_msg_async  Callback 
D/QC-QMI  ( 1620):  Getting maximum message length
D/QC-QMI  ( 1620): Encoding buffer 
D/QC-QMI  ( 1620):  Setting up transaction 
D/QC-QMI  ( 1620):  Sending message 
D/QC-QMI  ( 1620):  Releasing Transaction 
 | 
2015-10-09 18:37:54:896 | Backend.Receiver | Trace | D/QC-QMI  ( 1620):  Calling cooked async Callback 
D/QC-QMI  ( 1620):  Inside qmi_client_decode_msg_async  Callback 
D/QC-QMI  ( 1620):  Getting maximum message length
D/QC-QMI  ( 1620): Encoding buffer 
D/QC-QMI  ( 1620):  Setting up transaction 
D/QC-QMI  ( 1620):  Sending message 
D/QC-QMI  ( 1620):  Releasing Transaction 
D/QC-QMI  ( 1620):  Calling cooked async Callback 
D/QC-QMI  ( 1620):  Inside qmi_client_decode_msg_async  Callback 
 | 
2015-10-09 18:37:54:896 | Backend.Receiver | Trace | D/QC-QMI  ( 1620):  Getting maximum message length
D/QC-QMI  ( 1620): Encoding buffer 
D/QC-QMI  ( 1620):  Setting up transaction 
D/QC-QMI  ( 1620):  Sending message 
D/QC-QMI  ( 1620):  Releasing Transaction 
D/QC-QMI  ( 1620):  Calling cooked async Callback 
D/QC-QMI  ( 1620):  Inside qmi_client_decode_msg_async  Callback 
D/QC-QMI  ( 1620):  Getting maximum message length
D/QC-QMI  ( 1620): Encoding buffer 
D/QC-QMI  ( 1620):  Setting up transaction 
D/QC-QMI  ( 1620):  Sending message 
 | 
2015-10-09 18:37:54:896 | Backend.Receiver | Trace | D/QC-QMI  ( 1620):  Releasing Transaction 
D/QC-QMI  ( 1620):  Calling cooked async Callback 
D/QC-QMI  ( 1620):  Inside qmi_client_decode_msg_async  Callback  | 
2015-10-09 18:37:54:912 | Backend.Receiver | Trace | 
D/QC-QMI  ( 1620):  Getting maximum message length
D/QC-QMI  ( 1620): Encoding buffer 
D/QC-QMI  ( 1620):  Setting up transaction 
D/QC-QMI  ( 1620):  Sending message 
D/QC-QMI  ( 1620):  Releasing Transaction 
D/QC-QMI  ( 1620):  Calling cooked async Callback 
D/QC-QMI  ( 1620):  Inside qmi_client_decode_msg_async  Callback 
D/QC-QMI  ( 1620):  Getting maximum message length
D/QC-QMI  ( 1620): Encoding buffer 
D/QC-QMI  ( 1620):  Setting up transaction 
D/QC-QMI  ( 1620):  Sending message 
D/QC-QMI  ( 1620):  Releasing Transaction 
D/QC-QMI  ( 1620):  Calling cooked async Callback 
D/QC-QMI  ( 1620):  Inside qmi_client_decode_msg_async  Callback 
D/QC-QMI  ( 1620):  Getting maximum message length
D/QC-QMI  ( 1620): Encoding buffer 
D/QC-QMI  ( 1620):  Setting up transaction 
D/QC-QMI  ( 1620):  Sending message 
D/QC-QMI  ( 1620):  Releasing Transaction 
D/QC-QMI  ( 1620):  Calling cooked async Callback 
D/QC-QMI  ( 1620):  Inside qmi_client_decode_msg_async  Callback 
D/QC-QMI  ( 1620) | 
2015-10-09 18:37:54:912 | Backend.Converter.LogcatToLogConverter | Error | Could not read logcat data | System.ArgumentOutOfRangeException: Length cannot be less than zero.
Parameter name: length
   at System.String.Substring(Int32 startIndex, Int32 length)
   at Backend.Converter.LogcatToLogConverter.Convert(String text) in c:\Users\Daniel\Documents\GitHub\Loginator\Backend\Converter\LogcatToLogConverter.cs:line 70
2015-10-09 18:37:54:912 | Backend.Receiver | Trace | :  Getting maximum message length
D/QC-QMI  ( 1620): Encoding buffer 
D/QC-QMI  ( 1620):  Setting up transaction 
D/QC-QMI  ( 1620):  Sending message 
D/QC-QMI  ( 1620):  Releasing Transaction 
D/QC-QMI  ( 1620):  Calling cooked async Callback 
D/QC-QMI  ( 1620):  Inside qmi_client_decode_msg_async  Callback 
D/QC-QMI  ( 1620):  Getting maximum message length
D/QC-QMI  ( 1620): Encoding buffer 
D/QC-QMI  ( 1620):  Setting up transaction 
D/QC-QMI  ( 1620):  Sending message 
D/QC-QMI  ( 1620):  Releasing Transaction 
D/QC-QMI  ( 1620):  Calling cooked async Callback 
D/QC-QMI  ( 1620):  Inside qmi_client_decode_msg_async  Callback 
D/QC-QMI  ( 1620):  Getting maximum message length
D/QC-QMI  ( 1620): Encoding buffer 
D/QC-QMI  ( 1620):  Setting up transaction 
D/QC-QMI  ( 1620):  Sending message 
D/QC-QMI  ( 1620):  Releasing Transaction 
D/QC-QMI  ( 1620):  Calling cooked async Callback 
D/QC-QMI  ( 1620):  Inside qmi_client_decode_msg_async  Callback 
D/CellBroadcastConfigService( 4128): | 
2015-10-09 18:37:54:912 | Backend.Receiver | Trace |  enabled emergency cell broadcast channels
D/CellBroadcastConfigService( 4128): disabling cell broadcast channel 50
D/IccSmsInterfaceManager( 2351): [IccSmsInterfaceManager] Failed to remove GSM cell broadcast subscription for MID range 50 to 50 from client com.android.cellbroadcastreceiver
D/CellBroadcastConfigService( 4128): disabling channels 919-928
D/IccSmsInterfaceManager( 2351): [IccSmsInterfaceManager] Failed to remove GSM cell broadcast subscription for MID range 919 to 928 from client com.android.cellbroadcastreceiver
D/CellBroadcastConfigService( 4128): disabling cell broadcast ETWS test messages
D/IccSmsInterfaceManager( 2351): [IccSmsInterfaceManager] Failed to remove GSM cell broadcast subscription for MID range 4355 to 4355 from client com.android.cellbroadcastreceiver
D/CellBroadcastConfigService( 4128): disabling cell broadcast CMAS test messages
D/IccSmsInterfaceManager( 2351): [IccSmsInterfaceManager] Failed to remove GSM cell broadcast subscription for MID range 4380 to 4382 from c | 
2015-10-09 18:37:54:912 | Backend.Receiver | Trace | lient com.android.cellbroadcastreceiver
D/IccSmsInterfaceManager( 2351): [IccSmsInterfaceManager] Failed to remove cdma broadcast subscription for MID range 4100 to 4100 from client com.android.cellbroadcastreceiver
D/VoldCmdListener(  190): cryptfs getpwtype
D/WifiService( 1873): releaseWifiLockLocked: WifiLock{NlpWifiLock type=2 binder=android.os.BinderProxy@3315d48c}
D/VoldCmdListener(  190): cryptfs getpwtype
D/VoldCmdListener(  190): cryptfs getpwtype
D/AlarmManagerService( 1873): Kernel timezone updated to -120 minutes west of GMT
D/CellBroadcastReceiver( 4128): onReceive Intent { act=android.intent.action.SERVICE_STATE flg=0x10 cmp=com.android.cellbroadcastreceiver/.CellBroadcastReceiver (has extras) }
D/CellBroadcastReceiver( 4128): Intent ACTION_SERVICE_STATE_CHANGED
D/CellBroadcastReceiver( 4128): Service state changed! 0 Full: 0 0 voice home data home bob bob 23201 bob bob 23201  UMTS UMTS CSS not supported -1 -1 RoamInd=-1 DefRoamInd=-1 EmergOnly=false Current state=-1
D/ConnectivityServ | 
2015-10-09 18:37:54:912 | Backend.Receiver | Trace | ice( 1873): rematching NetworkAgentInfo [MOBILE (HSPA+) - 176]
D/ConnectivityService( 1873): Network NetworkAgentInfo [MOBILE (HSPA+) - 176] was already satisfying request 1. No change.
D/ConnectivityService( 1873): notifyType AVAILABLE for NetworkAgentInfo [MOBILE (HSPA+) - 176]
D/KeyguardUpdateMonitor( 2057): ACTION_SERVICE_STATE_CHANGED on sub: 1 mServiceState: 0 0 voice home data home bob bob 23201 bob bob 23201  UMTS UMTS CSS not supported -1 -1 RoamInd=-1 DefRoamInd=-1 EmergOnly=false
D/ConnectivityService( 1873): notifyType CAP_CHANGED for NetworkAgentInfo [MOBILE (HSPA+) - 176]
D/ConnectivityService( 1873): Setting tx/rx TCP buffers to 58254,349525,1048576,58254,349525,1048576
D/ConnectivityManager.CallbackHandler( 2057): CM callback handler got msg 524290
D/ConnectivityManager.CallbackHandler(22122): CM callback handler got msg 524290
D/ConnectivityManager.CallbackHandler(22122): CM callback handler got msg 524294
D/ConnectivityManager.CallbackHandler( 2057): CM callback handler got msg 5242 | 
2015-10-09 18:37:54:912 | Backend.Receiver | Trace | 94
D/PhoneInterfaceManager( 2351): [PhoneIntfMgr] getDataEnabled: subId=1 phoneId=0
D/PhoneInterfaceManager( 2351): [PhoneIntfMgr] getDataEnabled: subId=1 retVal=true
D/TelephonyManager( 3293): getDataEnabled: retVal=true
D/CellBroadcastConfigService( 4128): enabling emergency cell broadcast channels
D/QC-QMI  ( 1620):  Getting maximum message length
D/QC-QMI  ( 1620): Encoding buffer 
D/QC-QMI  ( 1620):  Setting up transaction 
D/QC-QMI  ( 1620):  Sending message 
D/QC-QMI  ( 1620):  Releasing Transaction 
D/QC-QMI  ( 1620):  Getting maximum message length
D/QC-QMI  ( 1620):  Setting up transaction 
D/QC-QMI  ( 1620):  Sending message 
D/QC-QMI  ( 1620):  Releasing Transaction 
D/ConnectivityService( 1873): notifyType IP_CHANGED for NetworkAgentInfo [MOBILE (UMTS) - 176]
D/ConnectivityManager.CallbackHandler( 2057): CM callback handler got msg 524295
D/ConnectivityManager.CallbackHandler(22122): CM callback handler got msg 524295
D/ConnectivityService( 1873): notifyType IP_CHANGED for Networ | 
2015-10-09 18:37:54:912 | Backend.Receiver | Trace | kAgentInfo [MOBILE (UMTS) - 176]
D/ConnectivityManager.CallbackHandler( 2057): CM callback handler got msg 524295
D/ConnectivityManager.CallbackHandler(22122): CM callback handler got msg 524295
D/QC-QMI  ( 1620):  Calling cooked async Callback 
D/QC-QMI  ( 1620):  Inside qmi_client_decode_msg_async  Callback 
D/QC-QMI  ( 1620):  Calling cooked async Callback 
D/QC-QMI  ( 1620):  Inside qmi_client_decode_msg_async  Callback 
D/QC-QMI  ( 1620):  Getting maximum message length
D/QC-QMI  ( 1620): Encoding buffer 
D/QC-QMI  ( 1620):  Setting up transaction 
D/QC-QMI  ( 1620):  Sending message 
D/QC-QMI  ( 1620):  Releasing Transaction 
D/QC-QMI  ( 1620):  Calling cooked async Callback 
D/QC-QMI  ( 1620):  Inside qmi_client_decode_msg_async  Callback 
D/QC-QMI  ( 1620):  Getting maximum message length
D/QC-QMI  ( 1620): Encoding buffer 
D/QC-QMI  ( 1620):  Setting up transaction 
D/QC-QMI  ( 1620):  Sending message 
D/QC-QMI  ( 1620):  Releasing Transaction 
D/QC-QMI  ( 1620):  Getting maximum m | 
2015-10-09 18:37:54:927 | Backend.Receiver | Trace | essage length
D/QC-QMI  ( 1620):  Setting up transaction 
D/QC-QMI  ( 1620):  Sending message 
D/QC-QMI  ( 1620):  Releasing Transaction 
D/QC-QMI  ( 1620):  Calling cooked async Callback 
D/QC-QMI  ( 1620):  Inside qmi_client_decode_msg_async  Callback 
D/QC-QMI  ( 1620):  Calling cooked async Callback 
D/QC-QMI  ( 1620):  Inside qmi_client_decode_msg_async  Callback 
D/QC-QMI  ( 1620):  Getting maximum message length
D/QC-QMI  ( 1620): Encoding buffer 
D/QC-QMI  ( 1620):  Setting up transaction 
 | 
2015-10-09 18:37:54:927 | Backend.Receiver | Trace | D/QC-QMI  ( 1620):  Sending message 
D/QC-QMI  ( 1620):  Releasing Transaction 
D/QC-QMI  ( 1620):  Calling cooked async Callback 
D/QC-QMI  ( 1620):  Inside qmi_client_decode_msg_async  Callback 
D/QC-QMI  ( 1620):  Getting maximum message length
D/QC-QMI  ( 1620): Encoding buffer 
D/QC-QMI  ( 1620):  Setting up transaction 
D/QC-QMI  ( 1620):  Sending message 
D/QC-QMI  ( 1620):  Releasing Transaction 
D/QC-QMI  ( 1620):  Calling cooked async Callback 
D/QC-QMI  ( 1620):  Inside qmi_client_decode_msg_async  Callback 
D/QC-QMI  ( 1620):  Getting maximum message length
 | 
2015-10-09 18:37:54:927 | Backend.Receiver | Trace | D/QC-QMI  ( 1620): Encoding buffer 
D/QC-QMI  ( 1620):  Setting up transaction 
D/QC-QMI  ( 1620):  Sending message 
D/QC-QMI  ( 1620):  Releasing Transaction 
D/QC-QMI  ( 1620):  Calling cooked async Callback 
D/QC-QMI  ( 1620):  Inside qmi_client_decode_msg_async  Callback 
D/QC-QMI  ( 1620):  Getting maximum message length
D/QC-QMI  ( 1620): Encoding buffer 
D/QC-QMI  ( 1620):  Setting up transaction 
 | 
2015-10-09 18:37:54:927 | Backend.Receiver | Trace | D/QC-QMI  ( 1620):  Sending message 
D/QC-QMI  ( 1620):  Releasing Transaction 
D/QC-QMI  ( 1620):  Calling cooked async Callback 
D/QC-QMI  ( 1620):  Inside qmi_client_decode_msg_async  Callback 
D/QC-QMI  ( 1620):  Getting maximum message length
D/QC-QMI  ( 1620): Encoding buffer 
D/QC-QMI  ( 1620):  Setting up transaction 
D/QC-QMI  ( 1620):  Sending message 
D/QC-QMI  ( 1620):  Releasing Transaction 
D/QC-QMI  ( 1620):  Calling cooked async Callback 
D/QC-QMI  ( 1620):  Inside qmi_client_decode_msg_async  Callback 
D/QC-QMI  ( 1620):  Getting maximum message length
D/QC-QMI  ( 1620): Encoding buffer 
D/QC-QMI  ( 1620):  Setting up transaction 
D/QC-QMI  ( 1620):  Sending message 
D/QC-QMI  ( 1620):  Releasing Transaction 
D/QC-QMI  ( 1620):  Calling cooked async Callback 
D/QC-QMI  ( 1620):  Inside qmi_client_decode_msg_async  Callback 
D/QC-QMI  ( 1620):  Getting maximum message length
D/QC-QMI  ( 1620): Encoding buffer 
D/QC-QMI  ( 1620):  Setting up transaction 
D/QC-QMI  ( 1620):  | 
2015-10-09 18:37:54:927 | Backend.Receiver | Trace |  Sending message 
D/QC-QMI  ( 1620):  Releasing Transaction 
D/QC-QMI  ( 1620):  Calling cooked async Callback 
D/QC-QMI  ( 1620):  Inside qmi_client_decode_msg_async  Callback 
D/QC-QMI  ( 1620):  Getting maximum message length
D/QC-QMI  ( 1620):  Setting up transaction 
D/QC-QMI  ( 1620):  Sending message 
D/QC-QMI  ( 1620):  Releasing Transaction 
D/QC-QMI  ( 1620):  Getting maximum message length
D/QC-QMI  ( 1620): Encoding buffer 
 | 
2015-10-09 18:37:54:927 | Backend.Receiver | Trace | V/GmsNetworkLocationProvi( 2287): onSetRequest: ProviderRequestUnbundled, reportLocation is true and interval is 0
V/GmsNetworkLocationProvi( 2287): SET-REQUEST
V/GmsNetworkLocationProvi( 2287): in Handler: ProviderRequestUnbundled, reportLocation is true and interval is 20000
D/WifiService( 1873): acquireWifiLockLocked: WifiLock{NlpWifiLock type=2 binder=android.os.BinderProxy@3315d48c}
D/QC-QMI  ( 1620):  Getting maximum message length
D/QC-QMI  ( 1620):  Setting up transaction 
D/QC-QMI  ( 1620):  Sending message 
D/QC-QMI  ( 1620):  Releasing Transaction 
D/QC-QMI  ( 1620):  Calling cooked async Callback 
 | 
2015-10-09 18:37:54:927 | Backend.Receiver | Trace | igh 16??, low 7??, Partly Cloudy(30)
D/WifiService( 1873): releaseWifiLockLocked: WifiLock{NlpWifiLock type=2 binder=android.os.BinderProxy@3315d48c}
W/ActivityManager( 1873): SLOW OOM ADJ: 14729ms for pid 2287 = 1
V/GmsNetworkLocationProvi( 2287): onSetRequest: ProviderRequestUnbundled, reportLocation is true and interval is 86400000
 | 
2015-10-09 18:37:54:927 | Backend.Receiver | Trace | V/GmsNetworkLocationProvi( 2287): SET-REQUEST
V/GmsNetworkLocationProvi( 2287): in Handler: ProviderRequestUnbundled, reportLocation is true and interval is 86400000
E/LocSvc_eng( 1873): I/===> int loc_eng_inject_location(loc_eng_data_s_type&, double, double, float) line 729 
E/LocSvc_utils_q( 1873): D/msg_q_snd: Sending message with handle = 0xB9491F60
E/LocSvc_utils_ll( 1873): D/linked_list_add: Adding to list data_obj = 0xB9491F60
E/LocSvc_utils_ll( 1873): D/linked_list_remove: Removing from list
E/LocSvc_utils_q( 1873): D/msg_q_rcv: Received message 0xB9491F60 rv = 0
E/LocSvc_eng( 1873): D/void loc_eng_deferred_action_thread(void*):1415] received msg_id = LOC_ENG_MSG_INJECT_LOCATION context = 0xb9194f10
E/LocSvc_api_v02( 1873): I/---> locClientSendReq line 2084 QMI_LOC_INJECT_POSITION_REQ_V02
D/QMI_FW  ( 1873): QCCI: QMI_CCI_TX: cntl_flag - 00, txn_id - 0161, msg_id - 0039, msg_len - 0021
D/QMI_FW  ( 1873): QCCI: QMUXD: xport_send[2 -> 16]: 40 bytes on conn_id=9
 | 
2015-10-09 18:37:54:927 | Backend.Receiver | Trace | E/LocSvc_utils_q( 1873): D/msg_q_snd: Finished Sending message with handle = 0xB9491F60
V/GmsNetworkLocationProvi( 2287): onSetRequest: ProviderRequestUnbundled, reportLocation is true and interval is 0
V/GmsNetworkLocationProvi( 2287): SET-REQUEST
V/GmsNetworkLocationProvi( 2287): in Handler: ProviderRequestUnbundled, reportLocation is true and interval is 20000
D/WifiService( 1873): acquireWifiLockLocked: WifiLock{NlpWifiLock type=2 binder=android.os.BinderProxy@3315d48c}
D/QC-QMI  ( 1620):  Getting maximum message length
D/QC-QMI  ( 1620):  Setting up transaction 
D/QC-QMI  ( 1620):  Sending message 
D/QC-QMI  ( 1620):  Releasing Transaction 
D/QC-QMI  ( 1620):  Calling cooked async Callback 
D/QC-QMI  ( 1620):  Inside qmi_client_decode_msg_async  Callback 
 | 
2015-10-09 18:37:54:927 | Backend.Receiver | Trace | D/QMI_FW  ( 1873): QCCI: QMUXD: xport_rx[2 <- 16]: 14 bytes on conn_id: 9
D/QMI_FW  ( 1873): QCCI: QMI_CCI_RX: cntl_flag - 02, txn_id - 0161, msg_id - 0039, msg_len - 0007
D/QMI_FW  ( 1873): QCCI: QMUXD: xport_rx[2 <- 16]: 14 bytes on conn_id: 9
D/QMI_FW  ( 1873): QCCI: QMI_CCI_RX: cntl_flag - 04, txn_id - 0000, msg_id - 0039, msg_len - 0007
E/LocSvc_adapter( 1873): I/<--- void globalRespCb(locClientHandleType, uint32_t, locClientRespIndUnionType, void*) line 115 QMI_LOC_INJECT_POSITION_REQ_V02
E/LocSvc_api_v02( 1873): D/loc_free_slot:298]: freeing slot 0
E/LocSvc_eng( 1873): D/void loc_eng_deferred_action_thread(void*):1402] 5935 listening ...
E/LocSvc_utils_q( 1873): D/msg_q_rcv: Waiting on message
D/YahooWeatherProvider(  354): Resolved location Location[network 47,249229,9,587230 acc=1604 et=+8d20h4m12s157ms {Bundle[mParcelledData.dataSize=504]}] to Feldkirch (12816573)
D/YahooWeatherProvider(  354): Weather updated: WeatherInfo for Feldkirch (12816573) @ Fri Oct 09 18:19:08 MESZ 2015: Stark bew? | 
2015-10-09 18:37:54:927 | Backend.Receiver | Trace | ?lkt(28), temperature 15??C, low 7??, high 16??, humidity 77%, wind 5km/h at N, forecasts: day 1: high 16??, low 7??, Showers Early(45); day 2: high 17??, low 10??, Mostly Cloudy(28); day 3: high 14??, low 6??, Mostly Cloudy(28); day 4: high 17??, low 7??, Mostly Sunny(34); day 5: high 16??, low 7??, Partly Cloudy(30)
 | 
2015-10-09 18:37:54:927 | Backend.Receiver | Trace | V/GmsNetworkLocationProvi( 2287): onSetRequest: ProviderRequestUnbundled, reportLocation is true and interval is 86400000
D/WifiService( 1873): releaseWifiLockLocked: WifiLock{NlpWifiLock type=2 binder=android.os.BinderProxy@3315d48c}
V/GmsNetworkLocationProvi( 2287): SET-REQUEST
V/GmsNetworkLocationProvi( 2287): in Handler: ProviderRequestUnbundled, reportLocation is true and interval is 86400000
E/LocSvc_eng( 1873): I/===> int loc_eng_inject_location(loc_eng_data_s_type&, double, double, float) line 729 
E/LocSvc_utils_q( 1873): D/msg_q_snd: Sending message with handle = 0xB948D8E8
E/LocSvc_utils_ll( 1873): D/linked_list_add: Adding to list data_obj = 0xB948D8E8
E/LocSvc_utils_ll( 1873): D/linked_list_remove: Removing from list
E/LocSvc_utils_q( 1873): D/msg_q_rcv: Received message 0xB948D8E8 rv = 0
E/LocSvc_eng( 1873): D/void loc_eng_deferred_action_thread(void*):1415] received msg_id = LOC_ENG_MSG_INJECT_LOCATION context = 0xb9194f10
E/LocSvc_api_v02( 1873): I/---> locClientSendReq line 2084 QMI | 
2015-10-09 18:37:54:927 | Backend.Receiver | Trace | _LOC_INJECT_POSITION_REQ_V02
 | 
2015-10-09 18:37:54:927 | Backend.Receiver | Trace | D/QMI_FW  ( 1873): QCCI: QMI_CCI_TX: cntl_flag - 00, txn_id - 0162, msg_id - 0039, msg_len - 0021
D/QMI_FW  ( 1873): QCCI: QMUXD: xport_send[2 -> 16]: 40 bytes on conn_id=9
E/LocSvc_utils_q( 1873): D/msg_q_snd: Finished Sending message with handle = 0xB948D8E8
D/QMI_FW  ( 1873): QCCI: QMUXD: xport_rx[2 <- 16]: 14 bytes on conn_id: 9
D/QMI_FW  ( 1873): QCCI: QMI_CCI_RX: cntl_flag - 02, txn_id - 0162, msg_id - 0039, msg_len - 0007
D/QMI_FW  ( 1873): QCCI: QMUXD: xport_rx[2 <- 16]: 14 bytes on conn_id: 9
D/QMI_FW  ( 1873): QCCI: QMI_CCI_RX: cntl_flag - 04, txn_id - 0000, msg_id - 0039, msg_len - 0007
E/LocSvc_adapter( 1873): I/<--- void globalRespCb(locClientHandleType, uint32_t, locClientRespIndUnionType, void*) line 115 QMI_LOC_INJECT_POSITION_REQ_V02
E/LocSvc_api_v02( 1873): D/loc_free_slot:298]: freeing slot 0
E/LocSvc_eng( 1873): D/void loc_eng_deferred_action_thread(void*):1402] 5936 listening ...
 | 
2015-10-09 18:37:54:927 | Backend.Receiver | Trace | E/LocSvc_utils_q( 1873): D/msg_q_rcv: Waiting on message
D/YahooWeatherProvider(  354): Resolved location Location[network 47,249403,9,587738 acc=1606 et=+8d21h0m53s103ms {Bundle[mParcelledData.dataSize=504]}] to Feldkirch (12816573)
D/YahooWeatherProvider(  354): Weather updated: WeatherInfo for Feldkirch (12816573) @ Fri Oct 09 18:19:16 MESZ 2015: Stark bew??lkt(28), temperature 15??C, low 7??, high 16??, humidity 77%, wind 5km/h at N, forecasts: day 1: high 16??, low 7??, Showers Early(45); day 2: high 17??, low 10??, Mostly Cloudy(28); day 3: high 14??, low 6??, Mostly Cloudy(28); day 4: high 17??, low 7??, Mostly Sunny(34); day 5: high 16??, low 7??, Partly Cloudy(30)
D/AlarmManagerService( 1873): Kernel timezone updated to -120 minutes west of GMT
D/KeyguardUpdateMonitor( 2057): ACTION_SERVICE_STATE_CHANGED on sub: 1 mServiceState: 0 0 voice home data home bob bob 23201 bob bob 23201  GSM UMTS CSS not supported -1 -1 RoamInd=-1 DefRoamInd=-1 EmergOnly=false
D/CellBroadcastReceiver( 4128): onReceive | 
2015-10-09 18:37:54:943 | Backend.Receiver | Trace | D/QC-QMI  ( 1620):  Releasing Transaction 
D/AlarmManagerService( 1873): Kernel timezone updated to -120 minutes west of GMT
D/QC-QMI  ( 1620):  Calling cooked async Callback 
D/QC-QMI  ( 1620):  Inside qmi_client_decode_msg_async  Callback 
D/KeyguardUpdateMonitor( 2057): ACTION_SERVICE_STATE_CHANGED on sub: 1 mServiceState: 0 0 voice home data home bob bob 23201 bob bob 23201  GSM EDGE CSS not supported -1 -1 RoamInd=-1 DefRoamInd=-1 EmergOnly=false
D/QC-QMI  ( 1620):  Calling cooked async Callback 
D/QC-QMI  ( 1620):  Inside qmi_client_decode_msg_async  Callback 
D/ConnectivityService( 1873): rematching NetworkAgentInfo [MOBILE (UMTS) - 176]
D/ConnectivityService( 1873): Network NetworkAgentInfo [MOBILE (UMTS) - 176] was already satisfying request 1. No change.
D/ConnectivityService( 1873): notifyType AVAILABLE for NetworkAgentInfo [MOBILE (UMTS) - 176]
D/ConnectivityService( 1873): notifyType CAP_CHANGED for NetworkAgentInfo [MOBILE (UMTS) - 176]
D/ConnectivityService( 1873): Setting tx/rx TCP  | 
2015-10-09 18:37:54:943 | Backend.Receiver | Trace | buffers to 4093,26280,70800,4096,16384,70800
D/CellBroadcastReceiver( 4128): onReceive Intent { act=android.intent.action.SERVICE_STATE flg=0x10 cmp=com.android.cellbroadcastreceiver/.CellBroadcastReceiver (has extras) }
D/CellBroadcastReceiver( 4128): Intent ACTION_SERVICE_STATE_CHANGED
D/CellBroadcastReceiver( 4128): Service state changed! 0 Full: 0 0 voice home data home bob bob 23201 bob bob 23201  GSM EDGE CSS not supported -1 -1 RoamInd=-1 DefRoamInd=-1 EmergOnly=false Current state=-1
D/ConnectivityManager.CallbackHandler( 2057): CM callback handler got msg 524290
D/ConnectivityManager.CallbackHandler(22122): CM callback handler got msg 524290
D/ConnectivityManager.CallbackHandler(22122): CM callback handler got msg 524294
D/ConnectivityManager.CallbackHandler( 2057): CM callback handler got msg 524294
D/PhoneInterfaceManager( 2351): [PhoneIntfMgr] getDataEnabled: subId=1 phoneId=0
D/PhoneInterfaceManager( 2351): [PhoneIntfMgr] getDataEnabled: subId=1 retVal=true
D/TelephonyManager( 3293): ge | 
2015-10-09 18:37:54:943 | Backend.Receiver | Trace | tDataEnabled: retVal=true
D/ConnectivityService( 1873): notifyType IP_CHANGED for NetworkAgentInfo [MOBILE (EDGE) - 176]
D/QC-QMI  ( 1620):  Getting maximum message length
D/QC-QMI  ( 1620): Encoding buffer 
D/QC-QMI  ( 1620):  Setting up transaction 
D/QC-QMI  ( 1620):  Sending message 
D/QC-QMI  ( 1620):  Releasing Transaction 
D/ConnectivityManager.CallbackHandler( 2057): CM callback handler got msg 524295
D/ConnectivityManager.CallbackHandler(22122): CM callback handler got msg 524295
D/ConnectivityService( 1873): notifyType IP_CHANGED for NetworkAgentInfo [MOBILE (EDGE) - 176]
D/ConnectivityManager.CallbackHandler( 2057): CM callback handler got msg 524295
D/ConnectivityManager.CallbackHandler(22122): CM callback handler got msg 524295
D/QC-QMI  ( 1620):  Calling cooked async Callback 
D/QC-QMI  ( 1620):  Inside qmi_client_decode_msg_async  Callback 
D/QC-QMI  ( 1620):  Getting maximum message length
D/QC-QMI  ( 1620): Encoding buffer 
D/QC-QMI  ( 1620):  Setting up transaction 
 | 
2015-10-09 18:37:54:943 | Backend.Receiver | Trace | D/QC-QMI  ( 1620):  Sending message 
D/QC-QMI  ( 1620):  Releasing Transaction 
D/QC-QMI  ( 1620):  Calling cooked async Callback 
D/QC-QMI  ( 1620):  Inside qmi_client_decode_msg_async  Callback 
D/QC-QMI  ( 1620):  Getting maximum message length
D/QC-QMI  ( 1620):  Setting up transaction 
D/QC-QMI  ( 1620):  Sending message 
D/QC-QMI  ( 1620):  Releasing Transaction 
D/QC-QMI  ( 1620):  Calling cooked async Callback 
D/QC-QMI  ( 1620):  Inside qmi_client_decode_msg_async  Callback 
D/QC-QMI  ( 1620):  Getting maximum message length
 | 
2015-10-09 18:37:54:943 | Backend.Receiver | Trace | D/CellBroadcastConfigService( 4128): disabling cell broadcast channel 50
D/IccSmsInterfaceManager( 2351): [IccSmsInterfaceManager] Failed to remove GSM cell broadcast subscription for MID range 50 to 50 from client com.android.cellbroadcastreceiver
D/CellBroadcastConfigService( 4128): disabling channels 919-928
D/IccSmsInterfaceManager( 2351): [IccSmsInterfaceManager] Failed to remove GSM cell broadcast subscription for MID range 919 to 928 from client com.android.cellbroadcastreceiver
D/CellBroadcastConfigService( 4128): disabling cell broadcast ETWS test messages
D/IccSmsInterfaceManager( 2351): [IccSmsInterfaceManager] Failed to remove GSM cell broadcast subscription for MID range 4355 to 4355 from client com.android.cellbroadcastreceiver
D/CellBroadcastConfigService( 4128): disabling cell broadcast CMAS test messages
D/IccSmsInterfaceManager( 2351): [IccSmsInterfaceManager] Failed to remove GSM cell broadcast subscription for MID range 4380 to 4382 from client com.android.cellbroadcastreceiver
D/I | 
2015-10-09 18:37:54:943 | Backend.Converter.LogcatToLogConverter | Error | Could not read logcat data | System.ArgumentOutOfRangeException: Length cannot be less than zero.
Parameter name: length
   at System.String.Substring(Int32 startIndex, Int32 length)
   at Backend.Converter.LogcatToLogConverter.Convert(String text) in c:\Users\Daniel\Documents\GitHub\Loginator\Backend\Converter\LogcatToLogConverter.cs:line 70
2015-10-09 18:37:54:943 | Backend.Receiver | Trace | ( 1620):  Setting up transaction 
D/QC-QMI  ( 1620):  Sending message 
D/QC-QMI  ( 1620):  Releasing Transaction 
D/QC-QMI  ( 1620):  Calling cooked async Callback 
D/QC-QMI  ( 1620):  Inside qmi_client_decode_msg_async  Callback 
D/QC-QMI  ( 1620):  Getting maximum message length
D/QC-QMI  ( 1620): Encoding buffer 
D/QC-QMI  ( 1620):  Setting up transaction 
D/QC-QMI  ( 1620):  Sending message 
D/QC-QMI  ( 1620):  Releasing Transaction 
D/QC-QMI  ( 1620):  Calling cooked async Callback 
D/QC-QMI  ( 1620):  Inside qmi_client_decode_msg_async  Callback 
 | 
2015-10-09 18:37:54:943 | Backend.Receiver | Trace | D/QC-QMI  ( 1620):  Getting maximum message length
D/QC-QMI  ( 1620): Encoding buffer 
D/QC-QMI  ( 1620):  Setting up transaction 
D/QC-QMI  ( 1620):  Sending message 
D/QC-QMI  ( 1620):  Releasing Transaction 
D/QC-QMI  ( 1620):  Calling cooked async Callback 
D/QC-QMI  ( 1620):  Inside qmi_client_decode_msg_async  Callback 
D/QC-QMI  ( 1620):  Getting maximum message length
