D/QC-QMI  ( 1620): Encoding buffer 
D/QC-QMI  ( 1620):  Setting up transaction 
D/QC-QMI  ( 1620):  Sending message 
 | 
2015-10-09 18:37:54:943 | Backend.Receiver | Trace | D/QC-QMI  ( 1620):  Releasing Transaction 
D/QC-QMI  ( 1620):  Calling cooked async Callback 
D/QC-QMI  ( 1620):  Inside qmi_client_decode_msg_async  Callback 
D/QC-QMI  ( 1620):  Getting maximum message length
D/QC-QMI  ( 1620): Encoding buffer 
D/QC-QMI  ( 1620):  Setting up transaction  | 
2015-10-09 18:37:54:943 | Backend.Receiver | Trace | 
D/QC-QMI  ( 1620):  Sending message 
D/QC-QMI  ( 1620):  Releasing Transaction 
D/QC-QMI  ( 1620):  Calling cooked async Callback 
D/QC-QMI  ( 1620):  Inside qmi_client_decode_msg_async  Callback 
D/QC-QMI  ( 1620):  Getting maximum message length
D/QC-QMI  ( 1620): Encoding buffer 
D/QC-QMI  ( 1620):  Setting up transaction 
D/QC-QMI  ( 1620):  Sending message 
D/QC-QMI  ( 1620):  Releasing Transaction 
D/QC-QMI  ( 1620):  Calling cooked async Callback 
D/QC-QMI  ( 1620):  Inside qmi_client_decode_msg_async  Callback 
 | 
2015-10-09 18:37:54:959 | Backend.Receiver | Trace | D/QC-QMI  ( 1620):  Sending message 
D/QC-QMI  ( 1620):  Releasing Transaction 
D/QC-QMI  ( 1620):  Calling cooked async Callback 
D/QC-QMI  ( 1620):  Inside qmi_client_decode_msg_async  Callback 
D/QC-QMI  ( 1620):  Getting maximum message length
D/QC-QMI  ( 1620): Encoding buffer 
D/QC-QMI  ( 1620):  Setting up transaction 
D/QC-QMI  ( 1620):  Sending message 
D/QC-QMI  ( 1620):  Releasing Transaction 
D/QC-QMI  ( 1620):  Calling cooked async Callback 
D/QC-QMI  ( 1620):  Inside qmi_client_decode_msg_async  Callback 
D/CellBroadcastConfigService( 4128): enabled emergency cell broadcast channels
D/CellBroadcastConfigService( 4128): disabling cell broadcast channel 50
D/IccSmsInterfaceManager( 2351): [IccSmsInterfaceManager] Failed to remove GSM cell broadcast subscription for MID range 50 to 50 from client com.android.cellbroadcastreceiver
D/CellBroadcastConfigService( 4128): disabling channels 919-928
D/IccSmsInterfaceManager( 2351): [IccSmsInterfaceManager] Failed to remove GSM cell broadcas | 
2015-10-09 18:37:54:959 | Backend.Receiver | Trace | SS not supported -1 -1 RoamInd=-1 DefRoamInd=-1 EmergOnly=false
D/CellBroadcastReceiver( 4128): onReceive Intent { act=android.intent.action.SERVICE_STATE flg=0x10 cmp=com.android.cellbroadcastreceiver/.CellBroadcastReceiver (has extras) }
D/CellBroadcastReceiver( 4128): Intent ACTION_SERVICE_STATE_CHANGED
D/CellBroadcastReceiver( 4128): Service state changed! 0 Full: 0 0 voice home data home bob bob 23201 bob bob 23201  UMTS EDGE CSS not supported -1 -1 RoamInd=-1 DefRoamInd=-1 EmergOnly=false Current state=-1
D/CellBroadcastConfigService( 4128): enabling emergency cell broadcast channels
D/QC-QMI  ( 1620):  Getting maximum message length
D/QC-QMI  ( 1620): Encoding buffer 
D/QC-QMI  ( 1620):  Setting up transaction 
D/QC-QMI  ( 1620):  Sending message 
D/QC-QMI  ( 1620):  Releasing Transaction 
D/QC-QMI  ( 1620):  Getting maximum message length
D/QC-QMI  ( 1620):  Setting up transaction 
D/QC-QMI  ( 1620):  Sending message 
D/QC-QMI  ( 1620):  Releasing Transaction 
D/QC-QMI  ( 1620):  Calling | 
2015-10-09 18:37:54:959 | Backend.Receiver | Trace | D/QC-QMI  ( 1620): Encoding buffer 
D/QC-QMI  ( 1620):  Setting up transaction 
D/QC-QMI  ( 1620):  Sending message 
D/QC-QMI  ( 1620):  Releasing Transaction 
D/QC-QMI  ( 1620):  Calling cooked async Callback 
D/QC-QMI  ( 1620):  Inside qmi_client_decode_msg_async  Callback 
D/QC-QMI  ( 1620):  Getting maximum message length
D/QC-QMI  ( 1620): Encoding buffer 
D/QC-QMI  ( 1620):  Setting up transaction 
D/QC-QMI  ( 1620):  Sending message 
D/QC-QMI  ( 1620):  Releasing Transaction 
D/QC-QMI  ( 1620):  Getting maximum message length
 | 
2015-10-09 18:37:54:959 | Backend.Receiver | Trace | D/QC-QMI  ( 1620):  Setting up transaction 
D/QC-QMI  ( 1620):  Sending message 
D/QC-QMI  ( 1620):  Releasing Transaction 
D/QC-QMI  ( 1620):  Calling cooked async Callback 
D/QC-QMI  ( 1620):  Inside qmi_client_decode_msg_async  Callback 
D/QC-QMI  ( 1620):  Calling cooked async Callback 
D/QC-QMI  ( 1620):  Inside qmi_client_decode_msg_async  Callback 
D/QC-QMI  ( 1620):  Getting maximum message length
D/QC-QMI  ( 1620): Encoding buffer 
D/QC-QMI  ( 1620):  Setting up transaction 
D/QC-QMI  ( 1620):  Sending message 
 | 
2015-10-09 18:37:54:959 | Backend.Receiver | Trace | D/QC-QMI  ( 1620):  Releasing Transaction 
D/QC-QMI  ( 1620):  Calling cooked async Callback 
D/QC-QMI  ( 1620):  Inside qmi_client_decode_msg_async  Callback 
D/QC-QMI  ( 1620):  Getting maximum message length
D/QC-QMI  ( 1620): Encoding buffer 
D/QC-QMI  ( 1620):  Setting up transaction 
D/QC-QMI  ( 1620):  Sending message 
D/QC-QMI  ( 1620):  Releasing Transaction 
D/QC-QMI  ( 1620):  Calling cooked async Callback 
D/QC-QMI  ( 1620):  Inside qmi_client_decode_msg_async  Callback 
D/QC-QMI  ( 1620):  Getting maximum message length
D/QC-QMI  ( 1620): Encoding buffer 
D/QC-QMI  ( 1620):  Setting up transaction 
D/QC-QMI  ( 1620):  Sending message 
D/QC-QMI  ( 1620):  Releasing Transaction 
D/QC-QMI  ( 1620):  Calling cooked async Callback 
 | 
2015-10-09 18:37:54:959 | Backend.Receiver | Trace | D/QC-QMI  ( 1620):  Inside qmi_client_decode_msg_async  Callback 
D/QC-QMI  ( 1620):  Getting maximum message length
D/QC-QMI  ( 1620): Encoding buffer 
D/QC-QMI  ( 1620):  Setting up transaction 
D/QC-QMI  ( 1620):  Sending message 
D/QC-QMI  ( 1620):  Releasing Transaction 
D/QC-QMI  ( 1620):  Calling cooked async Callback 
D/QC-QMI  ( 1620):  Inside qmi_client_decode_msg_async  Callback 
D/QC-QMI  ( 1620):  Getting maximum message length
D/QC-QMI  ( 1620): Encoding buffer 
D/QC-QMI  ( 1620):  Setting up transaction 
D/QC-QMI  ( 1620):  Sending message 
D/QC-QMI  ( 1620):  Releasing Transaction 
D/QC-QMI  ( 1620):  Calling cooked async Callback 
D/QC-QMI  ( 1620):  Inside qmi_client_decode_msg_async  Callback 
D/CellBroadcastConfigService( 4128): enabled emergency cell broadcast channels
D/CellBroadcastConfigService( 4128): disabling cell broadcast channel 50
D/IccSmsInterfaceManager( 2351): [IccSmsInterfaceManager] Failed to remove GSM cell broadcast subscription for MID range 50 to 50 fro | 
2015-10-09 18:37:54:959 | Backend.Receiver | Trace | m client com.android.cellbroadcastreceiver
D/CellBroadcastConfigService( 4128): disabling channels 919-928
D/IccSmsInterfaceManager( 2351): [IccSmsInterfaceManager] Failed to remove GSM cell broadcast subscription for MID range 919 to 928 from client com.android.cellbroadcastreceiver
D/CellBroadcastConfigService( 4128): disabling cell broadcast ETWS test messages
D/IccSmsInterfaceManager( 2351): [IccSmsInterfaceManager] Failed to remove GSM cell broadcast subscription for MID range 4355 to 4355 from client com.android.cellbroadcastreceiver
D/CellBroadcastConfigService( 4128): disabling cell broadcast CMAS test messages
D/IccSmsInterfaceManager( 2351): [IccSmsInterfaceManager] Failed to remove GSM cell broadcast subscription for MID range 4380 to 4382 from client com.android.cellbroadcastreceiver
D/IccSmsInterfaceManager( 2351): [IccSmsInterfaceManager] Failed to remove cdma broadcast subscription for MID range 4100 to 4100 from client com.android.cellbroadcastreceiver
D/CellBroadcastConfigService( 412 | 
2015-10-09 18:37:54:959 | Backend.Receiver | Trace | 8): enabling emergency cell broadcast channels
D/QC-QMI  ( 1620):  Getting maximum message length
D/QC-QMI  ( 1620): Encoding buffer 
D/QC-QMI  ( 1620):  Setting up transaction 
D/QC-QMI  ( 1620):  Sending message 
D/QC-QMI  ( 1620):  Releasing Transaction 
D/QC-QMI  ( 1620):  Calling cooked async Callback 
D/QC-QMI  ( 1620):  Inside qmi_client_decode_msg_async  Callback 
 | 
2015-10-09 18:37:54:959 | Backend.Receiver | Trace | D/QC-QMI  ( 1620):  Getting maximum message length
D/QC-QMI  ( 1620): Encoding buffer 
D/QC-QMI  ( 1620):  Setting up transaction 
D/QC-QMI  ( 1620):  Sending message 
D/QC-QMI  ( 1620):  Releasing Transaction 
D/QC-QMI  ( 1620):  Calling cooked async Callback 
D/QC-QMI  ( 1620):  Inside qmi_client_decode_msg_async  Callback 
D/QC-QMI  ( 1620):  Getting maximum message length
D/QC-QMI  ( 1620): Encoding buffer 
D/QC-QMI  ( 1620):  Setting up transaction 
D/QC-QMI  ( 1620):  Sending message 
 | 
2015-10-09 18:37:54:959 | Backend.Receiver | Trace | D/QC-QMI  ( 1620):  Releasing Transaction 
D/QC-QMI  ( 1620):  Calling cooked async Callback 
D/QC-QMI  ( 1620):  Inside qmi_client_decode_msg_async  Callback 
D/QC-QMI  ( 1620):  Getting maximum message length
D/QC-QMI  ( 1620): Encoding buffer 
D/QC-QMI  ( 1620):  Setting up transaction 
 | 
2015-10-09 18:37:54:959 | Backend.Receiver | Trace | D/QC-QMI  ( 1620):  Sending message 
D/QC-QMI  ( 1620):  Releasing Transaction 
D/QC-QMI  ( 1620):  Calling cooked async Callback 
D/QC-QMI  ( 1620):  Inside qmi_client_decode_msg_async  Callback 
D/QC-QMI  ( 1620):  Getting maximum message length
D/QC-QMI  ( 1620): Encoding buffer 
D/QC-QMI  ( 1620):  Setting up transaction 
D/QC-QMI  ( 1620):  Sending message 
 | 
2015-10-09 18:37:54:959 | Backend.Receiver | Trace | D/QC-QMI  ( 1620):  Releasing Transaction 
D/QC-QMI  ( 1620):  Calling cooked async Callback 
D/QC-QMI  ( 1620):  Inside qmi_client_decode_msg_async  Callback 
D/QC-QMI  ( 1620):  Getting maximum message length
D/QC-QMI  ( 1620): Encoding buffer 
D/QC-QMI  ( 1620):  Setting up transaction 
D/QC-QMI  ( 1620):  Sending message 
D/QC-QMI  ( 1620):  Releasing Transaction 
D/QC-QMI  ( 1620):  Calling cooked async Callback 
 | 
2015-10-09 18:37:54:959 | Backend.Receiver | Trace | D/QC-QMI  ( 1620):  Inside qmi_client_decode_msg_async  Callback 
D/QC-QMI  ( 1620):  Getting maximum message length
D/QC-QMI  ( 1620): Encoding buffer 
D/QC-QMI  ( 1620):  Setting up transaction 
D/QC-QMI  ( 1620):  Sending message 
D/QC-QMI  ( 1620):  Releasing Transaction 
D/QC-QMI  ( 1620):  Calling cooked async Callback 
D/QC-QMI  ( 1620):  Inside qmi_client_decode_msg_async  Callback 
 | 
2015-10-09 18:37:54:959 | Backend.Receiver | Trace | D/QC-QMI  ( 1620):  Getting maximum message length
D/QC-QMI  ( 1620): Encoding buffer 
D/QC-QMI  ( 1620):  Setting up transaction 
D/QC-QMI  ( 1620):  Sending message 
D/QC-QMI  ( 1620):  Releasing Transaction 
D/QC-QMI  ( 1620):  Calling cooked async Callback 
D/QC-QMI  ( 1620):  Inside qmi_client_decode_msg_async  Callback 
D/QC-QMI  ( 1620):  Getting maximum message length
 | 
2015-10-09 18:37:54:959 | Backend.Receiver | Trace | D/QC-QMI  ( 1620): Encoding buffer 
D/QC-QMI  ( 1620):  Setting up transaction 
D/QC-QMI  ( 1620):  Sending message 
D/QC-QMI  ( 1620):  Releasing Transaction 
D/QC-QMI  ( 1620):  Calling cooked async Callback 
D/QC-QMI  ( 1620):  Inside qmi_client_decode_msg_async  Callback 
D/QC-QMI  ( 1620):  Getting maximum message length
D/QC-QMI  ( 1620): Encoding buffer 
D/QC-QMI  ( 1620):  Setting up transaction 
 | 
2015-10-09 18:37:54:959 | Backend.Receiver | Trace | D/QC-QMI  ( 1620):  Sending message 
D/QC-QMI  ( 1620):  Releasing Transaction 
D/QC-QMI  ( 1620):  Calling cooked async Callback 
D/QC-QMI  ( 1620):  Inside qmi_client_decode_msg_async  Callback 
D/QC-QMI  ( 1620):  Getting maximum message length
D/QC-QMI  ( 1620): Encoding buffer 
D/QC-QMI  ( 1620):  Setting up transaction 
D/QC-QMI  ( 1620):  Sending message 
D/QC-QMI  ( 1620):  Releasing Transaction 
 | 
2015-10-09 18:37:54:974 | Backend.Receiver | Trace | D/QC-QMI  ( 1620):  Calling cooked async Callback 
D/QC-QMI  ( 1620):  Inside qmi_client_decode_msg_async  Callback 
D/CellBroadcastConfigService( 4128): enabled emergency cell broadcast channels
D/CellBroadcastConfigService( 4128): disabling cell broadcast channel 50
D/IccSmsInterfaceManager( 2351): [IccSmsInterfaceManager] Failed to remove GSM cell broadcast subscription for MID range 50 to 50 from client com.android.cellbroadcastreceiver
D/CellBroadcastConfigService( 4128): disabling channels 919-928
D/IccSmsInterfaceManager( 2351): [IccSmsInterfaceManager] Failed to remove GSM cell broadcast subscription for MID range 919 to 928 from client com.android.cellbroadcastreceiver
D/CellBroadcastConfigService( 4128): disabling cell broadcast ETWS test messages
D/IccSmsInterfaceManager( 2351): [IccSmsInterfaceManager] Failed to remove GSM cell broadcast subscription for MID range 4355 to 4355 from client com.android.cellbroadcastreceiver
 | 
2015-10-09 18:37:54:974 | Backend.Receiver | Trace | E/LocSvc_adapter( 1873): I/<--- void globalRespCb(locClientHandleType, uint32_t, locClientRespIndUnionType, void*) line 115 QMI_LOC_INJECT_POSITION_REQ_V02
E/LocSvc_api_v02( 1873): D/loc_free_slot:298]: freeing slot 0
E/LocSvc_eng( 1873): D/void loc_eng_deferred_action_thread(void*):1402] 5937 listening ...
E/LocSvc_utils_q( 1873): D/msg_q_rcv: Waiting on message
D/AlarmManagerService( 1873): Kernel timezone updated to -120 minutes west of GMT
D/KeyguardUpdateMonitor( 2057): ACTION_SERVICE_STATE_CHANGED on sub: 1 mServiceState: 0 0 voice home data home bob bob 23201 bob bob 23201  GSM UMTS CSS not supported -1 -1 RoamInd=-1 DefRoamInd=-1 EmergOnly=false
D/CellBroadcastReceiver( 4128): onReceive Intent { act=android.intent.action.SERVICE_STATE flg=0x10 cmp=com.android.cellbroadcastreceiver/.CellBroadcastReceiver (has extras) }
D/CellBroadcastReceiver( 4128): Intent ACTION_SERVICE_STATE_CHANGED
D/CellBroadcastReceiver( 4128): Service state changed! 0 Full: 0 0 voice home data home bob bob 23201 bob bob  | 
2015-10-09 18:37:54:974 | Backend.Receiver | Trace | D/CellBroadcastReceiver( 4128): Service state changed! 0 Full: 0 0 voice home data home bob bob 23201 bob bob 23201  GSM EDGE CSS not supported -1 -1 RoamInd=-1 DefRoamInd=-1 EmergOnly=false Current state=-1
D/ConnectivityService( 1873): Setting tx/rx TCP buffers to 4093,26280,70800,4096,16384,70800
D/ConnectivityManager.CallbackHandler(22122): CM callback handler got msg 524294
D/QC-QMI  ( 1620):  Getting maximum message length
D/QC-QMI  ( 1620): Encoding buffer 
D/QC-QMI  ( 1620):  Setting up transaction 
D/QC-QMI  ( 1620):  Sending message 
D/QC-QMI  ( 1620):  Releasing Transaction 
 | 
2015-10-09 18:37:54:974 | Backend.Receiver | Trace | D/PhoneInterfaceManager( 2351): [PhoneIntfMgr] getDataEnabled: subId=1 phoneId=0
D/PhoneInterfaceManager( 2351): [PhoneIntfMgr] getDataEnabled: subId=1 retVal=true
D/TelephonyManager( 3293): getDataEnabled: retVal=true
D/QC-QMI  ( 1620):  Calling cooked async Callback 
D/QC-QMI  ( 1620):  Inside qmi_client_decode_msg_async  Callback 
D/QC-QMI  ( 1620):  Getting maximum message length
D/QC-QMI  ( 1620): Encoding buffer 
D/QC-QMI  ( 1620):  Setting up transaction 
D/QC-QMI  ( 1620):  Sending message 
 | 
2015-10-09 18:37:54:974 | Backend.Receiver | Trace | D/QC-QMI  ( 1620):  Releasing Transaction 
D/QC-QMI  ( 1620):  Calling cooked async Callback 
D/QC-QMI  ( 1620):  Inside qmi_client_decode_msg_async  Callback 
D/ConnectivityService( 1873): notifyType IP_CHANGED for NetworkAgentInfo [MOBILE (EDGE) - 176]
D/ConnectivityManager.CallbackHandler( 2057): CM callback handler got msg 524295
D/ConnectivityService( 1873): notifyType IP_CHANGED for NetworkAgentInfo [MOBILE (EDGE) - 176]
D/ConnectivityManager.CallbackHandler( 2057): CM callback handler got msg 524295
 | 
2015-10-09 18:37:54:974 | Backend.Receiver | Trace | D/ConnectivityManager.CallbackHandler(22122): CM callback handler got msg 524295
D/ConnectivityManager.CallbackHandler(22122): CM callback handler got msg 524295
D/QC-QMI  ( 1620):  Getting maximum message length
D/QC-QMI  ( 1620): Encoding buffer 
D/QC-QMI  ( 1620):  Setting up transaction 
D/QC-QMI  ( 1620):  Sending message 
D/QC-QMI  ( 1620):  Releasing Transaction 
D/QC-QMI  ( 1620):  Calling cooked async Callback 
D/QC-QMI  ( 1620):  Inside qmi_client_decode_msg_async  Callback 
D/QC-QMI  ( 1620):  Getting maximum message length
D/QC-QMI  ( 1620):  Setting up transaction 
D/QC-QMI  ( 1620):  Sending message 
D/QC-QMI  ( 1620):  Releasing Transaction 
D/QC-QMI  ( 1620):  Calling cooked async Callback 
D/QC-QMI  ( 1620):  Inside qmi_client_decode_msg_async  Callback 
D/QC-QMI  ( 1620):  Getting maximum message length
D/QC-QMI  ( 1620): Encoding buffer 
D/QC-QMI  ( 1620):  Setting up transaction 
D/QC-QMI  ( 1620):  Sending message 
 | 
2015-10-09 18:37:54:974 | Backend.Receiver | Trace | D/QC-QMI  ( 1620):  Releasing Transaction 
D/QC-QMI  ( 1620):  Calling cooked async Callback 
D/QC-QMI  ( 1620):  Inside qmi_client_decode_msg_async  Callback 
D/QC-QMI  ( 1620):  Getting maximum message length
D/QC-QMI  ( 1620): Encoding buffer 
D/QC-QMI  ( 1620):  Setting up transaction 
D/QC-QMI  ( 1620):  Sending message 
D/QC-QMI  ( 1620):  Releasing Transaction 
 | 
2015-10-09 18:37:54:974 | Backend.Receiver | Trace | D/QC-QMI  ( 1620):  Calling cooked async Callback 
D/QC-QMI  ( 1620):  Inside qmi_client_decode_msg_async  Callback 
D/QC-QMI  ( 1620):  Getting maximum message length
D/QC-QMI  ( 1620): Encoding buffer 
D/QC-QMI  ( 1620):  Setting up transaction 
D/QC-QMI  ( 1620):  Sending message 
D/QC-QMI  ( 1620):  Releasing Transaction 
 | 
2015-10-09 18:37:54:974 | Backend.Receiver | Trace | D/QC-QMI  ( 1620):  Calling cooked async Callback 
D/QC-QMI  ( 1620):  Inside qmi_client_decode_msg_async  Callback 
D/QC-QMI  ( 1620):  Getting maximum message length
D/QC-QMI  ( 1620): Encoding buffer 
D/QC-QMI  ( 1620):  Setting up transaction 
D/QC-QMI  ( 1620):  Sending message 
D/QC-QMI  ( 1620):  Releasing Transaction 
 | 
2015-10-09 18:37:54:974 | Backend.Receiver | Trace | D/QC-QMI  ( 1620):  Calling cooked async Callback 
D/QC-QMI  ( 1620):  Inside qmi_client_decode_msg_async  Callback 
D/QC-QMI  ( 1620):  Getting maximum message length
D/QC-QMI  ( 1620): Encoding buffer 
D/QC-QMI  ( 1620):  Setting up transaction 
D/QC-QMI  ( 1620):  Sending message 
D/QC-QMI  ( 1620):  Releasing Transaction 
 | 
2015-10-09 18:37:54:974 | Backend.Receiver | Trace | D/QC-QMI  ( 1620):  Calling cooked async Callback 
D/QC-QMI  ( 1620):  Inside qmi_client_decode_msg_async  Callback 
D/QC-QMI  ( 1620):  Getting maximum message length
D/QC-QMI  ( 1620): Encoding buffer 
D/QC-QMI  ( 1620):  Setting up transaction 
D/QC-QMI  ( 1620):  Sending message 
D/QC-QMI  ( 1620):  Releasing Transaction 
D/QC-QMI  ( 1620):  Calling cooked async Callback 
 | 
2015-10-09 18:37:54:974 | Backend.Receiver | Trace | D/QC-QMI  ( 1620):  Inside qmi_client_decode_msg_async  Callback 
D/CellBroadcastConfigService( 4128): enabled emergency cell broadcast channels
D/CellBroadcastConfigService( 4128): disabling cell broadcast channel 50
D/IccSmsInterfaceManager( 2351): [IccSmsInterfaceManager] Failed to remove GSM cell broadcast subscription for MID range 50 to 50 from client com.android.cellbroadcastreceiver
D/CellBroadcastConfigService( 4128): disabling channels 919-928
D/IccSmsInterfaceManager( 2351): [IccSmsInterfaceManager] Failed to remove GSM cell broadcast subscription for MID range 919 to 928 from client com.android.cellbroadcastreceiver
D/CellBroadcastConfigService( 4128): disabling cell broadcast ETWS test messages
 | 
2015-10-09 18:37:54:974 | Backend.Receiver | Trace | D/IccSmsInterfaceManager( 2351): [IccSmsInterfaceManager] Failed to remove GSM cell broadcast subscription for MID range 4355 to 4355 from client com.android.cellbroadcastreceiver
D/CellBroadcastConfigService( 4128): disabling cell broadcast CMAS test messages
D/IccSmsInterfaceManager( 2351): [IccSmsInterfaceManager] Failed to remove GSM cell broadcast subscription for MID range 4380 to 4382 from client com.android.cellbroadcastreceiver
D/IccSmsInterfaceManager( 2351): [IccSmsInterfaceManager] Failed to remove cdma broadcast subscription for MID range 4100 to 4100 from client com.android.cellbroadcastreceiver
D/CellBroadcastConfigService( 4128): enabling emergency cell broadcast channels
D/QC-QMI  ( 1620):  Getting maximum message length
 | 
2015-10-09 18:37:54:974 | Backend.Receiver | Trace | D/QC-QMI  ( 1620): Encoding buffer 
D/QC-QMI  ( 1620):  Setting up transaction 
D/QC-QMI  ( 1620):  Sending message 
D/QC-QMI  ( 1620):  Releasing Transaction 
D/QC-QMI  ( 1620):  Calling cooked async Callback 
D/QC-QMI  ( 1620):  Inside qmi_client_decode_msg_async  Callback 
D/QC-QMI  ( 1620):  Getting maximum message length
D/QC-QMI  ( 1620): Encoding buffer 
 | 
2015-10-09 18:37:54:974 | Backend.Receiver | Trace | D/QC-QMI  ( 1620):  Setting up transaction 
D/QC-QMI  ( 1620):  Sending message 
D/QC-QMI  ( 1620):  Releasing Transaction 
D/QC-QMI  ( 1620):  Calling cooked async Callback 
D/QC-QMI  ( 1620):  Inside qmi_client_decode_msg_async  Callback 
D/QC-QMI  ( 1620):  Getting maximum message length
D/QC-QMI  ( 1620): Encoding buffer 
D/QC-QMI  ( 1620):  Setting up transaction 
D/QC-QMI  ( 1620):  Sending message 
 | 
2015-10-09 18:37:54:991 | Backend.Receiver | Trace | D/QC-QMI  ( 1620):  Releasing Transaction 
D/QC-QMI  ( 1620):  Calling cooked async Callback 
D/QC-QMI  ( 1620):  Inside qmi_client_decode_msg_async  Callback 
D/QC-QMI  ( 1620):  Getting maximum message length
D/QC-QMI  ( 1620): Encoding buffer 
D/QC-QMI  ( 1620):  Setting up transaction 
D/QC-QMI  ( 1620):  Sending message 
 | 
2015-10-09 18:37:54:991 | Backend.Receiver | Trace | D/QC-QMI  ( 1620):  Releasing Transaction 
D/QC-QMI  ( 1620):  Calling cooked async Callback 
D/QC-QMI  ( 1620):  Inside qmi_client_decode_msg_async  Callback 
D/QC-QMI  ( 1620):  Getting maximum message length
D/QC-QMI  ( 1620): Encoding buffer 
D/QC-QMI  ( 1620):  Setting up transaction 
D/QC-QMI  ( 1620):  Sending message 
D/QC-QMI  ( 1620):  Releasing Transaction 
D/QC-QMI  ( 1620):  Calling cooked async Callback 
 | 
2015-10-09 18:37:54:991 | Backend.Receiver | Trace | D/QC-QMI  ( 1620):  Inside qmi_client_decode_msg_async  Callback 
D/QC-QMI  ( 1620):  Getting maximum message length
D/QC-QMI  ( 1620): Encoding buffer 
D/QC-QMI  ( 1620):  Setting up transaction 
D/QC-QMI  ( 1620):  Sending message 
D/QC-QMI  ( 1620):  Releasing Transaction 
D/QC-QMI  ( 1620):  Calling cooked async Callback 
D/QC-QMI  ( 1620):  Inside qmi_client_decode_msg_async  Callback 
D/QC-QMI  ( 1620):  Getting maximum message length
D/QC-QMI  ( 1620): Encoding buffer 
 | 
2015-10-09 18:37:54:991 | Backend.Receiver | Trace | D/QC-QMI  ( 1620):  Setting up transaction 
D/QC-QMI  ( 1620):  Sending message 
D/QC-QMI  ( 1620):  Releasing Transaction 
D/QC-QMI  ( 1620):  Calling cooked async Callback 
D/QC-QMI  ( 1620):  Inside qmi_client_decode_msg_async  Callback 
D/QC-QMI  ( 1620):  Getting maximum message length
D/QC-QMI  ( 1620): Encoding buffer 
D/QC-QMI  ( 1620):  Setting up transaction 
D/QC-QMI  ( 1620):  Sending message 
D/QC-QMI  ( 1620):  Releasing Transaction 
 | 
2015-10-09 18:37:54:991 | Backend.Receiver | Trace | D/QC-QMI  ( 1620):  Calling cooked async Callback 
D/QC-QMI  ( 1620):  Inside qmi_client_decode_msg_async  Callback 
D/QC-QMI  ( 1620):  Getting maximum message length
D/QC-QMI  ( 1620): Encoding buffer 
D/QC-QMI  ( 1620):  Setting up transaction 
D/QC-QMI  ( 1620):  Sending message 
D/QC-QMI  ( 1620):  Releasing Transaction 
D/QC-QMI  ( 1620):  Calling cooked async Callback 
D/QC-QMI  ( 1620):  Inside qmi_client_decode_msg_async  Callback 
 | 
2015-10-09 18:37:54:991 | Backend.Receiver | Trace | D/QC-QMI  ( 1620):  Getting maximum message length
D/QC-QMI  ( 1620): Encoding buffer 
D/QC-QMI  ( 1620):  Setting up transaction 
D/QC-QMI  ( 1620):  Sending message 
D/QC-QMI  ( 1620):  Releasing Transaction 
D/QC-QMI  ( 1620):  Calling cooked async Callback 
D/QC-QMI  ( 1620):  Inside qmi_client_decode_msg_async  Callback 
D/QC-QMI  ( 1620):  Getting maximum message length
D/QC-QMI  ( 1620): Encoding buffer 
D/QC-QMI  ( 1620):  Setting up transaction 
 | 
2015-10-09 18:37:54:991 | Backend.Receiver | Trace | D/QC-QMI  ( 1620):  Sending message 
D/QC-QMI  ( 1620):  Releasing Transaction 
D/QC-QMI  ( 1620):  Calling cooked async Callback 
D/QC-QMI  ( 1620):  Inside qmi_client_decode_msg_async  Callback 
D/CellBroadcastConfigService( 4128): enabled emergency cell broadcast channels
D/CellBroadcastConfigService( 4128): disabling cell broadcast channel 50
D/IccSmsInterfaceManager( 2351): [IccSmsInterfaceManager] Failed to remove GSM cell broadcast subscription for MID range 50 to 50 from client com.android.cellbroadcastreceiver
D/CellBroadcastConfigService( 4128): disabling channels 919-928
D/IccSmsInterfaceManager( 2351): [IccSmsInterfaceManager] Failed to remove GSM cell broadcast subscription for MID range 919 to 928 from client com.android.cellbroadcastreceiver
 | 
2015-10-09 18:37:54:991 | Backend.Receiver | Trace | D/CellBroadcastConfigService( 4128): disabling cell broadcast ETWS test messages
D/IccSmsInterfaceManager( 2351): [IccSmsInterfaceManager] Failed to remove GSM cell broadcast subscription for MID range 4355 to 4355 from client com.android.cellbroadcastreceiver
D/CellBroadcastConfigService( 4128): disabling cell broadcast CMAS test messages
D/IccSmsInterfaceManager( 2351): [IccSmsInterfaceManager] Failed to remove GSM cell broadcast subscription for MID range 4380 to 4382 from client com.android.cellbroadcastreceiver
D/IccSmsInterfaceManager( 2351): [IccSmsInterfaceManager] Failed to remove cdma broadcast subscription for MID range 4100 to 4100 from client com.android.cellbroadcastreceiver
D/AlarmManagerService( 1873): Kernel timezone updated to -120 minutes west of GMT
D/KeyguardUpdateMonitor( 2057): ACTION_SERVICE_STATE_CHANGED on sub: 1 mServiceState: 0 0 voice home data home bob bob 23201 bob bob 23201  UMTS EDGE CSS not supported -1 -1 RoamInd=-1 DefRoamInd=-1 EmergOnly=false
D/CellBroadcastReceive | 
2015-10-09 18:37:54:991 | Backend.Converter.LogcatToLogConverter | Error | Could not read logcat data | System.ArgumentOutOfRangeException: Length cannot be less than zero.
Parameter name: length
   at System.String.Substring(Int32 startIndex, Int32 length)
   at Backend.Converter.LogcatToLogConverter.Convert(String text) in c:\Users\Daniel\Documents\GitHub\Loginator\Backend\Converter\LogcatToLogConverter.cs:line 70
2015-10-09 18:37:55:005 | Backend.Receiver | Trace | D/QC-QMI  ( 1620):  Setting up transaction 
D/QC-QMI  ( 1620):  Sending message 
D/QC-QMI  ( 1620):  Releasing Transaction 
D/PhoneInterfaceManager( 2351): [PhoneIntfMgr] getDataEnabled: subId=1 phoneId=0
D/PhoneInterfaceManager( 2351): [PhoneIntfMgr] getDataEnabled: subId=1 retVal=true
D/TelephonyManager( 3293): getDataEnabled: retVal=true
D/QC-QMI  ( 1620):  Calling cooked async Callback 
D/QC-QMI  ( 1620):  Inside qmi_client_decode_msg_async  Callback 
D/ConnectivityService( 1873): notifyType IP_CHANGED for NetworkAgentInfo [MOBILE (UMTS) - 176] | 
2015-10-09 18:37:55:005 | Backend.Receiver | Trace | 
D/ConnectivityManager.CallbackHandler( 2057): CM callback handler got msg 524295
 | 
2015-10-09 18:37:55:005 | Backend.Receiver | Trace | D/ConnectivityService( 1873): notifyType IP_CHANGED for NetworkAgentInfo [MOBILE (UMTS) - 176]
D/ConnectivityManager.CallbackHandler(22122): CM callback handler got msg 524295
D/ConnectivityManager.CallbackHandler( 2057): CM callback handler got msg 524295
D/ConnectivityManager.CallbackHandler(22122): CM callback handler got msg 524295
D/QC-QMI  ( 1620):  Getting maximum message length
D/QC-QMI  ( 1620): Encoding buffer 
D/QC-QMI  ( 1620):  Setting up transaction 
D/QC-QMI  ( 1620):  Sending message 
D/QC-QMI  ( 1620):  Releasing Transaction 
 | 
2015-10-09 18:37:55:005 | Backend.Receiver | Trace | D/QC-QMI  ( 1620):  Calling cooked async Callback 
D/QC-QMI  ( 1620):  Inside qmi_client_decode_msg_async  Callback 
D/QC-QMI  ( 1620):  Getting maximum message length
D/QC-QMI  ( 1620):  Setting up transaction 
D/QC-QMI  ( 1620):  Sending message 
D/QC-QMI  ( 1620):  Releasing Transaction 
D/QC-QMI  ( 1620):  Calling cooked async Callback 
D/QC-QMI  ( 1620):  Inside qmi_client_decode_msg_async  Callback 
D/QC-QMI  ( 1620):  Getting maximum message length
D/QC-QMI  ( 1620): Encoding buffer 
 | 
2015-10-09 18:37:55:005 | Backend.Receiver | Trace | D/QC-QMI  ( 1620):  Setting up transaction 
D/QC-QMI  ( 1620):  Sending message 
D/QC-QMI  ( 1620):  Releasing Transaction 
D/QC-QMI  ( 1620):  Calling cooked async Callback 
D/QC-QMI  ( 1620):  Inside qmi_client_decode_msg_async  Callback 
D/QC-QMI  ( 1620):  Getting maximum message length
D/QC-QMI  ( 1620): Encoding buffer 
D/QC-QMI  ( 1620):  Setting up transaction 
D/QC-QMI  ( 1620):  Sending message 
D/QC-QMI  ( 1620):  Releasing Transaction 
D/QC-QMI  ( 1620):  Calling cooked async Callback 
D/QC-QMI  ( 1620):  Inside qmi_client_decode_msg_async  Callback 
D/QC-QMI  ( 1620):  Getting maximum message length
D/QC-QMI  ( 1620): Encoding buffer 
D/QC-QMI  ( 1620):  Setting up transaction 
D/QC-QMI  ( 1620):  Sending message 
D/QC-QMI  ( 1620):  Releasing Transaction 
D/QC-QMI  ( 1620):  Calling cooked async Callback 
D/QC-QMI  ( 1620):  Inside qmi_client_decode_msg_async  Callback 
D/QC-QMI  ( 1620):  Getting maximum message length
D/QC-QMI  ( 1620): Encoding buffer 
D/QC-QMI  ( 1620):  | 
2015-10-09 18:37:55:005 | Backend.Receiver | Trace |  Setting up transaction 
D/QC-QMI  ( 1620):  Sending message 
D/QC-QMI  ( 1620):  Releasing Transaction 
D/QC-QMI  ( 1620):  Calling cooked async Callback 
D/QC-QMI  ( 1620):  Inside qmi_client_decode_msg_async  Callback 
D/QC-QMI  ( 1620):  Getting maximum message length
D/QC-QMI  ( 1620): Encoding buffer 
D/QC-QMI  ( 1620):  Setting up transaction 
D/QC-QMI  ( 1620):  Sending message 
D/QC-QMI  ( 1620):  Releasing Transaction 
D/QC-QMI  ( 1620):  Calling cooked async Callback 
D/QC-QMI  ( 1620):  Inside qmi_client_decode_msg_async  Callback 
D/QC-QMI  ( 1620):  Getting maximum message length
D/QC-QMI  ( 1620): Encoding buffer 
D/QC-QMI  ( 1620):  Setting up transaction 
D/QC-QMI  ( 1620):  Sending message 
D/QC-QMI  ( 1620):  Releasing Transaction 
D/QC-QMI  ( 1620):  Calling cooked async Callback 
D/QC-QMI  ( 1620):  Inside qmi_client_decode_msg_async  Callback 
D/QC-QMI  ( 1620):  Getting maximum message length
D/QC-QMI  ( 1620): Encoding buffer 
D/QC-QMI  ( 1620):  Setting up transac | 
2015-10-09 18:37:55:005 | Backend.Receiver | Trace | tion 
D/QC-QMI  ( 1620):  Sending message 
D/QC-QMI  ( 1620):  Releasing Transaction 
D/QC-QMI  ( 1620):  Calling cooked async Callback 
D/QC-QMI  ( 1620):  Inside qmi_client_decode_msg_async  Callback 
D/QC-QMI  ( 1620):  Getting maximum message length
D/QC-QMI  ( 1620): Encoding buffer 
D/QC-QMI  ( 1620):  Setting up transaction 
D/QC-QMI  ( 1620):  Sending message 
D/QC-QMI  ( 1620):  Releasing Transaction 
D/QC-QMI  ( 1620):  Calling cooked async Callback 
D/QC-QMI  ( 1620):  Inside qmi_client_decode_msg_async  Callback 
D/CellBroadcastConfigService( 4128): enabled emergency cell broadcast channels
D/CellBroadcastConfigService( 4128): disabling cell broadcast channel 50
D/IccSmsInterfaceManager( 2351): [IccSmsInterfaceManager] Failed to remove GSM cell broadcast subscription for MID range 50 to 50 from client com.android.cellbroadcastreceiver
D/CellBroadcastConfigService( 4128): disabling channels 919-928
D/IccSmsInterfaceManager( 2351): [IccSmsInterfaceManager] Failed to remove GSM cell b | 
2015-10-09 18:37:55:005 | Backend.Receiver | Trace | roadcast subscription for MID range 919 to 928 from client com.android.cellbroadcastreceiver
D/CellBroadcastConfigService( 4128): disabling cell broadcast ETWS test messages
D/IccSmsInterfaceManager( 2351): [IccSmsInterfaceManager] Failed to remove GSM cell broadcast subscription for MID range 4355 to 4355 from client com.android.cellbroadcastreceiver
D/CellBroadcastConfigService( 4128): disabling cell broadcast CMAS test messages
D/IccSmsInterfaceManager( 2351): [IccSmsInterfaceManager] Failed to remove GSM cell broadcast subscription for MID range 4380 to 4382 from client com.android.cellbroadcastreceiver
D/IccSmsInterfaceManager( 2351): [IccSmsInterfaceManager] Failed to remove cdma broadcast subscription for MID range 4100 to 4100 from client com.android.cellbroadcastreceiver
D/CellBroadcastConfigService( 4128): enabling emergency cell broadcast channels
D/QC-QMI  ( 1620):  Getting maximum message length
D/QC-QMI  ( 1620): Encoding buffer 
D/QC-QMI  ( 1620):  Setting up transaction 
D/QC-QMI  (  | 
2015-10-09 18:37:55:005 | Backend.Receiver | Trace | 1620):  Sending message 
D/QC-QMI  ( 1620):  Releasing Transaction 
D/QC-QMI  ( 1620):  Calling cooked async Callback 
D/QC-QMI  ( 1620):  Inside qmi_client_decode_msg_async  Callback 
D/QC-QMI  ( 1620):  Getting maximum message length
D/QC-QMI  ( 1620): Encoding buffer 
D/QC-QMI  ( 1620):  Setting up transaction 
D/QC-QMI  ( 1620):  Sending message 
D/QC-QMI  ( 1620):  Releasing Transaction 
D/QC-QMI  ( 1620):  Calling cooked async Callback 
D/QC-QMI  ( 1620):  Inside qmi_client_decode_msg_async  Callback 
D/QC-QMI  ( 1620):  Getting maximum message length
D/QC-QMI  ( 1620): Encoding buffer 
D/QC-QMI  ( 1620):  Setting up transaction 
D/QC-QMI  ( 1620):  Sending message 
D/QC-QMI  ( 1620):  Releasing Transaction 
D/QC-QMI  ( 1620):  Calling cooked async Callback 
D/QC-QMI  ( 1620):  Inside qmi_client_decode_msg_async  Callback 
D/QC-QMI  ( 1620):  Getting maximum message length
D/QC-QMI  ( 1620): Encoding buffer 
D/QC-QMI  ( 1620):  Setting up transaction 
D/QC-QMI  ( 1620):  Sending mes | 
2015-10-09 18:37:55:005 | Backend.Receiver | Trace | D/QC-QMI  ( 1620):  Calling cooked async Callback 
D/QC-QMI  ( 1620):  Inside qmi_client_decode_msg_async  Callback 
D/WifiService( 1873): releaseWifiLockLocked: WifiLock{NlpWifiLock type=2 binder=android.os.BinderProxy@3315d48c}
D/AlarmManagerService( 1873): Kernel timezone updated to -120 minutes west of GMT
D/KeyguardUpdateMonitor( 2057): ACTION_SERVICE_STATE_CHANGED on sub: 1 mServiceState: 0 0 voice home data home bob bob 23201 bob bob 23201  GSM UMTS CSS not supported -1 -1 RoamInd=-1 DefRoamInd=-1 EmergOnly=false
D/CellBroadcastReceiver( 4128): onReceive Intent { act=android.intent.action.SERVICE_STATE flg=0x10 cmp=com.android.cellbroadcastreceiver/.CellBroadcastReceiver (has extras) }
D/CellBroadcastReceiver( 4128): Intent ACTION_SERVICE_STATE_CHANGED
D/CellBroadcastReceiver( 4128): Service state changed! 0 Full: 0 0 voice home data home bob bob 23201 bob bob 23201  GSM UMTS CSS not supported -1 -1 RoamInd=-1 DefRoamInd=-1 EmergOnly=false Current state=-1
D/CellBroadcastConfigService( 4128): e | 
2015-10-09 18:37:55:005 | Backend.Receiver | Trace | D/QC-QMI  ( 1620):  Calling cooked async Callback 
D/QC-QMI  ( 1620):  Inside qmi_client_decode_msg_async  Callback 
D/KeyguardUpdateMonitor( 2057): ACTION_SERVICE_STATE_CHANGED on sub: 1 mServiceState: 0 0 voice home data home bob bob 23201 bob bob 23201  GSM EDGE CSS not supported -1 -1 RoamInd=-1 DefRoamInd=-1 EmergOnly=false
D/CellBroadcastReceiver( 4128): onReceive Intent { act=android.intent.action.SERVICE_STATE flg=0x10 cmp=com.android.cellbroadcastreceiver/.CellBroadcastReceiver (has extras) }
D/CellBroadcastReceiver( 4128): Intent ACTION_SERVICE_STATE_CHANGED | 
2015-10-09 18:37:55:005 | Backend.Receiver | Trace | 
 | 
2015-10-09 18:37:55:005 | Backend.Receiver | Trace | D/CellBroadcastReceiver( 4128): Service state changed! 0 Full: 0 0 voice home data home bob bob 23201 bob bob 23201  GSM EDGE CSS not supported -1 -1 RoamInd=-1 DefRoamInd=-1 EmergOnly=false Current state=-1 | 
2015-10-09 18:37:55:005 | Backend.Receiver | Trace | 
D/ConnectivityService( 1873): rematching NetworkAgentInfo [MOBILE (UMTS) - 176]
D/ConnectivityService( 1873): Network NetworkAgentInfo [MOBILE (UMTS) - 176] was already satisfying request 1. No change.
D/ConnectivityService( 1873): notifyType AVAILABLE for NetworkAgentInfo [MOBILE (UMTS) - 176]
D/ConnectivityService( 1873): notifyType CAP_CHANGED for NetworkAgentInfo [MOBILE (UMTS) - 176]
 | 
2015-10-09 18:37:55:005 | Backend.Receiver | Trace | D/ConnectivityService( 1873): Setting tx/rx TCP buffers to 4093,26280,70800,4096,16384,70800
D/ConnectivityManager.CallbackHandler( 2057): CM callback handler got msg 524290
D/ConnectivityManager.CallbackHandler(22122): CM callback handler got msg 524290
D/ConnectivityManager.CallbackHandler( 2057): CM callback handler got msg 524294
 | 
2015-10-09 18:37:55:005 | Backend.Receiver | Trace | D/ConnectivityManager.CallbackHandler(22122): CM callback handler got msg 524294
D/QC-QMI  ( 1620):  Getting maximum message length
D/QC-QMI  ( 1620): Encoding buffer 
D/QC-QMI  ( 1620):  Setting up transaction 
D/QC-QMI  ( 1620):  Sending message 
D/QC-QMI  ( 1620):  Releasing Transaction 
D/QC-QMI  ( 1620):  Calling cooked async Callback 
D/QC-QMI  ( 1620):  Inside qmi_client_decode_msg_async  Callback 
D/ConnectivityService( 1873): notifyType IP_CHANGED for NetworkAgentInfo [MOBILE (EDGE) - 176]
D/ConnectivityManager.CallbackHandler( 2057): CM callback handler got msg 524295
D/ConnectivityService( 1873): notifyType IP_CHANGED for NetworkAgentInfo [MOBILE (EDGE) - 176]
D/ConnectivityManager.CallbackHandler(22122): CM callback handler got msg 524295
D/ConnectivityManager.CallbackHandler( 2057): CM callback handler got msg 524295
D/ConnectivityManager.CallbackHandler(22122): CM callback handler got msg 524295
D/PhoneInterfaceManager( 2351): [PhoneIntfMgr] getDataEnabled: subId=1 phoneId=0
D/Pho | 
2015-10-09 18:37:55:026 | Backend.Converter.LogcatToLogConverter | Error | Could not read logcat data | System.ArgumentOutOfRangeException: Length cannot be less than zero.
Parameter name: length
   at System.String.Substring(Int32 startIndex, Int32 length)
   at Backend.Converter.LogcatToLogConverter.Convert(String text) in c:\Users\Daniel\Documents\GitHub\Loginator\Backend\Converter\LogcatToLogConverter.cs:line 70
2015-10-09 18:37:55:026 | Backend.Receiver | Trace | neInterfaceManager( 2351): [PhoneIntfMgr] getDataEnabled: subId=1 retVal=true
 | 
2015-10-09 18:37:55:026 | Backend.Receiver | Trace | D/QC-QMI  ( 1620):  Getting maximum message length
D/QC-QMI  ( 1620): Encoding buffer 
D/QC-QMI  ( 1620):  Setting up transaction 
D/QC-QMI  ( 1620):  Sending message 
D/QC-QMI  ( 1620):  Releasing Transaction 
D/TelephonyManager( 3293): getDataEnabled: retVal=true | 
2015-10-09 18:37:55:026 | Backend.Receiver | Trace | 
D/QC-QMI  ( 1620):  Getting maximum message length
D/QC-QMI  ( 1620):  Setting up transaction 
D/QC-QMI  ( 1620):  Sending message 
D/QC-QMI  ( 1620):  Releasing Transaction 
D/QC-QMI  ( 1620):  Calling cooked async Callback  | 
2015-10-09 18:37:55:026 | Backend.Receiver | Trace | 
D/QC-QMI  ( 1620):  Inside qmi_client_decode_msg_async  Callback  | 
2015-10-09 18:37:55:026 | Backend.Receiver | Trace | 
D/QC-QMI  ( 1620):  Calling cooked async Callback 
D/QC-QMI  ( 1620):  Inside qmi_client_decode_msg_async  Callback 
D/QC-QMI  ( 1620):  Getting maximum message length
D/QC-QMI  ( 1620): Encoding buffer 
 | 
2015-10-09 18:37:55:026 | Backend.Receiver | Trace | D/QC-QMI  ( 1620):  Setting up transaction 
D/QC-QMI  ( 1620):  Sending message 
D/QC-QMI  ( 1620):  Releasing Transaction 
D/QC-QMI  ( 1620):  Calling cooked async Callback 
D/QC-QMI  ( 1620):  Inside qmi_client_decode_msg_async  Callback 
D/QC-QMI  ( 1620):  Getting maximum message length
D/QC-QMI  ( 1620): Encoding buffer 
D/QC-QMI  ( 1620):  Setting up transaction 
 | 
2015-10-09 18:37:55:026 | Backend.Receiver | Trace | D/QC-QMI  ( 1620):  Sending message 
D/QC-QMI  ( 1620):  Releasing Transaction 
D/QC-QMI  ( 1620):  Calling cooked async Callback 
D/QC-QMI  ( 1620):  Inside qmi_client_decode_msg_async  Callback 
D/QC-QMI  ( 1620):  Getting maximum message length
D/QC-QMI  ( 1620): Encoding buffer 
D/QC-QMI  ( 1620):  Setting up transaction 
D/QC-QMI  ( 1620):  Sending message 
D/QC-QMI  ( 1620):  Releasing Transaction 
D/QC-QMI  ( 1620):  Calling cooked async Callback 
 | 
2015-10-09 18:37:55:026 | Backend.Receiver | Trace | D/QC-QMI  ( 1620):  Inside qmi_client_decode_msg_async  Callback 
D/QC-QMI  ( 1620):  Getting maximum message length
D/QC-QMI  ( 1620): Encoding buffer 
D/QC-QMI  ( 1620):  Setting up transaction 
D/QC-QMI  ( 1620):  Sending message 
D/QC-QMI  ( 1620):  Releasing Transaction 
D/QC-QMI  ( 1620):  Calling cooked async Callback 
D/QC-QMI  ( 1620):  Inside qmi_client_decode_msg_async  Callback 
D/QC-QMI  ( 1620):  Getting maximum message length
 | 
2015-10-09 18:37:55:026 | Backend.Receiver | Trace | D/QC-QMI  ( 1620): Encoding buffer 
D/QC-QMI  ( 1620):  Setting up transaction 
D/QC-QMI  ( 1620):  Sending message 
D/QC-QMI  ( 1620):  Releasing Transaction 
D/QC-QMI  ( 1620):  Calling cooked async Callback 
D/QC-QMI  ( 1620):  Inside qmi_client_decode_msg_async  Callback 
D/QC-QMI  ( 1620):  Getting maximum message length
D/QC-QMI  ( 1620): Encoding buffer 
D/QC-QMI  ( 1620):  Setting up transaction 
 | 
2015-10-09 18:37:55:026 | Backend.Receiver | Trace | D/QC-QMI  ( 1620):  Sending message 
D/QC-QMI  ( 1620):  Releasing Transaction 
D/QC-QMI  ( 1620):  Calling cooked async Callback 
D/QC-QMI  ( 1620):  Inside qmi_client_decode_msg_async  Callback 
D/QC-QMI  ( 1620):  Getting maximum message length
D/QC-QMI  ( 1620): Encoding buffer 
D/QC-QMI  ( 1620):  Setting up transaction 
D/QC-QMI  ( 1620):  Sending message 
D/QC-QMI  ( 1620):  Releasing Transaction 
 | 
2015-10-09 18:37:55:026 | Backend.Receiver | Trace | D/QC-QMI  ( 1620):  Calling cooked async Callback 
D/QC-QMI  ( 1620):  Inside qmi_client_decode_msg_async  Callback 
D/CellBroadcastConfigService( 4128): enabled emergency cell broadcast channels
D/CellBroadcastConfigService( 4128): disabling cell broadcast channel 50
D/IccSmsInterfaceManager( 2351): [IccSmsInterfaceManager] Failed to remove GSM cell broadcast subscription for MID range 50 to 50 from client com.android.cellbroadcastreceiver
D/CellBroadcastConfigService( 4128): disabling channels 919-928
D/IccSmsInterfaceManager( 2351): [IccSmsInterfaceManager] Failed to remove GSM cell broadcast subscription for MID range 919 to 928 from client com.android.cellbroadcastreceiver
D/CellBroadcastConfigService( 4128): disabling cell broadcast ETWS test messages
D/IccSmsInterfaceManager( 2351): [IccSmsInterfaceManager] Failed to remove GSM cell broadcast subscription for MID range 4355 to 4355 from client com.android.cellbroadcastreceiver
D/CellBroadcastConfigService( 4128): disabling cell broadcast CMAS  | 
2015-10-09 18:37:55:036 | Backend.Receiver | Trace | test messages
 | 
2015-10-09 18:37:55:036 | Backend.Receiver | Trace | D/IccSmsInterfaceManager( 2351): [IccSmsInterfaceManager] Failed to remove GSM cell broadcast subscription for MID range 4380 to 4382 from client com.android.cellbroadcastreceiver
D/IccSmsInterfaceManager( 2351): [IccSmsInterfaceManager] Failed to remove cdma broadcast subscription for MID range 4100 to 4100 from client com.android.cellbroadcastreceiver
D/CellBroadcastConfigService( 4128): enabling emergency cell broadcast channels
D/QC-QMI  ( 1620):  Getting maximum message length
D/QC-QMI  ( 1620): Encoding buffer 
D/QC-QMI  ( 1620):  Setting up transaction 
D/QC-QMI  ( 1620):  Sending message 
D/QC-QMI  ( 1620):  Releasing Transaction 
 | 
2015-10-09 18:37:55:036 | Backend.Receiver | Trace | D/QC-QMI  ( 1620):  Calling cooked async Callback 
D/QC-QMI  ( 1620):  Inside qmi_client_decode_msg_async  Callback 
D/QC-QMI  ( 1620):  Getting maximum message length
D/QC-QMI  ( 1620): Encoding buffer 
D/QC-QMI  ( 1620):  Setting up transaction 
D/QC-QMI  ( 1620):  Sending message 
D/QC-QMI  ( 1620):  Releasing Transaction 
D/QC-QMI  ( 1620):  Calling cooked async Callback 
D/QC-QMI  ( 1620):  Inside qmi_client_decode_msg_async  Callback 
D/QC-QMI  ( 1620):  Getting maximum message length
D/QC-QMI  ( 1620): Encoding buffer 
D/QC-QMI  ( 1620):  Setting up transaction 
D/QC-QMI  ( 1620):  Sending message 
D/QC-QMI  ( 1620):  Releasing Transaction 
D/QC-QMI  ( 1620):  Calling cooked async Callback 
D/QC-QMI  ( 1620):  Inside qmi_client_decode_msg_async  Callback 
D/QC-QMI  ( 1620):  Getting maximum message length
D/QC-QMI  ( 1620): Encoding buffer 
D/QC-QMI  ( 1620):  Setting up transaction 
D/QC-QMI  ( 1620):  Sending message 
D/QC-QMI  ( 1620):  Releasing Transaction 
D/QC-QMI  ( 1620):  | 
2015-10-09 18:37:55:036 | Backend.Receiver | Trace |  Calling cooked async Callback 
D/QC-QMI  ( 1620):  Inside qmi_client_decode_msg_async  Callback 
D/QC-QMI  ( 1620):  Getting maximum message length
D/QC-QMI  ( 1620): Encoding buffer 
D/QC-QMI  ( 1620):  Setting