2015-10-09 18:36:57:128 | Loginator.App | Info | [OnStartup] Application successfully started | 
2015-10-09 18:37:53:591 | Backend.Receiver | Trace | oxy@7f78c6e}
D/WifiService( 1873): releaseWifiLockLocked: WifiLock{NlpWifiLock type=2 binder=android.os.BinderProxy@7f78c6e}
I/UsageStatsService( 1873): User[0] Flushing usage stats to disk
 | 
2015-10-09 18:37:53:609 | Backend.Receiver | Trace | I/ProcessStatsService( 1873): Prepared write state in 17ms
I/ActivityManager( 1873): Start proc 30948:com.android.deskclock/u0a38 for broadcast com.android.deskclock/com.android.alarmclock.DigitalAppWidgetProvider
I/ProcessStatsService( 1873): Pruning old procstats: /data/system/procstats/state-2015-10-06-20-28-29.bin
I/ActivityManager( 1873): Killing 23788:com.google.android.apps.unveil/u0a83 (adj 13): empty for 1823s
I/ActivityManager( 1873): Killing 23756:com.android.mms/u0a12 (adj 13): empty for 1823s
D/CountryDetector( 1873): No listener is left
I/ActivityManager( 1873): Killing 23725:com.cyanogenmod.updater/u0a3 (adj 13): empty for 1823s
I/ActivityManager( 1873): Killing 27434:com.android.dialer/u0a8 (adj 13): empty for 1917s
I/ActivityManager( 1873): Killing 6223:com.google.android.googlequicksearchbox:search/u0a28 (adj 13): empty for 2024s
D/WifiService( 1873): Client connection lost with reason: 4
I/ActivityManager( 1873): Killing 19552:com.google.android.gms.wearable/u0a22 (adj 15): empty  | 
2015-10-09 18:37:53:615 | Backend.Receiver | Trace | for 2025s
I/ActivityManager( 1873): Killing 26668:com.android.vending/u0a26 (adj 15): empty for 2066s
I/ProcessStatsService( 1873): Prepared write state in 6ms
I/ProcessStatsService( 1873): Prepared write state in 5ms
D/DownloadManager( 8371): Removed 0 stale downloads
D/DownloadManager( 8371): Found 0 files in database
D/DownloadManager( 8371): Found 0 files on disk
I/EntropyMixer( 1873): Added HW RNG output to entropy pool | 
2015-10-09 18:37:53:615 | Backend.Receiver | Trace | 
I/EntropyMixer( 1873): Writing entropy...
I/ProcessStatsService( 1873): Prepared write state in 6ms
I/ProcessStatsService( 1873): Prepared write state in 5ms
I/ActivityManager( 1873): Start proc 31067:com.android.calendar/u0a34 for broadcast com.android.calendar/.widget.CalendarAppWidgetService$CalendarFactory
 | 
2015-10-09 18:37:53:615 | Backend.Receiver | Trace | I/ActivityManager( 1873): Killing 26974:com.cyanogenmod.lockclock/u0a51 (adj 15): empty for 5995s | 
2015-10-09 18:37:53:615 | Backend.Receiver | Trace | 
I/ActivityManager( 1873): Start proc 31092:com.android.providers.calendar/u0a4 for content provider com.android.providers.calendar/.CalendarProvider2
I/ActivityManager( 1873): Start proc 31116:com.cyanogenmod.lockclock/u0a51 for broadcast com.cyanogenmod.lockclock/.ClockWidgetProvider
I/ActivityManager( 1873): Killing 30569:com.android.settings/1000 (adj 15): empty for 5991s
 | 
2015-10-09 18:37:53:615 | Backend.Receiver | Trace | D/WifiService( 1873): Client connection lost with reason: 4
W/ResourcesManager(31092): Asset path '/system/framework/android.test.runner.jar' does not exist or contains no resources.
I/ActivityManager( 1873): Killing 8394:com.android.cellbroadcastreceiver/u0a5 (adj 15): empty for 5608s
I/ProcessStatsService( 1873): Prepared write state in 17ms
I/ProcessStatsService( 1873): Prepared write state in 12ms | 
2015-10-09 18:37:53:615 | Backend.Receiver | Trace | 
I/ProcessStatsService( 1873): Prepared write state in 11ms
 | 
2015-10-09 18:37:53:630 | Backend.Receiver | Trace | I/ProcessStatsService( 1873): Prepared write state in 9ms
I/ProcessStatsService( 1873): Pruning old procstats: /data/system/procstats/state-2015-10-07-00-00-00.bin
I/ActivityManager( 1873): Start proc 31399:com.google.android.googlequicksearchbox:search/u0a28 for service com.google.android.googlequicksearchbox/com.google.android.velvet.VelvetBackgroundTasksImpl$Service | 
2015-10-09 18:37:53:630 | Backend.Receiver | Trace | 
I/ActivityManager( 1873): Start proc 31517:com.google.android.partnersetup/u0a25 for content provider com.google.android.partnersetup/.RlzAppProvider
I/ActivityManager( 1873): Idle maintenance over +7h23m37s100ms low RAM for 0
I/MountService( 1873): Running fstrim idle maintenance | 
2015-10-09 18:37:53:630 | Backend.Receiver | Trace | 
I/MountServiceIdler( 1873): Got mount service completion callback
I/fstrim  (  190): Starting fstrim work... | 
2015-10-09 18:37:53:630 | Backend.Receiver | Trace | 
I/fstrim  (  190): Invoking FITRIM ioctl on /cache
E/fstrim  (  190): FITRIM ioctl failed on /cache (error 95/Operation not supported on transport endpoint)
 | 
2015-10-09 18:37:53:630 | Backend.Receiver | Trace | I/fstrim  (  190): Invoking FITRIM ioctl on /cache
E/fstrim  (  190): FITRIM ioctl failed on /cache (error 95/Operation not supported on transport endpoint)
 | 
2015-10-09 18:37:53:630 | Backend.Receiver | Trace | I/fstrim  (  190): Invoking FITRIM ioctl on /data
E/fstrim  (  190): FITRIM ioctl failed on /data (error 95/Operation not supported on transport endpoint)
I/fstrim  (  190): Invoking FITRIM ioctl on /data
 | 
2015-10-09 18:37:53:655 | Backend.Receiver | Trace | E/fstrim  (  190): FITRIM ioctl failed on /data (error 95/Operation not supported on transport endpoint)
I/fstrim  (  190): Finished fstrim work.
D/WifiService( 1873): New client listening to asynchronous messages | 
2015-10-09 18:37:53:655 | Backend.Receiver | Trace | 
I/ActivityManager( 1873): Killing 29953:de.hafas.android.oebb/u0a86 (adj 15): empty for 12456s
I/ActivityManager( 1873): Killing 8371:android.process.media/u0a9 (adj 15): empty for 8670s
W/ResourcesManager(22122): Asset path '/system/framework/com.android.media.remotedisplay.jar' does not exist or contains no resources. | 
2015-10-09 18:37:53:655 | Backend.Receiver | Trace | 
W/ResourcesManager(22122): Asset path '/system/framework/com.android.location.provider.jar' does not exist or contains no resources.
W/AlarmManager( 1873): Clear alarm type=4,alarmSeconds=1444370400
I/ActivityManager( 1873): Start proc 32369:com.android.cellbroadcastreceiver/u0a5 for broadcast com.android.cellbroadcastreceiver/.CellBroadcastReceiver
D/WifiService( 1873): acquireWifiLockLocked: WifiLock{NlpWifiLock type=2 binder=android.os.BinderProxy@1b29d54c} | 
2015-10-09 18:37:53:661 | Backend.Receiver | Trace | 
D/WifiService( 1873): releaseWifiLockLocked: WifiLock{NlpWifiLock type=2 binder=android.os.BinderProxy@1b29d54c}
W/ProcessCpuTracker( 1873): Skipping unknown process pid 32392
I/ActivityManager( 1873): Killing 31092:com.android.providers.calendar/u0a4 (adj 15): empty for 7059s | 
2015-10-09 18:37:53:661 | Backend.Receiver | Trace | 
I/PowerManagerService( 1873): Waking up from sleep (uid 1000)...
I/DisplayPowerController( 1873): Blocking screen on until initial contents have been drawn.
 | 
2015-10-09 18:37:53:661 | Backend.Receiver | Trace | D/WifiService( 1873): acquireWifiLockLocked: WifiLock{NlpWifiLock type=2 binder=android.os.BinderProxy@113e6e13}
D/VoldCmdListener(  190): cryptfs getpwtype
D/VoldCmdListener(  190): cryptfs getpwtype
D/VoldCmdListener(  190): cryptfs getpwtype
D/VoldCmdListener(  190): cryptfs getpwtype
D/VoldCmdListener(  190): cryptfs getpwtype
D/VoldCmdListener(  190): cryptfs getpwtype
D/VoldCmdListener(  190): cryptfs getpwtype
I/DisplayPowerController( 1873): Unblocked screen on after 169 ms
I/DisplayManagerService( 1873): Display device changed: DisplayDeviceInfo{"Integrierter Bildschirm": uniqueId="local:0", 1080 x 1920, 60.0 fps, supportedRefreshRates [60.0], density 480, 472.965 x 473.475 dpi, appVsyncOff 0, presDeadline 17666667, touch INTERNAL, rotation 0, type BUILT_IN, state ON, FLAG_DEFAULT_DISPLAY, FLAG_ROTATES_WITH_CONTENT, FLAG_SECURE, FLAG_SUPPORTS_PROTECTED_BUFFERS}
 | 
2015-10-09 18:37:53:661 | Backend.Receiver | Trace | D/VoldCmdListener(  190): cryptfs getpwtype
V/ActivityManager( 1873): Display changed displayId=0
D/VoldCmdListener(  190): cryptfs getpwtype
 | 
2015-10-09 18:37:53:661 | Backend.Receiver | Trace | D/VoldCmdListener(  190): cryptfs getpwtype
D/LiveDisplay( 1873): Adjust display temperature to 4001K [r=1.0 g=0.82863414 b=0.6483528]
D/LiveDisplay( 1873): Adjust display temperature to 4013K [r=1.0 g=0.82966965 b=0.6505981]
D/LiveDisplay( 1873): Adjust display temperature to 4024K [r=1.0 g=0.83061886 b=0.6526564]
D/LiveDisplay( 1873): Adjust display temperature to 4040K [r=1.0 g=0.83199954 b=0.65565014] | 
2015-10-09 18:37:53:661 | Backend.Receiver | Trace | 
D/LiveDisplay( 1873): Adjust display temperature to 4059K [r=1.0 g=0.8336391 b=0.6592052]
D/LiveDisplay( 1873): Adjust display temperature to 4084K [r=1.0 g=0.83579636 b=0.663883]
D/LiveDisplay( 1873): Adjust display temperature to 4187K [r=1.0 g=0.84440225 b=0.6827204]
 | 
2015-10-09 18:37:53:661 | Backend.Receiver | Trace | D/LiveDisplay( 1873): Adjust display temperature to 4188K [r=1.0 g=0.8444853 b=0.6829025]
D/LiveDisplay( 1873): Adjust display temperature to 4199K [r=1.0 g=0.84539884 b=0.68490577]
D/LiveDisplay( 1873): Adjust display temperature to 4222K [r=1.0 g=0.84724116 b=0.6889881] | 
2015-10-09 18:37:53:661 | Backend.Receiver | Trace | 
D/LiveDisplay( 1873): Adjust display temperature to 4257K [r=1.0 g=0.85004 b=0.695193]
D/LiveDisplay( 1873): Adjust display temperature to 4303K [r=1.0 g=0.8537097 b=0.70333403]
 | 
2015-10-09 18:37:53:661 | Backend.Receiver | Trace | D/LiveDisplay( 1873): Adjust display temperature to 4359K [r=1.0 g=0.85802376 b=0.71300054]
D/LiveDisplay( 1873): Adjust display temperature to 4425K [r=1.0 g=0.8630385 b=0.7242803]
 | 
2015-10-09 18:37:53:676 | Backend.Receiver | Trace | D/LiveDisplay( 1873): Adjust display temperature to 4501K [r=1.0 g=0.8686786 b=0.7370517]
D/LiveDisplay( 1873): Adjust display temperature to 4585K [r=1.0 g=0.87469226 b=0.7508053]
D/LiveDisplay( 1873): Adjust display temperature to 4673K [r=1.0 g=0.88080734 b=0.7649051] | 
2015-10-09 18:37:53:676 | Backend.Receiver | Trace | 
D/LiveDisplay( 1873): Adjust display temperature to 4770K [r=1.0 g=0.88733673 b=0.78009015]
D/LiveDisplay( 1873): Adjust display temperature to 4871K [r=1.0 g=0.8939037 b=0.7955044]
D/LiveDisplay( 1873): Adjust display temperature to 4976K [r=1.0 g=0.9004912 b=0.8111129] | 
2015-10-09 18:37:53:676 | Backend.Receiver | Trace | 
D/LiveDisplay( 1873): Adjust display temperature to 5079K [r=1.0 g=0.90802455 b=0.8254994]
D/LiveDisplay( 1873): Adjust display temperature to 5186K [r=1.0 g=0.91606194 b=0.8400151]
D/LiveDisplay( 1873): Adjust display temperature to 5291K [r=1.0 g=0.9237606 b=0.8540379] | 
2015-10-09 18:37:53:676 | Backend.Receiver | Trace | 
D/LiveDisplay( 1873): Adjust display temperature to 5395K [r=1.0 g=0.93120414 b=0.86771244]
D/LiveDisplay( 1873): Adjust display temperature to 5492K [r=1.0 g=0.9379816 b=0.8802697]
D/LiveDisplay( 1873): Adjust display temperature to 5587K [r=1.0 g=0.94447076 b=0.89238846]
 | 
2015-10-09 18:37:53:676 | Backend.Receiver | Trace | D/LiveDisplay( 1873): Adjust display temperature to 5676K [r=1.0 g=0.9504175 b=0.903579]
D/LiveDisplay( 1873): Adjust display temperature to 5757K [r=1.0 g=0.9557226 b=0.91362965]
D/LiveDisplay( 1873): Adjust display temperature to 5830K [r=1.0 g=0.9604246 b=0.9225874]
D/LiveDisplay( 1873): Adjust display temperature to 5892K [r=1.0 g=0.9643627 b=0.9301244]
D/LiveDisplay( 1873): Adjust display temperature to 5946K [r=1.0 g=0.96772444 b=0.93659985] | 
2015-10-09 18:37:53:676 | Backend.Receiver | Trace | 
D/LiveDisplay( 1873): Adjust display temperature to 5989K [r=1.0 g=0.970392 b=0.9417439]
D/LiveDisplay( 1873): Adjust display temperature to 6020K [r=1.0 g=0.9722862 b=0.9454139]
D/LiveDisplay( 1873): Adjust display temperature to 6039K [r=1.0 g=0.9734374 b=0.9476502]
 | 
2015-10-09 18:37:53:676 | Backend.Receiver | Trace | D/LiveDisplay( 1873): Adjust display temperature to 6046K [r=1.0 g=0.9738616 b=0.9484741]
D/LiveDisplay( 1873): Adjust display temperature to 6047K [r=1.0 g=0.9739222 b=0.94859177] | 
2015-10-09 18:37:53:676 | Backend.Receiver | Trace | 
D/WifiService( 1873): releaseWifiLockLocked: WifiLock{NlpWifiLock type=2 binder=android.os.BinderProxy@113e6e13}
I/PowerManagerService( 1873): Going to sleep due to power button (uid 1000)...
 | 
2015-10-09 18:37:53:676 | Backend.Receiver | Trace | I/PowerManagerService( 1873): Sleeping (uid 1000)...
D/VoldCmdListener(  190): cryptfs getpwtype
D/VoldCmdListener(  190): cryptfs getpwtype
D/LiveDisplay( 1873): Adjust display temperature to 6051K [r=1.0 g=0.97416455 b=0.9490626]
I/DisplayManagerService( 1873): Display device changed: DisplayDeviceInfo{"Integrierter Bildschirm": uniqueId="local:0", 1080 x 1920, 60.0 fps, supportedRefreshRates [60.0], density 480, 472.965 x 473.475 dpi, appVsyncOff 0, presDeadline 17666667, touch INTERNAL, rotation 0, type BUILT_IN, state OFF, FLAG_DEFAULT_DISPLAY, FLAG_ROTATES_WITH_CONTENT, FLAG_SECURE, FLAG_SUPPORTS_PROTECTED_BUFFERS}
V/ActivityManager( 1873): Display changed displayId=0 | 
2015-10-09 18:37:53:676 | Backend.Receiver | Trace | 
D/VoldCmdListener(  190): cryptfs getpwtype
D/VoldCmdListener(  190): cryptfs getpwtype
I/ActivityManager( 1873): Start proc 314:com.android.providers.calendar/u0a4 for broadcast com.android.providers.calendar/.CalendarReceiver
W/ResourcesManager(  314): Asset path '/system/framework/android.test.runner.jar' does not exist or contains no resources.
I/ActivityManager( 1873): Killing 31116:com.cyanogenmod.lockclock/u0a51 (adj 15): empty for 7092s
I/ActivityManager( 1873): Start proc 354:com.cyanogenmod.lockclock/u0a51 for broadcast com.cyanogenmod.lockclock/.ClockWidgetProvider
D/WifiService( 1873): acquireWifiLockLocked: WifiLock{NlpWifiLock type=2 binder=android.os.BinderProxy@113e6e13}
D/WifiService( 1873): releaseWifiLockLocked: WifiLock{NlpWifiLock type=2 binder=android.os.BinderProxy@113e6e13}
 | 
2015-10-09 18:37:53:693 | Backend.Receiver | Trace | D/LiveDisplay( 1873): Adjust display temperature to 6059K [r=1.0 g=0.97464925 b=0.9500042]
D/LiveDisplay( 1873): Adjust display temperature to 6198K [r=1.0 g=0.9829335 b=0.9661764]
D/LiveDisplay( 1873): Adjust display temperature to 6355K [r=1.0 g=0.9919397 b=0.9839532]
D/LiveDisplay( 1873): Adjust display temperature to 6468K [r=1.0 g=0.99823403 b=0.99647737]
D/LiveDisplay( 1873): Adjust display temperature to 6500K [r=1.0 g=1.0 b=1.0]
I/BatteryStatsImpl( 1873): Resetting battery stats: level=100 status=5 dischargeLevel=100 lowAmount=84 highAmount=85
I/PowerManagerService( 1873): Waking up from sleep (uid 1000)...
I/DisplayPowerController( 1873): Blocking screen on until initial contents have been drawn.
D/VoldCmdListener(  190): cryptfs getpwtype
D/VoldCmdListener(  190): cryptfs getpwtype
D/VoldCmdListener(  190): cryptfs getpwtype
D/VoldCmdListener(  190): cryptfs getpwtype
D/VoldCmdListener(  190): cryptfs getpwtype
 | 
2015-10-09 18:37:53:693 | Backend.Receiver | Trace | D/VoldCmdListener(  190): cryptfs getpwtype
D/VoldCmdListener(  190): cryptfs getpwtype
D/WifiService( 1873): acquireWifiLockLocked: WifiLock{NlpWifiLock type=2 binder=android.os.BinderProxy@113e6e13}
I/DisplayPowerController( 1873): Unblocked screen on after 177 ms
I/DisplayManagerService( 1873): Display device changed: DisplayDeviceInfo{"Integrierter Bildschirm": uniqueId="local:0", 1080 x 1920, 60.0 fps, supportedRefreshRates [60.0], density 480, 472.965 x 473.475 dpi, appVsyncOff 0, presDeadline 17666667, touch INTERNAL, rotation 0, type BUILT_IN, state ON, FLAG_DEFAULT_DISPLAY, FLAG_ROTATES_WITH_CONTENT, FLAG_SECURE, FLAG_SUPPORTS_PROTECTED_BUFFERS}
D/VoldCmdListener(  190): cryptfs getpwtype
V/ActivityManager( 1873): Display changed displayId=0
D/VoldCmdListener(  190): cryptfs getpwtype
D/VoldCmdListener(  190): cryptfs getpwtype
D/WifiService( 1873): releaseWifiLockLocked: WifiLock{NlpWifiLock type=2 binder=android.os.BinderProxy@113e6e13}
I/PowerManagerService( 1873): Going to sleep due to  | 
2015-10-09 18:37:53:693 | Backend.Receiver | Trace | screen timeout (uid 1000)...
I/PowerManagerService( 1873): Sleeping (uid 1000)...
D/VoldCmdListener(  190): cryptfs getpwtype
D/VoldCmdListener(  190): cryptfs getpwtype
 | 
2015-10-09 18:37:53:693 | Backend.Receiver | Trace | I/DisplayManagerService( 1873): Display device changed: DisplayDeviceInfo{"Integrierter Bildschirm": uniqueId="local:0", 1080 x 1920, 60.0 fps, supportedRefreshRates [60.0], density 480, 472.965 x 473.475 dpi, appVsyncOff 0, presDeadline 17666667, touch INTERNAL, rotation 0, type BUILT_IN, state OFF, FLAG_DEFAULT_DISPLAY, FLAG_ROTATES_WITH_CONTENT, FLAG_SECURE, FLAG_SUPPORTS_PROTECTED_BUFFERS}
V/ActivityManager( 1873): Display changed displayId=0
D/VoldCmdListener(  190): cryptfs getpwtype
D/VoldCmdListener(  190): cryptfs getpwtype
W/AlarmManager( 1873): Clear alarm type=4,alarmSeconds=1444370400
D/WifiService( 1873): acquireWifiLockLocked: WifiLock{NlpWifiLock type=2 binder=android.os.BinderProxy@113e6e13}
D/WifiService( 1873): releaseWifiLockLocked: WifiLock{NlpWifiLock type=2 binder=android.os.BinderProxy@113e6e13}
D/VoldCmdListener(  190): cryptfs getpwtype
D/BackupManagerService( 1873): Received broadcast Intent { act=android.intent.action.PACKAGE_CHANGED dat=package:com.google.android.gms flg=0 | 
2015-10-09 18:37:53:693 | Backend.Receiver | Trace | x4000010 (has extras) }
 | 
2015-10-09 18:37:53:693 | Backend.Receiver | Trace | I/BackupManagerService( 1873): Unbinding ComponentInfo{com.google.android.gms/com.google.android.gms.backup.BackupTransportService}
I/BackupManagerService( 1873): Binding to transport host ComponentInfo{com.google.android.gms/com.google.android.gms.backup.BackupTransportService}
V/BackupManagerService( 1873): Connected to transport ComponentInfo{com.google.android.gms/com.google.android.gms.backup.BackupTransportService}
V/BackupManagerService( 1873): Registering transport com.google.android.gms/.backup.BackupTransportService::com.google.android.gms/.backup.BackupTransportService = com.android.internal.backup.IBackupTransport$Stub$Proxy@2a9f226c
W/ResourcesManager( 2371): Asset path '/system/framework/com.google.android.media.effects.jar' does not exist or contains no resources.
I/ActivityManager( 1873): Start proc 706:org.cyanogenmod.bugreport/2000 for broadcast org.cyanogenmod.bugreport/.PackageChangeReceiver
W/ResourcesManager( 2371): Asset path '/system/framework/com.google.android.maps.jar' does no | 
2015-10-09 18:37:53:693 | Backend.Receiver | Trace | t exist or contains no resources.
W/ResourcesManager( 1873): Asset path '/system/framework/com.google.android.maps.jar' does not exist or contains no resources.
I/ActivityManager( 1873): Start proc 731:android.process.media/u0a9 for content provider com.android.providers.media/.MediaProvider
D/WifiService( 1873): acquireWifiLockLocked: WifiLock{NlpWifiLock type=2 binder=android.os.BinderProxy@113e6e13}
 | 
2015-10-09 18:37:53:693 | Backend.Receiver | Trace | I/ActivityManager( 1873): Start proc 754:android.process.acore/u0a6 for broadcast com.android.providers.contacts/.PackageIntentReceiver
I/ActivityManager( 1873): START u0 {act=fullscreen_activity dat=content://com.android.deskclock/instances/1 flg=0x10040000 cmp=com.android.deskclock/.alarms.AlarmActivity} from uid 10038 on display 0
V/WindowManager( 1873): addAppToken: AppWindowToken{22e8f7 token=Token{12974cf6 ActivityRecord{794d591 u0 com.android.deskclock/.alarms.AlarmActivity t1032}}} to stack=1 task=1032 at 0
I/UsageStatsService( 1873): User[0] Rolling over usage stats
D/VoldCmdListener(  190): cryptfs getpwtype
D/VoldCmdListener(  190): cryptfs getpwtype
I/UsageStatsService( 1873): User[0] Rollover scheduled @ 2015-10-10 02:00:00(1444435200000)
I/UsageStatsService( 1873): User[0] Rolling over usage stats complete. Took 33 milliseconds
D/VoldCmdListener(  190): cryptfs getpwtype
 | 
2015-10-09 18:37:53:709 | Backend.Receiver | Trace | I/ActivityManager( 1873): Start proc 785:com.android.gallery3d/u0a45 for broadcast com.android.gallery3d/.app.PackagesMonitor
W/ResourcesManager(  785): Asset path '/system/framework/com.google.android.media.effects.jar' does not exist or contains no resources.
V/WindowManager( 1873): Adding window Window{10c7ffef u0 com.android.deskclock/com.android.deskclock.alarms.AlarmActivity} at 2 of 7 (after Window{36dcc58b u0 com.cyanogenmod.trebuchet/com.android.launcher3.Launcher})
D/VoldCmdListener(  190): cryptfs getpwtype
D/VoldCmdListener(  190): cryptfs getpwtype
I/ActivityManager( 1873): Start proc 808:com.android.vending/u0a26 for broadcast com.android.vending/com.google.android.finsky.receivers.PackageMonitorReceiver$RegisteredReceiver
D/VoldCmdListener(  190): cryptfs getpwtype
I/ActivityManager( 1873): Start proc 829:com.google.android.gms.wearable/u0a22 for service com.google.android.gms/.wearable.service.WearableControlService
D/VoldCmdListener(  190): cryptfs getpwtype
D/VoldCmdListener(  190): | 
2015-10-09 18:37:53:709 | Backend.Receiver | Trace |  cryptfs getpwtype
D/VoldCmdListener(  190): cryptfs getpwtype
 | 
2015-10-09 18:37:53:709 | Backend.Receiver | Trace | W/ResourcesManager(  829): Asset path '/system/framework/com.android.media.remotedisplay.jar' does not exist or contains no resources.
W/ResourcesManager(  829): Asset path '/system/framework/com.android.location.provider.jar' does not exist or contains no resources.
D/VoldCmdListener(  190): cryptfs getpwtype
D/VoldCmdListener(  190): cryptfs getpwtype
D/VoldCmdListener(  190): cryptfs getpwtype
I/PowerManagerService( 1873): Waking up from sleep (uid 1000)...
I/DisplayPowerController( 1873): Blocking screen on until initial contents have been drawn.
D/VoldCmdListener(  190): cryptfs getpwtype
D/VoldCmdListener(  190): cryptfs getpwtype
D/VoldCmdListener(  190): cryptfs getpwtype
D/VoldCmdListener(  190): cryptfs getpwtype
 | 
2015-10-09 18:37:53:709 | Backend.Receiver | Trace | D/VoldCmdListener(  190): cryptfs getpwtype
D/VoldCmdListener(  190): cryptfs getpwtype
D/VoldCmdListener(  190): cryptfs getpwtype
D/VoldCmdListener(  190): cryptfs getpwtype
D/VoldCmdListener(  190): cryptfs getpwtype
D/VoldCmdListener(  190): cryptfs getpwtype
D/VoldCmdListener(  190): cryptfs getpwtype
D/VoldCmdListener(  190): cryptfs getpwtype
D/VoldCmdListener(  190): cryptfs getpwtype
D/VoldCmdListener(  190): cryptfs getpwtype
D/VoldCmdListener(  190): cryptfs getpwtype
 | 
2015-10-09 18:37:53:709 | Backend.Receiver | Trace | I/DisplayManagerService( 1873): Display device changed: DisplayDeviceInfo{"Integrierter Bildschirm": uniqueId="local:0", 1080 x 1920, 60.0 fps, supportedRefreshRates [60.0], density 480, 472.965 x 473.475 dpi, appVsyncOff 0, presDeadline 17666667, touch INTERNAL, rotation 0, type BUILT_IN, state ON, FLAG_DEFAULT_DISPLAY, FLAG_ROTATES_WITH_CONTENT, FLAG_SECURE, FLAG_SUPPORTS_PROTECTED_BUFFERS}
D/VoldCmdListener(  190): cryptfs getpwtype
D/VoldCmdListener(  190): cryptfs getpwtype
V/ActivityManager( 1873): Display changed displayId=0
D/VoldCmdListener(  190): cryptfs getpwtype
D/VoldCmdListener(  190): cryptfs getpwtype
D/VoldCmdListener(  190): cryptfs getpwtype
D/VoldCmdListener(  190): cryptfs getpwtype
D/VoldCmdListener(  190): cryptfs getpwtype
I/DisplayPowerController( 1873): Unblocked screen on after 216 ms
D/VoldCmdListener(  190): cryptfs getpwtype
D/VoldCmdListener(  190): cryptfs getpwtype
I/ActivityManager( 1873): Start proc 912:com.google.android.gms:car/u0a22 for service com.google.and | 
2015-10-09 18:37:53:709 | Backend.Receiver | Trace | roid.gms/.car.CarService
W/ResourcesManager(  912): Asset path '/system/framework/com.android.media.remotedisplay.jar' does not exist or contains no resources.
W/ResourcesManager(  912): Asset path '/system/framework/com.android.location.provider.jar' does not exist or contains no resources.
D/VoldCmdListener(  190): cryptfs getpwtype
D/VoldCmdListener(  190): cryptfs getpwtype
D/WifiService( 1873): releaseWifiLockLocked: WifiLock{NlpWifiLock type=2 binder=android.os.BinderProxy@113e6e13}
D/VoldCmdListener(  190): cryptfs getpwtype
D/VoldCmdListener(  190): cryptfs getpwtype
D/VoldCmdListener(  190): cryptfs getpwtype
D/VoldCmdListener(  190): cryptfs getpwtype
I/PowerManagerService( 1873): Going to sleep due to power button (uid 1000)...
 | 
2015-10-09 18:37:53:730 | Backend.Converter.LogcatToLogConverter | Error | Could not read logcat data | System.ArgumentOutOfRangeException: Length cannot be less than zero.
Parameter name: length
   at System.String.Substring(Int32 startIndex, Int32 length)
   at Backend.Converter.LogcatToLogConverter.Convert(String text) in c:\Users\Daniel\Documents\GitHub\Loginator\Backend\Converter\LogcatToLogConverter.cs:line 70
2015-10-09 18:37:53:730 | Backend.Receiver | Trace | I/PowerManagerService( 1873): Sleeping (uid 1000)...
D/VoldCmdListener(  190): cryptfs getpwtype
D/VoldCmdListener(  190): cryptfs getpwtype
I/DisplayManagerService( 1873): Display device changed: DisplayDeviceInfo{"Integrierter Bildschirm": uniqueId="local:0", 1080 x 1920, 60.0 fps, supportedRefreshRates [60.0], density 480, 472.965 x 473.475 dpi, appVsyncOff 0, presDeadline 17666667, touch INTERNAL, rotation 0, type BUILT_IN, state OFF, FLAG_DEFAULT_DISPLAY, FLAG_ROTATES_WITH_CONTENT, FLAG_SECURE, FLAG_SUPPORTS_PROTECTED_BUFFERS}
V/ActivityManager( 1873): Display changed displayId=0
D/VoldCmdListener(  190): cryptfs getpwtype
D/VoldCmdListener(  190): cryptfs getpwtype
D/VoldCmdListener(  190): cryptfs getpwtype
 | 
2015-10-09 18:37:53:730 | Backend.Receiver | Trace | I/ActivityManager( 1873): Killing 31517:com.google.android.partnersetup/u0a25 (adj 15): empty #17
D/VoldCmdListener(  190): cryptfs getpwtype
D/VoldCmdListener(  190): cryptfs getpwtype
D/VoldCmdListener(  190): cryptfs getpwtype
D/VoldCmdListener(  190): cryptfs getpwtype
D/VoldCmdListener(  190): cryptfs getpwtype
D/VoldCmdListener(  190): cryptfs getpwtype
D/VoldCmdListener(  190): cryptfs getpwtype
D/VoldCmdListener(  190): cryptfs getpwtype
 | 
2015-10-09 18:37:53:730 | Backend.Receiver | Trace | D/VoldCmdListener(  190): cryptfs getpwtype
D/VoldCmdListener(  190): cryptfs getpwtype
D/VoldCmdListener(  190): cryptfs getpwtype
D/WifiService( 1873): acquireWifiLockLocked: WifiLock{NlpWifiLock type=2 binder=android.os.BinderProxy@113e6e13}
D/WifiService( 1873): releaseWifiLockLocked: WifiLock{NlpWifiLock type=2 binder=android.os.BinderProxy@113e6e13}
I/PowerManagerService( 1873): Waking up from sleep (uid 1000)...
I/DisplayPowerController( 1873): Blocking screen on until initial contents have been drawn.
D/WifiService( 1873): acquireWifiLockLocked: WifiLock{NlpWifiLock type=2 binder=android.os.BinderProxy@289eb1b0}
D/VoldCmdListener(  190): cryptfs getpwtype
D/VoldCmdListener(  190): cryptfs getpwtype
D/VoldCmdListener(  190): cryptfs getpwtype
D/VoldCmdListener(  190): cryptfs getpwtype
D/VoldCmdListener(  190): cryptfs getpwtype
D/VoldCmdListener(  190): cryptfs getpwtype
I/DisplayPowerController( 1873): Unblocked screen on after 167 ms
 | 
2015-10-09 18:37:53:730 | Backend.Receiver | Trace | I/DisplayManagerService( 1873): Display device changed: DisplayDeviceInfo{"Integrierter Bildschirm": uniqueId="local:0", 1080 x 1920, 60.0 fps, supportedRefreshRates [60.0], density 480, 472.965 x 473.475 dpi, appVsyncOff 0, presDeadline 17666667, touch INTERNAL, rotation 0, type BUILT_IN, state ON, FLAG_DEFAULT_DISPLAY, FLAG_ROTATES_WITH_CONTENT, FLAG_SECURE, FLAG_SUPPORTS_PROTECTED_BUFFERS}
V/ActivityManager( 1873): Display changed displayId=0
D/VoldCmdListener(  190): cryptfs getpwtype
D/VoldCmdListener(  190): cryptfs getpwtype
D/VoldCmdListener(  190): cryptfs getpwtype
D/VoldCmdListener(  190): cryptfs getpwtype
D/VoldCmdListener(  190): cryptfs getpwtype
D/VoldCmdListener(  190): cryptfs getpwtype
 | 
2015-10-09 18:37:53:739 | Backend.Receiver | Trace | D/VoldCmdListener(  190): cryptfs getpwtype
D/VoldCmdListener(  190): cryptfs getpwtype
D/VoldCmdListener(  190): cryptfs getpwtype
D/WifiService( 1873): releaseWifiLockLocked: WifiLock{NlpWifiLock type=2 binder=android.os.BinderProxy@289eb1b0}
E/WindowAnimator( 1873): Timeout waiting for animation to startup
D/VoldCmdListener(  190): cryptfs getpwtype
D/VoldCmdListener(  190): cryptfs getpwtype
 | 
2015-10-09 18:37:53:739 | Backend.Receiver | Trace | D/VoldCmdListener(  190): cryptfs getpwtype
V/ActivityManager( 1873): Display changed displayId=0
D/VoldCmdListener(  190): cryptfs getpwtype
D/VoldCmdListener(  190): cryptfs getpwtype
D/VoldCmdListener(  190): cryptfs getpwtype
D/VoldCmdListener(  190): cryptfs getpwtype
D/VoldCmdListener(  190): cryptfs getpwtype
D/VoldCmdListener(  190): cryptfs getpwtype
D/VoldCmdListener(  190): cryptfs getpwtype
 | 
2015-10-09 18:37:53:739 | Backend.Receiver | Trace | D/VoldCmdListener(  190): cryptfs getpwtype
D/VoldCmdListener(  190): cryptfs getpwtype
D/VoldCmdListener(  190): cryptfs getpwtype
D/VoldCmdListener(  190): cryptfs getpwtype
D/VoldCmdListener(  190): cryptfs getpwtype
D/VoldCmdListener(  190): cryptfs getpwtype
D/VoldCmdListener(  190): cryptfs getpwtype
D/VoldCmdListener(  190): cryptfs getpwtype
 | 
2015-10-09 18:37:53:739 | Backend.Receiver | Trace | D/VoldCmdListener(  190): cryptfs getpwtype
D/VoldCmdListener(  190): cryptfs getpwtype
I/ActivityManager( 1873): START u0 {act=android.intent.action.MAIN cat=[android.intent.category.LAUNCHER] flg=0x10200000 pkg=com.android.dialer cmp=com.android.dialer/.DialtactsActivity bnds=[52,1697][253,1937] (has extras)} from uid 10019 on display 0
V/WindowManager( 1873): addAppToken: AppWindowToken{16d2eb6b token=Token{361cc0ba ActivityRecord{2d246de5 u0 com.android.dialer/.DialtactsActivity t1033}}} to stack=1 task=1033 at 0
V/WindowManager( 1873): Adding window Window{1f59e6e0 u0 Starting com.android.dialer} at 3 of 7 (after Window{36dcc58b u0 com.cyanogenmod.trebuchet/com.android.launcher3.Launcher})
W/BroadcastQueue( 1873): Permission Denial: broadcasting Intent { act=com.android.launcher3.action.LAUNCH flg=0x10 (has extras) } from com.cyanogenmod.trebuchet (pid=2371, uid=10019) requires com.google.android.launcher.permission.RECEIVE_LAUNCH_BROADCASTS due to receiver com.google.android.googlequicksearchbox/co | 
2015-10-09 18:37:53:739 | Backend.Receiver | Trace | m.google.android.search.core.icingsync.ApplicationLaunchReceiver
 | 
2015-10-09 18:37:53:739 | Backend.Receiver | Trace | W/BroadcastQueue( 1873): Permission Denial: receiving Intent { act=com.android.launcher3.action.LAUNCH flg=0x10 (has extras) } to com.google.android.googlequicksearchbox/com.google.android.search.core.icingsync.ApplicationLaunchReceiver requires com.android.launcher3.permission.RECEIVE_LAUNCH_BROADCASTS due to sender com.cyanogenmod.trebuchet (uid 10019)
D/VoldCmdListener(  190): cryptfs getpwtype
D/VoldCmdListener(  190): cryptfs getpwtype
I/ActivityManager( 1873): Start proc 1397:com.android.dialer/u0a8 for activity com.android.dialer/.DialtactsActivity
D/VoldCmdListener(  190): cryptfs getpwtype
D/VoldCmdListener(  190): cryptfs getpwtype
D/VoldCmdListener(  190): cryptfs getpwtype
D/VoldCmdListener(  190): cryptfs getpwtype
 | 
2015-10-09 18:37:53:739 | Backend.Receiver | Trace | V/WindowManager( 1873): Adding window Window{2387bf0d u0 com.android.dialer/com.android.dialer.DialtactsActivity} at 3 of 8 (before Window{1f59e6e0 u0 Starting com.android.dialer})
D/VoldCmdListener(  190): cryptfs getpwtype
D/VoldCmdListener(  190): cryptfs getpwtype
D/VoldCmdListener(  190): cryptfs getpwtype
D/CountryDetector( 1873): The first listener is added
D/VoldCmdListener(  190): cryptfs getpwtype
D/VoldCmdListener(  190): cryptfs getpwtype
D/VoldCmdListener(  190): cryptfs getpwtype
 | 
2015-10-09 18:37:53:739 | Backend.Receiver | Trace | D/VoldCmdListener(  190): cryptfs getpwtype
D/VoldCmdListener(  190): cryptfs getpwtype
D/VoldCmdListener(  190): cryptfs getpwtype
D/VoldCmdListener(  190): cryptfs getpwtype
I/ActivityManager( 1873): START u0 {act=android.intent.action.CALL_PRIVILEGED dat=tel:xxxxxxxxxxxxx cmp=com.android.server.telecom/.PrivilegedCallActivity (has extras)} from uid 10008 on display 0
D/VoldCmdListener(  190): cryptfs getpwtype | 
2015-10-09 18:37:53:739 | Backend.Receiver | Trace | 
V/WindowManager( 1873): addAppToken: AppWindowToken{1242c2c5 token=Token{1ff6553c ActivityRecord{19415b2f u0 com.android.server.telecom/.PrivilegedCallActivity t1033}}} to stack=1 task=1033 at 1
 | 
2015-10-09 18:37:53:739 | Backend.Receiver | Trace | I/ActivityManager( 1873): Start proc 1467:com.android.server.telecom:ui/1000 for activity com.android.server.telecom/.PrivilegedCallActivity
D/VoldCmdListener(  190): cryptfs getpwtype
I/Telecom ( 1873): CallReceiver: onReceive - isUnknownCall: false
W/InputMethodManagerService( 1873): Window already focused, ignoring focus gain of: com.android.internal.view.IInputMethodClient$Stub$Proxy@2211c641 attribute=null, token = android.os.BinderProxy@3cbf5a4
D/VoldCmdListener(  190): cryptfs getpwtype
D/VoldCmdListener(  190): cryptfs getpwtype
I/Telecom ( 1873): Call: setTargetPhoneAccount  ComponentInfo{com.android.phone/com.android.services.telephony.TelephonyConnectionService}, [356a192b7913b04c54574d18c28d46e6395428ab], UserHandle{0} 
I/Telecom ( 1873): InCallController: Attempting to bind to InCall com.android.dialer, is dupe? false 
 | 
2015-10-09 18:37:53:739 | Backend.Receiver | Trace | I/Telecom ( 1873): InCallController: Attempting to bind to InCall com.google.android.gms, is dupe? false 
I/Telecom ( 1873): CallAudioManager: updateAudioStreamAndMode, mIsRinging: false, mIsTonePlaying: false
I/Telecom ( 1873): CallAudioManager: updateAudioStreamAndMode, mIsRinging: false, mIsTonePlaying: false
I/Telecom ( 1873): CallAudioManager: requestAudioFocusAndSetMode, stream: -1 -> 0, mode: 2
D/VoldCmdListener(  190): cryptfs getpwtype
I/ActivityManager( 1873): START u0 {flg=0x10840000 cmp=com.android.dialer/com.android.incallui.CircularRevealActivity (has extras)} from uid 10008 on display 0
D/VoldCmdListener(  190): cryptfs getpwtype
V/WindowManager( 1873): addAppToken: AppWindowToken{45ccd3b token=Token{f1cc7ca ActivityRecord{b32e735 u0 com.android.dialer/com.android.incallui.CircularRevealActivity t1034}}} to stack=1 task=1034 at 0
D/VoldCmdListener(  190): cryptfs getpwtype
 | 
2015-10-09 18:37:53:739 | Backend.Receiver | Trace | D/QMI_FW  ( 1622): QCCI: QMI_CCI_TX: cntl_flag - 00, txn_id - 0183, msg_id - 0029, msg_len - 0023
D/QMI_FW  ( 1622): QCCI: QMUXD: xport_send[1 -> 20]: 42 bytes on conn_id=9
D/QMI_FW  ( 1622): QCCI: QMUXD: xport_rx[1 <- 20]: 14 bytes on conn_id: 9
D/QMI_FW  ( 1622): QCCI: QMI_CCI_RX: cntl_flag - 02, txn_id - 0183, msg_id - 0029, msg_len - 0007
D/QMI_FW  ( 1622): QCCI: QMI_CCI_TX: cntl_flag - 00, txn_id - 0184, msg_id - 0029, msg_len - 0017
D/QMI_FW  ( 1622): QCCI: QMUXD: xport_send[1 -> 20]: 30 bytes on conn_id=9
D/QMI_FW  ( 1622): QCCI: QMUXD: xport_rx[1 <- 20]: 14 bytes on conn_id: 9
D/QMI_FW  ( 1622): QCCI: QMI_CCI_RX: cntl_flag - 02, txn_id - 0184, msg_id - 0029, msg_len - 0007
 | 
2015-10-09 18:37:53:739 | Backend.Receiver | Trace | D/QMI_FW  ( 1622): QCCI: QMI_CCI_TX: cntl_flag - 00, txn_id - 0185, msg_id - 0033, msg_len - 0025
D/QMI_FW  ( 1622): QCCI: QMUXD: xport_send[1 -> 20]: 44 bytes on conn_id=9
V/WindowManager( 1873): Adding window Window{6b7c1b1 u0 com.android.dialer/com.android.incallui.CircularRevealActivity} at 4 of 8 (after Window{2387bf0d u0 com.android.dialer/com.android.dialer.DialtactsActivity})
D/VoldCmdListener(  190): cryptfs getpwtype
D/QMI_FW  ( 1622): QCCI: QMUXD: xport_rx[1 <- 20]: 28 bytes on conn_id: 9
D/QMI_FW  ( 1622): QCCI: QMI_CCI_RX: cntl_flag - 02, txn_id - 0185, msg_id - 0033, msg_len - 0015
D/QMI_FW  ( 1622): QCCI: QMI_CCI_TX: cntl_flag - 00, txn_id - 0186, msg_id - 0034, msg_len - 000e
D/QMI_FW  ( 1622): QCCI: QMUXD: xport_send[1 -> 20]: 21 bytes on conn_id=9
D/VoldCmdListener(  190): cryptfs getpwtype
D/QMI_FW  ( 1622): QCCI: QMUXD: xport_rx[1 <- 20]: 28 bytes on conn_id: 9
D/QMI_FW  ( 1622): QCCI: QMI_CCI_RX: cntl_flag - 02, txn_id - 0186, msg_id - 0034, msg_len - 0015
D/QMI_FW  ( 1622): QC | 
2015-10-09 18:37:53:755 | Backend.Receiver | Trace | CI: QMI_CCI_TX: cntl_flag - 00, txn_id - 0187, msg_id - 0055, msg_len - 0012
D/QMI_FW  ( 1622): QCCI: QMUXD: xport_send[1 -> 20]: 25 bytes on conn_id=9
D/VoldCmdListener(  190): cryptfs getpwtype
D/VoldCmdListener(  190): cryptfs getpwtype
D/QMI_FW  ( 1622): QCCI: QMUXD: xport_rx[1 <- 20]: 28 bytes on conn_id: 9
D/QMI_FW  ( 1622): QCCI: QMI_CCI_RX: cntl_flag - 02, txn_id - 0187, msg_id - 0055, msg_len - 0015
D/QMI_FW  ( 1622): QCCI: QMI_CCI_TX: cntl_flag - 00, txn_id - 0188, msg_id - 0057, msg_len - 000e
D/QMI_FW  ( 1622): QCCI: QMUXD: xport_send[1 -> 20]: 21 bytes on conn_id=9
D/VoldCmdListener(  190): cryptfs getpwtype
D/QMI_FW  ( 1622): QCCI: QMUXD: xport_rx[1 <- 20]: 28 bytes on conn_id: 9
D/QMI_FW  ( 1622): QCCI: QMI_CCI_RX: cntl_flag - 02, txn_id - 0188, msg_id - 0057, msg_len - 0015
D/QMI_FW  ( 1622): QCCI: QMI_CCI_TX: cntl_flag - 00, txn_id - 0189, msg_id - 0036, msg_len - 0012
D/QMI_FW  ( 1622): QCCI: QMUXD: xport_send[1 -> 20]: 25 bytes on conn_id=9
D/QMI_FW  ( 1622): QCCI: QMUXD: xport | 
2015-10-09 18:37:53:755 | Backend.Receiver | Trace | _rx[1 <- 20]: 28 bytes on conn_id: 9
D/QMI_FW  ( 1622): QCCI: QMI_CCI_RX: cntl_flag - 02, txn_id - 0189, msg_id - 0036, msg_len - 0015
D/QMI_FW  ( 1622): QCCI: QMI_CCI_TX: cntl_flag - 00, txn_id - 018a, msg_id - 003e, msg_len - 0016
D/QMI_FW  ( 1622): QCCI: QMUXD: xport_send[1 -> 20]: 29 bytes on conn_id=9
D/QMI_FW  ( 1622): QCCI: QMUXD: xport_rx[1 <- 20]: 28 bytes on conn_id: 9
D/QMI_FW  ( 1622): QCCI: QMI_CCI_RX: cntl_flag - 02, txn_id - 018a, msg_id - 003e, msg_len - 0015
D/QMI_FW  ( 1622): QCCI: QMI_CCI_TX: cntl_flag - 00, txn_id - 018b, msg_id - 0036, msg_len - 0012
D/QMI_FW  ( 1622): QCCI: QMUXD: xport_send[1 -> 20]: 25 bytes on conn_id=9
D/QMI_FW  ( 1622): QCCI: QMUXD: xport_rx[1 <- 20]: 28 bytes on conn_id: 9
D/QMI_FW  ( 1622): QCCI: QMI_CCI_RX: cntl_flag - 02, txn_id - 018b, msg_id - 0036, msg_len - 0015
I/Telecom ( 1873): CallAudioManager: changing audio state from [AudioState isMuted: false, route; EARPIECE, supportedRouteMask: EARPIECE, SPEAKER] to [AudioState isMuted: false, route; EARP | 
2015-10-09 18:37:53:755 | Backend.Receiver | Trace | IECE, supportedRouteMask: EARPIECE, SPEAKER]
I/Telecom ( 1873): Call: CallerInfo received for *************: com.android.internal.telephony.CallerInfo@13c10217 { name non-null, phoneNumber non-null }
I/Telecom ( 1873): InCallController: onConnected to ComponentInfo{com.google.android.gms/com.google.android.gms.car.InCallServiceImpl}
I/Telecom ( 1873): InCallController: Adding 1 calls to InCallService after onConnected: ComponentInfo{com.google.android.gms/com.google.android.gms.car.InCallServiceImpl}
I/Telecom ( 1873): InCallController: addCall after binding: [417992660, CONNECTING, null, *************, 0, childs(0), has_parent(false), [[Capabilities:]], false, ComponentInfo{com.android.phone/com.android.services.telephony.TelephonyConnectionService}, [356a192b7913b04c54574d18c28d46e6395428ab], UserHandle{0} 0]
I/Telecom ( 1873): InCallController: Calling onAudioStateChanged, audioState: null -> [AudioState isMuted: false, route; EARPIECE, supportedRouteMask: EARPIECE, SPEAKER]
I/Telecom ( 1873): InCall | 
2015-10-09 18:37:53:755 | Backend.Receiver | Trace | Controller: onCanAddCallChanged : false
I/Telecom ( 1873): InCallController: onConnected to ComponentInfo{com.android.dialer/com.android.incallui.InCallServiceImpl}
I/Telecom ( 1873): InCallController: Adding 1 calls to InCallService after onConnected: ComponentInfo{com.android.dialer/com.android.incallui.InCallServiceImpl}
I/Telecom ( 1873): InCallController: addCall after binding: [417992660, CONNECTING, null, *************, 0, childs(0), has_parent(false), [[Capabilities:]], false, ComponentInfo{com.android.phone/com.android.services.telephony.TelephonyConnectionService}, [356a192b7913b04c54574d18c28d46e6395428ab], UserHandle{0} 0]
I/Telecom ( 1873): InCallController: Calling onAudioStateChanged, audioState: null -> [AudioState isMuted: false, route; EARPIECE, supportedRouteMask: EARPIECE, SPEAKER]
I/Telecom ( 1873): InCallController: onCanAddCallChanged : false
I/Telecom ( 1873): CallsManager: Creating a new outgoing call with handle: *************
I/Telecom ( 1873): CallsManager: updateLchStatus s | 
2015-10-09 18:37:53:755 | Backend.Receiver | Trace | ubInConversation: 1
I/Telecom ( 1873): CreateConnectionProcessor: Trying attempt CallAttemptRecord(ComponentInfo{com.android.phone/com.android.services.telephony.TelephonyConnectionService}, [356a192b7913b04c54574d18c28d46e6395428ab], UserHandle{0},ComponentInfo{com.android.phone/com.android.services.telephony.TelephonyConnectionService}, [356a192b7913b04c54574d18c28d46e6395428ab], UserHandle{0})
I/Telecom ( 1873): CreateConnectionProcessor: Attempting to call from ComponentInfo{com.android.phone/com.android.services.telephony.TelephonyConnectionService}
I/Telecom ( 1873): ServiceBinderConnection: Service bound ComponentInfo{com.android.phone/com.android.services.telephony.TelephonyConnectionService}
I/Telecom ( 1873): CallAudioManager: updateAudioStreamAndMode, mIsRinging: false, mIsTonePlaying: false
I/Telecom ( 1873): CallAudioManager: requestAudioFocusAndSetMode, stream: 0 -> 0, mode: 2
I/Telecom ( 1873): CallsManager: setCallState CONNECTING -> DIALING, call: [417992660, CONNECTING, com.android.pho | 
2015-10-09 18:37:53:755 | Backend.Receiver | Trace | ne/com.android.services.telephony.TelephonyConnectionService, *************, 0, childs(0), has_parent(false), [[Capabilities: CAPABILITY_SUPPORT_HOLD CAPABILITY_MERGE_CONFERENCE CAPABILITY_MUTE]], false, ComponentInfo{com.android.phone/com.android.services.telephony.TelephonyConnectionService}, [356a192b7913b04c54574d18c28d46e6395428ab], UserHandle{0} 0]
I/Telecom ( 1873): CallAudioManager: updateAudioStreamAndMode, mIsRinging: false, mIsTonePlaying: false
I/Telecom ( 1873): CallAudioManager: requestAudioFocusAndSetMode, stream: 0 -> 0, mode: 2
I/Telecom ( 1873): PhoneStateBroadcaster: Broadcasted state change: 2
I/Telecom ( 1873): CallsManager:  entered manageMSimInCallTones 
I/Telecom ( 1873): CallsManager: setCallState DIALING -> DIALING, call: [417992660, DIALING, com.android.phone/com.android.services.telephony.TelephonyConnectionService, *************, 0, childs(0), has_parent(false), [[Capabilities: CAPABILITY_SUPPORT_HOLD CAPABILITY_MERGE_CONFERENCE CAPABILITY_MUTE]], false, ComponentInfo{com.and | 
2015-10-09 18:37:53:755 | Backend.Receiver | Trace | roid.phone/com.android.services.telephony.TelephonyConnectionService}, [356a192b7913b04c54574d18c28d46e6395428ab], UserHandle{0} 0]
I/Telecom ( 1873): CallsManager:  entered manageMSimInCallTones 
I/Telecom ( 1873): CallsManager: setActiveSubscription = 1
I/ActivityManager( 1873): START u0 {act=android.intent.action.MAIN flg=0x10840000 cmp=com.android.dialer/com.android.incallui.InCallActivity (has extras)} from uid 10008 on display 0
D/VoldCmdListener(  190): cryptfs getpwtype
V/WindowManager( 1873): addAppToken: AppWindowToken{56d07a5 token=Token{22bd219c ActivityRecord{20ac1d0f u0 com.android.dialer/com.android.incallui.InCallActivity t1035}}} to stack=1 task=1035 at 0
D/VoldCmdListener(  190): cryptfs getpwtype
I/Telecom ( 1873): ProximitySensorManager: Acquiring proximity wake lock
D/VoldCmdListener(  190): cryptfs getpwtype
I/Telecom ( 1873): ProximitySensorManager: Proximity wake lock already acquired
I/DisplayManagerService( 1873): Display device changed: DisplayDeviceInfo{"Integrierter Bild | 
2015-10-09 18:37:53:793 | Backend.Converter.LogcatToLogConverter | Error | Could not read logcat data | System.ArgumentOutOfRangeException: Length cannot be less than zero.
Parameter name: length
   at System.String.Substring(Int32 startIndex, Int32 length)
   at Backend.Converter.LogcatToLogConverter.Convert(String text) in c:\Users\Daniel\Documents\GitHub\Loginator\Backend\Converter\LogcatToLogConverter.cs:line 70
2015-10-09 18:37:53:793 | Backend.Receiver | Trace | schirm": uniqueId="local:0", 1080 x 1920, 60.0 fps, supportedRefreshRates [60.0], density 480, 472.965 x 473.475 dpi, appVsyncOff 0, presDeadline 17666667, touch INTERNAL, rotation 0, type BUILT_IN, state OFF, FLAG_DEFAULT_DISPLAY, FLAG_ROTATES_WITH_CONTENT, FLAG_SECURE, FLAG_SUPPORTS_PROTECTED_BUFFERS}
V/ActivityManager( 1873): Display changed displayId=0
D/VoldCmdListener(  190): cryptfs getpwtype
D/VoldCmdListener(  190): cryptfs getpwtype
V/WindowManager( 1873): Adding window Window{890d146 u0 com.android.dialer/com.android.incallui.InCallActivity} at 5 of 9 (after Window{6b7c1b1 u0 com.android.dialer/com.android.incallui.CircularRevealActivity})
D/VoldCmdListener(  190): cryptfs getpwtype
D/VoldCmdListener(  190): cryptfs getpwtype
D/VoldCmdListener(  190): cryptfs getpwtype
D/VoldCmdListener(  190): cryptfs getpwtype
D/VoldCmdListener(  190): cryptfs getpwtype
D/TaskPersister( 1873): removeObsoleteFile: deleting file=1034_task_thumbnail.png
D/VoldCmdListener(  190): cryptfs getpwtype
I/Telec | 
2015-10-09 18:37:53:803 | Backend.Converter.LogcatToLogConverter | Error | Could not read logcat data | System.ArgumentOutOfRangeException: Length cannot be less than zero.
Parameter name: length
   at System.String.Substring(Int32 startIndex, Int32 length)
   at Backend.Converter.LogcatToLogConverter.Convert(String text) in c:\Users\Daniel\Documents\GitHub\Loginator\Backend\Converter\LogcatToLogConverter.cs:line 70
2015-10-09 18:37:53:803 | Backend.Receiver | Trace | om ( 1873): ProximitySensorManager: Proximity wake lock already acquired
D/VoldCmdListener(  190): cryptfs getpwtype
D/VoldCmdListener(  190): cryptfs getpwtype
I/DisplayPowerController( 1873): Blocking screen on until initial contents have been drawn.
D/VoldCmdListener(  190): cryptfs getpwtype
I/DisplayManagerService( 1873): Display device changed: DisplayDeviceInfo{"Integrierter Bildschirm": uniqueId="local:0", 1080 x 1920, 60.0 fps, supportedRefreshRates [60.0], density 480, 472.965 x 473.475 dpi, appVsyncOff 0, presDeadline 17666667, touch INTERNAL, rotation 0, type BUILT_IN, state ON, FLAG_DEFAULT_DISPLAY, FLAG_ROTATES_WITH_CONTENT, FLAG_SECURE, FLAG_SUPPORTS_PROTECTED_BUFFERS}
V/ActivityManager( 1873): Display changed displayId=0
D/VoldCmdListener(  190): cryptfs getpwtype
D/VoldCmdListener(  190): cryptfs getpwtype
D/VoldCmdListener(  190): cryptfs getpwtype
D/VoldCmdListener(  190): cryptfs getpwtype
D/VoldCmdListener(  190): cryptfs getpwtype
D/VoldCmdListener(  190): cryptfs getpwtype
 | 
2015-10-09 18:37:53:803 | Backend.Receiver | Trace | D/VoldCmdListener(  190): cryptfs getpwtype
D/VoldCmdListener(  190): cryptfs getpwtype
I/DisplayPowerController( 1873): Unblocked screen on after 364 ms
I/Telecom ( 1873): ProximitySensorManager: Proximity wake lock already acquired
D/VoldCmdListener(  190): cryptfs getpwtype
D/VoldCmdListener(  190): cryptfs getpwtype
D/VoldCmdListener(  190): cryptfs getpwtype
W/InputMethodManagerService( 1873): Window already focused, ignoring focus gain of: com.android.internal.view.IInputMethodClient$Stub$Proxy@15682415 attribute=null, token = android.os.BinderProxy@1d4b7921
I/Telecom ( 1873): ProximitySensorManager: Releasing proximity wake lock
I/Telecom ( 1873): Call: Send disconnect to connection service for call: [417992660, DIALING, com.android.phone/com.android.services.telephony.TelephonyConnectionService, *************, 0, childs(0), has_parent(false), [[Capabilities: CAPABILITY_SUPPORT_HOLD CAPABILITY_MERGE_CONFERENCE CAPABILITY_MUTE]], false, ComponentInfo{com.android.phone/com.android.services.telep | 
2015-10-09 18:37:53:803 | Backend.Receiver | Trace | hony.TelephonyConnectionService}, [356a192b7913b04c54574d18c28d46e6395428ab], UserHandle{0} 0]
D/VoldCmdListener(  190): cryptfs getpwtype
I/Telecom ( 1873): CallsManager: setCallState DIALING -> DISCONNECTED, call: [417992660, DIALING, com.android.phone/com.android.services.telephony.TelephonyConnectionService, *************, 0, childs(0), has_parent(false), [[Capabilities: CAPABILITY_SUPPORT_HOLD CAPABILITY_MERGE_CONFERENCE CAPABILITY_MUTE]], false, ComponentInfo{com.android.phone/com.android.services.telephony.TelephonyConnectionService}, [356a192b7913b04c54574d18c28d46e6395428ab], UserHandle{0} 0]
I/Telecom ( 1873): CallAudioManager: updateAudioStreamAndMode, mIsRinging: false, mIsTonePlaying: false
I/Telecom ( 1873): CallAudioManager: requestAudioFocusAndSetMode, stream: 0 -> 0, mode: 2
W/ContextImpl( 1873): Calling a method in the system process without a qualified user: android.app.ContextImpl.sendBroadcast:1381 android.content.ContextWrapper.sendBroadcast:388 com.android.server.telecom.CallLogMan | 
2015-10-09 18:37:53:803 | Backend.Receiver | Trace | ager.sendAddCallBroadcast:296 com.android.server.telecom.CallLogManager.logCall:185 com.android.server.telecom.CallLogManager.logCall:148 
I/Telecom ( 1873): CallAudioManager: updateAudioStreamAndMode, mIsRinging: false, mIsTonePlaying: true
I/Telecom ( 1873): CallAudioManager: requestAudioFocusAndSetMode, stream: 0 -> 0, mode: 2
I/Telecom ( 1873): CallAudioManager: updateAudioStreamAndMode, mIsRinging: false, mIsTonePlaying: true
I/Telecom ( 1873): CallAudioManager: requestAudioFocusAndSetMode, stream: 0 -> 0, mode: 2
I/Telecom ( 1873): InCallController: onCanAddCallChanged : true
I/Telecom ( 1873): CallsManager:  entered manageMSimInCallTones 
I/Telecom ( 1873): ConnectionServiceWrapper: Service unbound ComponentInfo{com.android.phone/com.android.services.telephony.TelephonyConnectionService}, from unbind.
I/Telecom ( 1873): InCallController: onCallRemoved: [417992660, DISCONNECTED, null, *************, 0, childs(0), has_parent(false), [[Capabilities: CAPABILITY_SUPPORT_HOLD CAPABILITY_MERGE_CONFERE | 
2015-10-09 18:37:53:803 | Backend.Receiver | Trace | NCE CAPABILITY_MUTE]], false, ComponentInfo{com.android.phone/com.android.services.telephony.TelephonyConnectionService}, [356a192b7913b04c54574d18c28d46e6395428ab], UserHandle{0} 0]
I/Telecom ( 1873): InCallController: Unbinding from InCallService %s
I/Telecom ( 1873): InCallController: Unbinding from InCallService %s
